Archive member included because of file (symbol)

/usr/lib/gcc/arm-none-eabi/4.8.2/../../../arm-none-eabi/lib/armv7-m/libc.a(lib_a-memcmp.o)
                              ../../src/KEYBOARD/report_protocol.o (memcmp)
/usr/lib/gcc/arm-none-eabi/4.8.2/../../../arm-none-eabi/lib/armv7-m/libc.a(lib_a-memcpy.o)
                              ../../src/CCID/CcidLocalAccess.o (memcpy)
/usr/lib/gcc/arm-none-eabi/4.8.2/../../../arm-none-eabi/lib/armv7-m/libc.a(lib_a-memmove.o)
                              ../../src/CRYPT/SHA1/sha1.o (memmove)
/usr/lib/gcc/arm-none-eabi/4.8.2/../../../arm-none-eabi/lib/armv7-m/libc.a(lib_a-memset.o)
                              ../../src/CRYPT/SHA1/sha1.o (memset)
/usr/lib/gcc/arm-none-eabi/4.8.2/../../../arm-none-eabi/lib/armv7-m/libc.a(lib_a-setjmp.o)
                              ../../src/main.o (setjmp)
/usr/lib/gcc/arm-none-eabi/4.8.2/../../../arm-none-eabi/lib/armv7-m/libc.a(lib_a-strcpy.o)
                              ../../src/CCID/CcidLocalAccess.o (strcpy)
/usr/lib/gcc/arm-none-eabi/4.8.2/../../../arm-none-eabi/lib/armv7-m/libc.a(lib_a-strlen.o)
                              ../../src/CCID/CcidLocalAccess.o (strlen)
/usr/lib/gcc/arm-none-eabi/4.8.2/armv7-m/libgcc.a(_aeabi_uldivmod.o)
                              ../../src/CRYPT/hotp.o (__aeabi_uldivmod)
/usr/lib/gcc/arm-none-eabi/4.8.2/armv7-m/libgcc.a(bpabi.o)
                              /usr/lib/gcc/arm-none-eabi/4.8.2/armv7-m/libgcc.a(_aeabi_uldivmod.o) (__gnu_uldivmod_helper)
/usr/lib/gcc/arm-none-eabi/4.8.2/armv7-m/libgcc.a(_dvmd_tls.o)
                              /usr/lib/gcc/arm-none-eabi/4.8.2/armv7-m/libgcc.a(_aeabi_uldivmod.o) (__aeabi_ldiv0)
/usr/lib/gcc/arm-none-eabi/4.8.2/armv7-m/libgcc.a(_divdi3.o)
                              /usr/lib/gcc/arm-none-eabi/4.8.2/armv7-m/libgcc.a(bpabi.o) (__divdi3)
/usr/lib/gcc/arm-none-eabi/4.8.2/armv7-m/libgcc.a(_udivdi3.o)
                              /usr/lib/gcc/arm-none-eabi/4.8.2/armv7-m/libgcc.a(bpabi.o) (__udivdi3)

Allocating common symbols
Common symbol       size              file

SaveRState          0x2               ../../src/STM/Libraries/STM32_USB-FS-Device_Driver/src/usb_int.o
UsbIntMessageBuffer
                    0x4               ../../src/CCID/Ccid_usb.o
InstructionByte     0x1               ../../src/CCID/Crd.o
HID_SetReport_Value
                    0x40              ../../src/CCID/CCIDHID_USB/CCIDHID_usb_prop.o
CBW                 0x20              ../../src/USB/usb_bot.o
CrdFlags            0x1               ../../src/CCID/Crd.o
CrdBufferSize       0x4               ../../src/CCID/Crd.o
temp_password       0x19              ../../src/KEYBOARD/report_protocol.o
UsbMessageFlags     0x1               ../../src/CCID/Ccid_usb.o
SaveState           0x2               ../../src/STM/Libraries/STM32_USB-FS-Device_Driver/src/usb_init.o
ProtocolValue       0x4               ../../src/CCID/CCIDHID_USB/CCIDHID_usb_prop.o
current_time        0x8               ../../src/main.o
SC_ATR_Table        0x28              ../../src/CCID/SMARTCARD/smartcard.o
wIstr               0x2               ../../src/USB/usb_istr.o
pProperty           0x4               ../../src/STM/Libraries/STM32_USB-FS-Device_Driver/src/usb_init.o
UsbMessageBuffer    0x160             ../../src/CCID/Ccid_usb.o
EPindex             0x1               ../../src/STM/Libraries/STM32_USB-FS-Device_Driver/src/usb_init.o
message             0x40              ../../src/CCID/CCIDHID_USB/CCIDHID_usb_prop.o
Data_Len            0x2               ../../src/USB/usb_bot.o
MASS_Device_Info    0x1c              ../../src/SD_DISK/SD_USB/usb_prop.o
Bot_State           0x1               ../../src/USB/usb_bot.o
SCSI_LBA            0x4               ../../src/USB/usb_bot.o
SaveTState          0x2               ../../src/STM/Libraries/STM32_USB-FS-Device_Driver/src/usb_int.o
Device_Info         0x4               ../../src/STM/Libraries/STM32_USB-FS-Device_Driver/src/usb_init.o
AbortSequenceNumber
                    0x1               ../../src/CCID/Ccid_usb.o
jmpRestartUSB       0x5c              ../../src/main.o
pUser_Standard_Requests
                    0x4               ../../src/STM/Libraries/STM32_USB-FS-Device_Driver/src/usb_init.o
BulkStatus          0x1               ../../src/CCID/Ccid_usb.o
CSW                 0x10              ../../src/USB/usb_bot.o
SCSI_BlkLen         0x4               ../../src/USB/usb_bot.o
StatusInfo          0x2               ../../src/STM/Libraries/STM32_USB-FS-Device_Driver/src/usb_core.o
pInformation        0x4               ../../src/STM/Libraries/STM32_USB-FS-Device_Driver/src/usb_init.o
CCID_Device_Info    0x1c              ../../src/CCID/CCIDHID_USB/CCIDHID_usb_prop.o
ResumeS             0x2               ../../src/USB/usb_pwr.o
Bulk_Data_Buff      0x40              ../../src/USB/usb_bot.o
page_buffer         0x3e8             ../../src/CRYPT/hotp.o
ProcedureByte       0x1               ../../src/CCID/Crd.o
[...]
Memory Configuration

Name             Origin             Length             Attributes
RAM              0x0000000020000000 0x0000000000005000 xrw
FLASH            0x0000000008000000 0x0000000000020000 xr
FLASHB1          0x0000000000000000 0x0000000000000000 xr
EXTMEMB0         0x0000000000000000 0x0000000000000000 xr
EXTMEMB1         0x0000000000000000 0x0000000000000000 xr
EXTMEMB2         0x0000000000000000 0x0000000000000000 xr
EXTMEMB3         0x0000000000000000 0x0000000000000000 xr
*default*        0x0000000000000000 0xffffffffffffffff

Linker script and memory map

LOAD ../../src/main.o
LOAD ../../src/hw_config.o
LOAD ../../src/test_code.o
LOAD ../../src/memory_ops.o
LOAD ../../src/CCID/Ccid_usb.o
LOAD ../../src/CCID/Ifd_protocol.o
LOAD ../../src/CCID/Crd.o
LOAD ../../src/CCID/Ifd_ccid.o
LOAD ../../src/CCID/CcidLocalAccess.o
LOAD ../../src/CCID/SMARTCARD/smartcard.o
LOAD ../../src/CCID/CCIDHID_USB/CCIDHID_usb_prop.o
LOAD ../../src/CCID/CCIDHID_USB/CCIDHID_usb_desc.o
LOAD ../../src/SD_DISK/SD_USB/usb_desc.o
LOAD ../../src/SD_DISK/SD_USB/usb_prop.o
LOAD ../../src/STM/stm32f10x_systick.o
LOAD ../../src/STM/stm32f10x_it.o
LOAD ../../src/STM/Libraries/CMSIS/Core/CM3/core_cm3.o
LOAD ../../src/STM/Libraries/CMSIS/Core/CM3/system_stm32f10x.o
LOAD ../../src/STM/Libraries/CMSIS/Core/CM3/startup/gcc/startup_stm32f10x_hd.o
LOAD ../../src/STM/Libraries/STM32F10x_StdPeriph_Driver/src/misc.o
LOAD ../../src/STM/Libraries/STM32F10x_StdPeriph_Driver/src/stm32f10x_adc.o
LOAD ../../src/STM/Libraries/STM32F10x_StdPeriph_Driver/src/stm32f10x_bkp.o
LOAD ../../src/STM/Libraries/STM32F10x_StdPeriph_Driver/src/stm32f10x_can.o
LOAD ../../src/STM/Libraries/STM32F10x_StdPeriph_Driver/src/stm32f10x_crc.o
LOAD ../../src/STM/Libraries/STM32F10x_StdPeriph_Driver/src/stm32f10x_dac.o
LOAD ../../src/STM/Libraries/STM32F10x_StdPeriph_Driver/src/stm32f10x_dbgmcu.o
LOAD ../../src/STM/Libraries/STM32F10x_StdPeriph_Driver/src/stm32f10x_dma.o
LOAD ../../src/STM/Libraries/STM32F10x_StdPeriph_Driver/src/stm32f10x_exti.o
LOAD ../../src/STM/Libraries/STM32F10x_StdPeriph_Driver/src/stm32f10x_flash.o
LOAD ../../src/STM/Libraries/STM32F10x_StdPeriph_Driver/src/stm32f10x_fsmc.o
LOAD ../../src/STM/Libraries/STM32F10x_StdPeriph_Driver/src/stm32f10x_gpio.o
LOAD ../../src/STM/Libraries/STM32F10x_StdPeriph_Driver/src/stm32f10x_i2c.o
LOAD ../../src/STM/Libraries/STM32F10x_StdPeriph_Driver/src/stm32f10x_iwdg.o
LOAD ../../src/STM/Libraries/STM32F10x_StdPeriph_Driver/src/stm32f10x_pwr.o
LOAD ../../src/STM/Libraries/STM32F10x_StdPeriph_Driver/src/stm32f10x_rcc.o
LOAD ../../src/STM/Libraries/STM32F10x_StdPeriph_Driver/src/stm32f10x_rtc.o
LOAD ../../src/STM/Libraries/STM32F10x_StdPeriph_Driver/src/stm32f10x_sdio.o
LOAD ../../src/STM/Libraries/STM32F10x_StdPeriph_Driver/src/stm32f10x_spi.o
LOAD ../../src/STM/Libraries/STM32F10x_StdPeriph_Driver/src/stm32f10x_tim.o
LOAD ../../src/STM/Libraries/STM32F10x_StdPeriph_Driver/src/stm32f10x_usart.o
LOAD ../../src/STM/Libraries/STM32F10x_StdPeriph_Driver/src/stm32f10x_wwdg.o
LOAD ../../src/STM/Libraries/STM32_USB-FS-Device_Driver/src/usb_core.o
LOAD ../../src/STM/Libraries/STM32_USB-FS-Device_Driver/src/usb_init.o
LOAD ../../src/STM/Libraries/STM32_USB-FS-Device_Driver/src/usb_int.o
LOAD ../../src/STM/Libraries/STM32_USB-FS-Device_Driver/src/usb_mem.o
LOAD ../../src/STM/Libraries/STM32_USB-FS-Device_Driver/src/usb_regs.o
LOAD ../../src/CRYPT/AES/aes.o
LOAD ../../src/CRYPT/SHA1/sha1.o
LOAD ../../src/CRYPT/SHA1/hmac-sha1.o
LOAD ../../src/CRYPT/hotp.o
LOAD ../../src/KEYBOARD/keyboard.o
LOAD ../../src/KEYBOARD/report_protocol.o
LOAD ../../src/USB/usb_endp.o
LOAD ../../src/USB/usb_bot.o
LOAD ../../src/USB/usb_pwr.o
LOAD ../../src/USB/usb_istr.o
LOAD /usr/lib/gcc/arm-none-eabi/4.8.2/../../../arm-none-eabi/lib/armv7-m/libc.a
LOAD /usr/lib/gcc/arm-none-eabi/4.8.2/../../../arm-none-eabi/lib/armv7-m/libm.a
LOAD /usr/lib/gcc/arm-none-eabi/4.8.2/../../../arm-none-eabi/lib/armv7-m/libc.a
LOAD /usr/lib/gcc/arm-none-eabi/4.8.2/armv7-m/libgcc.a
START GROUP
LOAD /usr/lib/gcc/arm-none-eabi/4.8.2/armv7-m/libgcc.a
LOAD /usr/lib/gcc/arm-none-eabi/4.8.2/../../../arm-none-eabi/lib/armv7-m/libg.a
LOAD /usr/lib/gcc/arm-none-eabi/4.8.2/../../../arm-none-eabi/lib/armv7-m/libc.a
END GROUP
                0x0000000000000400                __Stack_Size = 0x400
                0x0000000000000400                PROVIDE (_Stack_Size, __Stack_Size)
                0x0000000020004c00                __Stack_Init = (_estack - __Stack_Size)
                0x0000000020004c00                PROVIDE (_Stack_Init, __Stack_Init)
                0x0000000000000100                _Minimum_Stack_Size = 0x100
                0x0000000000000000                PROVIDE (Undefined_Handler, 0x0)
                0x0000000000000000                PROVIDE (SWI_Handler, 0x0)
                0x0000000000000000                PROVIDE (IRQ_Handler, 0x0)
                0x0000000000000000                PROVIDE (Prefetch_Handler, 0x0)
                0x0000000000000000                PROVIDE (Abort_Handler, 0x0)
                0x0000000000000000                PROVIDE (FIQ_Handler, 0x0)
                0x0000000000000000                PROVIDE (NMIException, 0x0)
                0x0000000000000000                PROVIDE (HardFaultException, 0x0)
                0x0000000000000000                PROVIDE (MemManageException, 0x0)
                0x0000000000000000                PROVIDE (BusFaultException, 0x0)
                0x0000000000000000                PROVIDE (UsageFaultException, 0x0)
                0x0000000000000000                PROVIDE (SVCHandler, 0x0)
                0x0000000000000000                PROVIDE (DebugMonitor, 0x0)
                0x0000000000000000                PROVIDE (PendSVC, 0x0)
                0x0000000000000000                PROVIDE (SysTickHandler, 0x0)
                0x0000000000000000                PROVIDE (WWDG_IRQHandler, 0x0)
                0x0000000000000000                PROVIDE (PVD_IRQHandler, 0x0)
                0x0000000000000000                PROVIDE (TAMPER_IRQHandler, 0x0)
                0x0000000000000000                PROVIDE (RTC_IRQHandler, 0x0)
                0x0000000000000000                PROVIDE (FLASH_IRQHandler, 0x0)
                0x0000000000000000                PROVIDE (RCC_IRQHandler, 0x0)
                0x0000000000000000                PROVIDE (EXTI0_IRQHandler, 0x0)
                0x0000000000000000                PROVIDE (EXTI1_IRQHandler, 0x0)
                0x0000000000000000                PROVIDE (EXTI2_IRQHandler, 0x0)
                0x0000000000000000                PROVIDE (EXTI3_IRQHandler, 0x0)
                0x0000000000000000                PROVIDE (EXTI4_IRQHandler, 0x0)
                0x0000000000000000                PROVIDE (DMAChannel1_IRQHandler, 0x0)
                0x0000000000000000                PROVIDE (DMAChannel2_IRQHandler, 0x0)
                0x0000000000000000                PROVIDE (DMAChannel3_IRQHandler, 0x0)
                0x0000000000000000                PROVIDE (DMAChannel4_IRQHandler, 0x0)
                0x0000000000000000                PROVIDE (DMAChannel5_IRQHandler, 0x0)
                0x0000000000000000                PROVIDE (DMAChannel6_IRQHandler, 0x0)
                0x0000000000000000                PROVIDE (DMAChannel7_IRQHandler, 0x0)
                0x0000000000000000                PROVIDE (ADC_IRQHandler, 0x0)
                0x0000000000000000                PROVIDE (USB_HP_CAN_TX_IRQHandler, 0x0)
                0x0000000000000000                PROVIDE (USB_LP_CAN_RX0_IRQHandler, 0x0)
                0x0000000000000000                PROVIDE (CAN_RX1_IRQHandler, 0x0)
                0x0000000000000000                PROVIDE (CAN_SCE_IRQHandler, 0x0)
                0x0000000000000000                PROVIDE (EXTI9_5_IRQHandler, 0x0)
                0x0000000000000000                PROVIDE (TIM1_BRK_IRQHandler, 0x0)
                0x0000000000000000                PROVIDE (TIM1_UP_IRQHandler, 0x0)
                0x0000000000000000                PROVIDE (TIM1_TRG_COM_IRQHandler, 0x0)
                0x0000000000000000                PROVIDE (TIM1_CC_IRQHandler, 0x0)
                0x0000000000000000                PROVIDE (TIM2_IRQHandler, 0x0)
                0x0000000000000000                PROVIDE (TIM3_IRQHandler, 0x0)
                0x0000000000000000                PROVIDE (TIM4_IRQHandler, 0x0)
                0x0000000000000000                PROVIDE (I2C1_EV_IRQHandler, 0x0)
                0x0000000000000000                PROVIDE (I2C1_ER_IRQHandler, 0x0)
                0x0000000000000000                PROVIDE (I2C2_EV_IRQHandler, 0x0)
                0x0000000000000000                PROVIDE (I2C2_ER_IRQHandler, 0x0)
                0x0000000000000000                PROVIDE (SPI1_IRQHandler, 0x0)
                0x0000000000000000                PROVIDE (SPI2_IRQHandler, 0x0)
                0x0000000000000000                PROVIDE (USART1_IRQHandler, 0x0)
                0x0000000000000000                PROVIDE (USART2_IRQHandler, 0x0)
                0x0000000000000000                PROVIDE (USART3_IRQHandler, 0x0)
                0x0000000000000000                PROVIDE (EXTI15_10_IRQHandler, 0x0)
                0x0000000000000000                PROVIDE (RTCAlarm_IRQHandler, 0x0)
                0x0000000000000000                PROVIDE (USBWakeUp_IRQHandler, 0x0)
                0x0000000042000000                PERIPH_BB_BASE = 0x42000000
                0x0000000022000000                SRAM_BB_BASE = 0x22000000
                0x0000000020000000                SRAM_BASE = 0x20000000
                0x0000000040000000                PERIPH_BASE = 0x40000000
                0x0000000040022000                PROVIDE (FLASH_BASE, 0x40022000)
                0x000000001ffff800                PROVIDE (OB_BASE, 0x1ffff800)
                0x0000000040000000                APB1PERIPH_BASE = PERIPH_BASE
                0x0000000040010000                APB2PERIPH_BASE = (PERIPH_BASE + 0x10000)
                0x0000000040020000                AHBPERIPH_BASE = (PERIPH_BASE + 0x20000)
                0x0000000040000000                PROVIDE (TIM2, (APB1PERIPH_BASE + 0x0))
                0x0000000040000400                PROVIDE (TIM3, (APB1PERIPH_BASE + 0x400))
                0x0000000040000800                PROVIDE (TIM4, (APB1PERIPH_BASE + 0x800))
                0x0000000040002800                PROVIDE (RTC, (APB1PERIPH_BASE + 0x2800))
                0x0000000040002c00                PROVIDE (WWDG, (APB1PERIPH_BASE + 0x2c00))
                0x0000000040003000                PROVIDE (IWDG, (APB1PERIPH_BASE + 0x3000))
                0x0000000040003800                PROVIDE (SPI2, (APB1PERIPH_BASE + 0x3800))
                0x0000000040004400                PROVIDE (USART2, (APB1PERIPH_BASE + 0x4400))
                0x0000000040004800                PROVIDE (USART3, (APB1PERIPH_BASE + 0x4800))
                0x0000000040005400                PROVIDE (I2C1, (APB1PERIPH_BASE + 0x5400))
                0x0000000040005800                PROVIDE (I2C2, (APB1PERIPH_BASE + 0x5800))
                0x0000000040006400                PROVIDE (CAN, (APB1PERIPH_BASE + 0x6400))
                0x0000000040006c00                PROVIDE (BKP, (APB1PERIPH_BASE + 0x6c00))
                0x0000000040007000                PROVIDE (PWR, (APB1PERIPH_BASE + 0x7000))
                0x0000000040010000                PROVIDE (AFIO, (APB2PERIPH_BASE + 0x0))
                0x0000000040010400                PROVIDE (EXTI, (APB2PERIPH_BASE + 0x400))
                0x0000000040010800                PROVIDE (GPIOA, (APB2PERIPH_BASE + 0x800))
                0x0000000040010c00                PROVIDE (GPIOB, (APB2PERIPH_BASE + 0xc00))
                0x0000000040011000                PROVIDE (GPIOC, (APB2PERIPH_BASE + 0x1000))
                0x0000000040011400                PROVIDE (GPIOD, (APB2PERIPH_BASE + 0x1400))
                0x0000000040011800                PROVIDE (GPIOE, (APB2PERIPH_BASE + 0x1800))
                0x0000000040012400                PROVIDE (ADC1, (APB2PERIPH_BASE + 0x2400))
                0x0000000040012800                PROVIDE (ADC2, (APB2PERIPH_BASE + 0x2800))
                0x0000000040012c00                PROVIDE (TIM1, (APB2PERIPH_BASE + 0x2c00))
                0x0000000040013000                PROVIDE (SPI1, (APB2PERIPH_BASE + 0x3000))
                0x0000000040013800                PROVIDE (USART1, (APB2PERIPH_BASE + 0x3800))
                0x0000000040020000                PROVIDE (DMA, (AHBPERIPH_BASE + 0x0))
                0x0000000040020008                PROVIDE (DMA_Channel1, (AHBPERIPH_BASE + 0x8))
                0x000000004002001c                PROVIDE (DMA_Channel2, (AHBPERIPH_BASE + 0x1c))
                0x0000000040020030                PROVIDE (DMA_Channel3, (AHBPERIPH_BASE + 0x30))
                0x0000000040020044                PROVIDE (DMA_Channel4, (AHBPERIPH_BASE + 0x44))
                0x0000000040020058                PROVIDE (DMA_Channel5, (AHBPERIPH_BASE + 0x58))
                0x000000004002006c                PROVIDE (DMA_Channel6, (AHBPERIPH_BASE + 0x6c))
                0x0000000040020080                PROVIDE (DMA_Channel7, (AHBPERIPH_BASE + 0x80))
                0x0000000040021000                PROVIDE (RCC, (AHBPERIPH_BASE + 0x1000))
                0x00000000e000e000                SCS_BASE = 0xe000e000
                0x00000000e000e010                PROVIDE (SysTick, (SCS_BASE + 0x10))
                0x00000000e000e100                PROVIDE (NVIC, (SCS_BASE + 0x100))
                0x00000000e000ed00                PROVIDE (SCB, (SCS_BASE + 0xd00))
                0x0000000020005000                _estack = 0x20005000

.isr_vector     0x0000000008000000      0x1e4
                0x0000000008000000                . = ALIGN (0x4)
 *(.isr_vector)
 .isr_vector    0x0000000008000000      0x1e4 ../../src/STM/Libraries/CMSIS/Core/CM3/startup/gcc/startup_stm32f10x_hd.o
                0x0000000008000000                g_pfnVectors
                0x00000000080001e4                . = ALIGN (0x4)

.ARM.extab      0x00000000080001e4        0x0
 .ARM.extab     0x00000000080001e4        0x0 /usr/lib/gcc/arm-none-eabi/4.8.2/armv7-m/libgcc.a(_divdi3.o)
 .ARM.extab     0x00000000080001e4        0x0 /usr/lib/gcc/arm-none-eabi/4.8.2/armv7-m/libgcc.a(_udivdi3.o)

.ARM.exidx      0x00000000080001e4        0x8
 .ARM.exidx     0x00000000080001e4        0x8 /usr/lib/gcc/arm-none-eabi/4.8.2/armv7-m/libgcc.a(_divdi3.o)
 .ARM.exidx     0x00000000080001ec        0x0 /usr/lib/gcc/arm-none-eabi/4.8.2/armv7-m/libgcc.a(_udivdi3.o)
                                          0x8 (size before relaxing)

.flashtext      0x00000000080001ec        0x0
                0x00000000080001ec                . = ALIGN (0x4)
 *(.flashtext)
                0x00000000080001ec                . = ALIGN (0x4)

.text           0x00000000080001f0     0xb28c
                0x00000000080001f0                . = ALIGN (0x4)
 *(.text)
 .text          0x00000000080001f0       0x58 ../../src/main.o
                0x00000000080001f0                test2
                0x0000000008000218                Test1
 .text          0x0000000008000248      0x3d8 ../../src/hw_config.o
                0x0000000008000248                DisableFirmwareDownloadPort
                0x000000000800027c                DisableSmartcardLED
                0x0000000008000280                EnableSmartcardLED
                0x00000000080002b0                EnableOATHLED
                0x00000000080002e0                EnableButton
                0x0000000008000310                EnableTimer2
                0x0000000008000374                ReadButton
                0x0000000008000384                SwitchSmartcardLED
                0x000000000800039c                SwitchOATHLED
                0x00000000080003b4                StartBlinkingOATHLED
                0x00000000080003c4                Set_USBClock
                0x00000000080003dc                Enter_LowPowerMode
                0x00000000080003ec                Leave_LowPowerMode
                0x0000000008000418                USB_Interrupts_Config
                0x0000000008000474                USB_Cable_Config
                0x0000000008000498                HexToAscii
                0x00000000080004a4                Get_SerialNum
                0x00000000080005a4                RCC_Config
                0x00000000080005a8                MAL_Config
                0x00000000080005b4                USB_Disconnect_Config
                0x00000000080005ec                Set_System
 .text          0x0000000008000620        0x0 ../../src/test_code.o
 .text          0x0000000008000620       0x50 ../../src/memory_ops.o
                0x0000000008000620                getu16
                0x000000000800062c                getu32
                0x0000000008000644                getu64
 .text          0x0000000008000670      0x5d8 ../../src/CCID/Ccid_usb.o
                0x0000000008000670                CCID_Init
                0x00000000080006a8                CCID_Init_IT
                0x00000000080006f8                CCID_Suspend_IT
                0x0000000008000748                CCID_Bot_Abort
                0x0000000008000788                CCID_Storage_Out
                0x00000000080007b0                CCID_BulkOutMessage
                0x0000000008000920                CCID_BulkInMessage
                0x0000000008000a2c                CCID_DispatchMessage
                0x0000000008000ae4                CCID_IntMessage
                0x0000000008000be4                CcidClassRequestAbort
                0x0000000008000be8                CcidClassRequestGetClockFrequencies
                0x0000000008000bec                CcidClassRequestGetDataRates
                0x0000000008000bf0                CCID_SendCardDetect
                0x0000000008000c0c                CCID_CheckUsbCommunication
                0x0000000008000c30                CCID_SetCardState
                0x0000000008000c3c                CCID_GetCardState
 .text          0x0000000008000c48      0x464 ../../src/CCID/Ifd_protocol.o
                0x0000000008000c48                IFD_Init
                0x0000000008000c98                IFD_ApplyParametersStructure
                0x0000000008000d30                IFD_UpdateConvParameterStructure
                0x0000000008000d54                GetExpectedAnswerSizeFromAPDU
                0x0000000008000d80                IFD_XfrCharT0
                0x0000000008000e24                IFD_XfrBlock
                0x0000000008000ecc                IFD_XfrCharT1
                0x0000000008000ed0                IFD_XfrTpduT0
                0x0000000008000ed4                IFD_XfrTpduT1
                0x0000000008000ed8                IFD_GetParameters
                0x0000000008000f04                IFD_SetParameters
                0x0000000008000fc4                IFD_EscapeSendHwName
                0x0000000008000ff0                IFD_Escape
                0x0000000008001030                IFD_SetClock
                0x000000000800104c                IFD_SetATRData
 .text          0x00000000080010ac      0x2b8 ../../src/CCID/Crd.o
                0x00000000080010ac                CRD_Init
                0x00000000080010bc                CRD_GetHwError
                0x00000000080010ec                CRD_VccOn
                0x000000000800110c                CRD_VccOff
                0x0000000008001110                CRD_VccOff_IT
                0x0000000008001114                CRD_SetMode
                0x0000000008001118                CRD_SetConvention
                0x000000000800111c                CRD_GetSlotStatus
                0x0000000008001120                CRD_GetConvention
                0x0000000008001124                CRD_GetClockStatus
                0x0000000008001128                CRD_SetClock
                0x000000000800112c                CRD_SetEtu
                0x000000000800113c                CRD_SetGuardTime
                0x0000000008001140                CRD_SetWaitingTime
                0x0000000008001144                CRD_StartWaitingTime
                0x0000000008001158                CRD_StopWaitingTime
                0x000000000800115c                CRD_WaitingTime
                0x0000000008001174                CRD_InitReceive
                0x00000000080011ac                CRD_CharRepeatOn
                0x00000000080011b0                CRD_CharRepeatOff
                0x00000000080011c4                CRD_EndReceive
                0x00000000080011d0                CRD_InitTransmit
                0x00000000080011fc                CRD_NumberOfBytesToTransmit
                0x0000000008001208                CRD_EndTransmit
                0x0000000008001214                ICC_ResetAsync
                0x0000000008001248                ICC_SendCommandAsync
                0x00000000080012e0                ICC_ReceiveAnswerAsync
 .text          0x0000000008001364      0x524 ../../src/CCID/Ifd_ccid.o
                0x0000000008001364                PC_to_RDR_IccPowerOn
                0x00000000080013ac                PC_to_RDR_IccPowerOff
                0x00000000080013b0                PC_to_RDR_GetSlotStatus
                0x0000000008001400                PC_to_RDR_XfrBlock
                0x0000000008001488                PC_to_RDR_GetParameters
                0x00000000080014e0                PC_to_RDR_ResetParameters
                0x000000000800154c                PC_to_RDR_SetParameters
                0x00000000080015d4                PC_to_RDR_Escape
                0x000000000800165c                PC_to_RDR_IccClock
                0x00000000080016b8                PC_to_RDR_Abort
                0x0000000008001720                RDR_to_PC_DataBlock
                0x0000000008001754                RDR_to_PC_SlotStatus
                0x0000000008001788                RDR_to_PC_SlotStatus_CardStopped
                0x00000000080017a0                RDR_to_PC_Parameters
                0x00000000080017e8                RDR_to_PC_Escape
                0x000000000800181c                CmdNotSupported
                0x0000000008001840                RDR_to_PC_NotifySlotChange
                0x0000000008001860                RDR_to_PC_HardwareError
 .text          0x0000000008001888      0x4f8 ../../src/CCID/CcidLocalAccess.o
                0x0000000008001888                InitSCTStruct
                0x0000000008001894                GenerateCRC
                0x00000000080018b4                GenerateTPDU
                0x000000000800190c                GenerateChainedTPDU
                0x0000000008001938                SendTPDU
                0x00000000080019a8                SendAPDU
                0x00000000080019f0                CcidSelectOpenPGPApp
                0x0000000008001a38                CcidGetData
                0x0000000008001a64                CcidVerifyPin
                0x0000000008001aa4                CcidDecipher
                0x0000000008001b08                AccessTestGPG
                0x0000000008001c34                CcidLocalAccessTest
                0x0000000008001c54                getAID
                0x0000000008001c84                getSerialNumber
                0x0000000008001cb0                getByteOfData
                0x0000000008001cc0                cardAuthenticate
                0x0000000008001cec                userAuthenticate
                0x0000000008001d18                getPasswordRetryCount
                0x0000000008001d4c                getUserPasswordRetryCount
 .text          0x0000000008001d80      0xe40 ../../src/CCID/SMARTCARD/smartcard.o
                0x0000000008001e60                GPIO_Configuration_Smartcard
                0x0000000008001e88                SmartcardOn
                0x0000000008001ea8                SmartcardOff
                0x0000000008001ec8                Delay
                0x0000000008001ee4                Delay_noUSBCheck
                0x0000000008001ef8                SC_PowerCmd
                0x0000000008001f6c                SC_Reset
                0x0000000008001f7c                SC_ParityErrorHandler
                0x0000000008001fa8                SC_SetHwParams
                0x000000000800202c                SC_PTSConfig
                0x00000000080022c0                SC_Init
                0x000000000800246c                SC_Handler
                0x00000000080028dc                WaitForATR
                0x000000000800293c                CRD_SendCommand
                0x0000000008002a40                InvalidateATR
                0x0000000008002a50                initSCHardware
                0x0000000008002b64                RestartSmartcard
                0x0000000008002b80                SmartCardInitInterface
 .text          0x0000000008002bc0      0x520 ../../src/CCID/CCIDHID_USB/CCIDHID_usb_prop.o
                0x0000000008002bc0                USB_CCID_Storage_SetDeviceAddress
                0x0000000008002bd0                USB_CCID_Status_Out
                0x0000000008002bd4                USB_CCID_Data_Setup
                0x0000000008002c84                USB_CCID_NoData_Setup
                0x0000000008002cb0                USB_CCID_Get_Interface_Setting
                0x0000000008002cc0                Keyboard_GetProtocolValue
                0x0000000008002cdc                Keyboard_GetReport_Feature
                0x0000000008002d2c                Keyboard_SetReport_Feature
                0x0000000008002d48                Keyboard_SetReport_Output
                0x0000000008002d64                USB_CCID_init
                0x0000000008002dac                USB_CCID_Reset
                0x0000000008002ef4                USB_CCID_GetDeviceDescriptor
                0x0000000008002f04                USB_CCID_GetConfigDescriptor
                0x0000000008002f14                USB_CCID_GetStringDescriptor
                0x0000000008002f38                Keyboard_GetReportDescriptor
                0x0000000008002f44                Keyboard_GetHIDDescriptor
                0x0000000008002f50                USB_CCID_Status_In
                0x0000000008003064                USB_CCID_Storage_SetConfiguration
                0x00000000080030a8                USB_CCID_Get_Max_Lun
                0x00000000080030c4                Keyboard_SetProtocol
 .text          0x00000000080030e0        0x0 ../../src/CCID/CCIDHID_USB/CCIDHID_usb_desc.o
 .text          0x00000000080030e0        0x0 ../../src/SD_DISK/SD_USB/usb_desc.o
 .text          0x00000000080030e0      0x2bc ../../src/SD_DISK/SD_USB/usb_prop.o
                0x00000000080030e0                Mass_Storage_SetDeviceAddress
                0x00000000080030f0                MASS_Status_In
                0x00000000080030f4                MASS_Status_Out
                0x00000000080030f8                MASS_Get_Interface_Setting
                0x0000000008003104                Get_Max_Lun
                0x0000000008003120                MASS_init
                0x0000000008003168                MASS_Reset
                0x0000000008003268                Mass_Storage_ClearFeature
                0x0000000008003288                MASS_GetDeviceDescriptor
                0x0000000008003298                MASS_GetConfigDescriptor
                0x00000000080032a8                MASS_GetStringDescriptor
                0x00000000080032d0                Mass_Storage_SetConfiguration
                0x0000000008003308                MASS_NoData_Setup
                0x0000000008003360                MASS_Data_Setup
 .text          0x000000000800339c       0x7c ../../src/STM/stm32f10x_systick.o
                0x000000000800339c                SysTick_SetReload
                0x00000000080033a8                SysTick_CounterCmd
                0x00000000080033d4                SysTick_ITConfig
                0x00000000080033f0                SysTick_GetCounter
                0x00000000080033fc                SysTick_GetFlagStatus
 .text          0x0000000008003418       0xf8 ../../src/STM/stm32f10x_it.o
                0x0000000008003418                NMI_Handler
                0x000000000800341c                HardFault_Handler
                0x0000000008003420                MemManage_Handler
                0x0000000008003424                BusFault_Handler
                0x0000000008003428                UsageFault_Handler
                0x000000000800342c                SVC_Handler
                0x0000000008003430                DebugMon_Handler
                0x0000000008003434                PendSV_Handler
                0x0000000008003438                SysTick_Handler
                0x000000000800347c                USB_HP_CAN1_TX_IRQHandler
                0x0000000008003480                USB_LP_CAN1_RX0_IRQHandler
                0x0000000008003484                SDIO_IRQHandler
                0x0000000008003488                TIM2_IRQHandler
 .text          0x0000000008003510       0xa4 ../../src/STM/Libraries/CMSIS/Core/CM3/core_cm3.o
                0x0000000008003510                __get_PSP
                0x0000000008003518                __set_PSP
                0x0000000008003520                __get_MSP
                0x0000000008003528                __set_MSP
                0x0000000008003530                __get_BASEPRI
                0x0000000008003538                __set_BASEPRI
                0x0000000008003540                __get_PRIMASK
                0x0000000008003548                __set_PRIMASK
                0x0000000008003550                __get_FAULTMASK
                0x0000000008003558                __set_FAULTMASK
                0x0000000008003560                __REV
                0x0000000008003564                __REV16
                0x0000000008003568                __REVSH
                0x000000000800356c                __RBIT
                0x0000000008003574                __LDREXB
                0x000000000800357c                __LDREXH
                0x0000000008003584                __LDREXW
                0x000000000800358c                __STREXB
                0x0000000008003594                __STREXH
                0x000000000800359c                __STREXW
                0x00000000080035a4                __get_CONTROL
                0x00000000080035ac                __set_CONTROL
 .text          0x00000000080035b4      0x108 ../../src/STM/Libraries/CMSIS/Core/CM3/system_stm32f10x.o
                0x00000000080035b4                SystemInit
 .text          0x00000000080036bc       0xec ../../src/STM/Libraries/CMSIS/Core/CM3/startup/gcc/startup_stm32f10x_hd.o
                0x00000000080036bc                EXTI2_IRQHandler
                0x00000000080036bc                TIM8_TRG_COM_IRQHandler
                0x00000000080036bc                TIM8_CC_IRQHandler
                0x00000000080036bc                TIM1_CC_IRQHandler
                0x00000000080036bc                TIM6_IRQHandler
                0x00000000080036bc                PVD_IRQHandler
                0x00000000080036bc                EXTI3_IRQHandler
                0x00000000080036bc                EXTI0_IRQHandler
                0x00000000080036bc                I2C2_EV_IRQHandler
                0x00000000080036bc                ADC1_2_IRQHandler
                0x00000000080036bc                SPI1_IRQHandler
                0x00000000080036bc                TAMPER_IRQHandler
                0x00000000080036bc                TIM8_UP_IRQHandler
                0x00000000080036bc                DMA2_Channel2_IRQHandler
                0x00000000080036bc                DMA1_Channel4_IRQHandler
                0x00000000080036bc                USART3_IRQHandler
                0x00000000080036bc                RTC_IRQHandler
                0x00000000080036bc                DMA1_Channel7_IRQHandler
                0x00000000080036bc                CAN1_RX1_IRQHandler
                0x00000000080036bc                UART5_IRQHandler
                0x00000000080036bc                ADC3_IRQHandler
                0x00000000080036bc                TIM4_IRQHandler
                0x00000000080036bc                DMA2_Channel1_IRQHandler
                0x00000000080036bc                I2C1_EV_IRQHandler
                0x00000000080036bc                DMA1_Channel6_IRQHandler
                0x00000000080036bc                UART4_IRQHandler
                0x00000000080036bc                TIM3_IRQHandler
                0x00000000080036bc                RCC_IRQHandler
                0x00000000080036bc                TIM1_TRG_COM_IRQHandler
                0x00000000080036bc                DMA1_Channel1_IRQHandler
                0x00000000080036bc                Default_Handler
                0x00000000080036bc                EXTI15_10_IRQHandler
                0x00000000080036bc                TIM7_IRQHandler
                0x00000000080036bc                TIM5_IRQHandler
                0x00000000080036bc                EXTI9_5_IRQHandler
                0x00000000080036bc                SPI2_IRQHandler
                0x00000000080036bc                DMA1_Channel5_IRQHandler
                0x00000000080036bc                EXTI4_IRQHandler
                0x00000000080036bc                DMA1_Channel3_IRQHandler
                0x00000000080036bc                FSMC_IRQHandler
                0x00000000080036bc                TIM1_UP_IRQHandler
                0x00000000080036bc                WWDG_IRQHandler
                0x00000000080036bc                TIM1_BRK_IRQHandler
                0x00000000080036bc                EXTI1_IRQHandler
                0x00000000080036bc                RTCAlarm_IRQHandler
                0x00000000080036bc                DMA2_Channel4_5_IRQHandler
                0x00000000080036bc                USART2_IRQHandler
                0x00000000080036bc                I2C2_ER_IRQHandler
                0x00000000080036bc                DMA1_Channel2_IRQHandler
                0x00000000080036bc                TIM8_BRK_IRQHandler
                0x00000000080036bc                CAN1_SCE_IRQHandler
                0x00000000080036bc                FLASH_IRQHandler
                0x00000000080036bc                USART1_IRQHandler
                0x00000000080036bc                SPI3_IRQHandler
                0x00000000080036bc                I2C1_ER_IRQHandler
                0x00000000080036bc                USBWakeUp_IRQHandler
                0x00000000080036bc                DMA2_Channel3_IRQHandler
                0x00000000080036c0                __Init_Data
                0x0000000008003724                SystemInit_ExtMemCtl_Dummy
                0x0000000008003724                SystemInit_ExtMemCtl
                0x0000000008003728                Reset_Handler
 .text          0x00000000080037a8       0xdc ../../src/STM/Libraries/STM32F10x_StdPeriph_Driver/src/misc.o
                0x00000000080037a8                NVIC_PriorityGroupConfig
                0x00000000080037bc                NVIC_Init
                0x0000000008003834                NVIC_SetVectorTable
                0x000000000800384c                NVIC_SystemLPConfig
                0x0000000008003868                SysTick_CLKSourceConfig
 .text          0x0000000008003884      0x388 ../../src/STM/Libraries/STM32F10x_StdPeriph_Driver/src/stm32f10x_adc.o
                0x0000000008003884                ADC_DeInit
                0x00000000080038f4                ADC_Init
                0x0000000008003940                ADC_StructInit
                0x0000000008003954                ADC_Cmd
                0x0000000008003968                ADC_DMACmd
                0x000000000800397c                ADC_ITConfig
                0x0000000008003990                ADC_ResetCalibration
                0x000000000800399c                ADC_GetResetCalibrationStatus
                0x00000000080039a4                ADC_StartCalibration
                0x00000000080039b0                ADC_GetCalibrationStatus
                0x00000000080039b8                ADC_SoftwareStartConvCmd
                0x00000000080039cc                ADC_GetSoftwareStartConvStatus
                0x00000000080039d4                ADC_DiscModeChannelCountConfig
                0x00000000080039e4                ADC_DiscModeCmd
                0x00000000080039f8                ADC_RegularChannelConfig
                0x0000000008003a94                ADC_ExternalTrigConvCmd
                0x0000000008003aa8                ADC_GetConversionValue
                0x0000000008003ab0                ADC_GetDualModeConversionValue
                0x0000000008003abc                ADC_AutoInjectedConvCmd
                0x0000000008003ad0                ADC_InjectedDiscModeCmd
                0x0000000008003ae4                ADC_ExternalTrigInjectedConvConfig
                0x0000000008003af0                ADC_ExternalTrigInjectedConvCmd
                0x0000000008003b04                ADC_SoftwareStartInjectedConvCmd
                0x0000000008003b18                ADC_GetSoftwareStartInjectedConvCmdStatus
                0x0000000008003b20                ADC_InjectedChannelConfig
                0x0000000008003b7c                ADC_InjectedSequencerLengthConfig
                0x0000000008003b8c                ADC_SetInjectedOffset
                0x0000000008003b90                ADC_GetInjectedConversionValue
                0x0000000008003b98                ADC_AnalogWatchdogCmd
                0x0000000008003ba8                ADC_AnalogWatchdogThresholdsConfig
                0x0000000008003bb0                ADC_AnalogWatchdogSingleChannelConfig
                0x0000000008003bbc                ADC_TempSensorVrefintCmd
                0x0000000008003bd8                ADC_GetFlagStatus
                0x0000000008003be4                ADC_ClearFlag
                0x0000000008003bec                ADC_GetITStatus
                0x0000000008003c04                ADC_ClearITPendingBit
 .text          0x0000000008003c0c       0xcc ../../src/STM/Libraries/STM32F10x_StdPeriph_Driver/src/stm32f10x_bkp.o
                0x0000000008003c0c                BKP_DeInit
                0x0000000008003c20                BKP_TamperPinLevelConfig
                0x0000000008003c2c                BKP_TamperPinCmd
                0x0000000008003c38                BKP_ITConfig
                0x0000000008003c44                BKP_RTCOutputConfig
                0x0000000008003c5c                BKP_SetRTCCalibrationValue
                0x0000000008003c74                BKP_WriteBackupRegister
                0x0000000008003c80                BKP_ReadBackupRegister
                0x0000000008003c90                BKP_GetFlagStatus
                0x0000000008003ca0                BKP_ClearFlag
                0x0000000008003cb4                BKP_GetITStatus
                0x0000000008003cc4                BKP_ClearITPendingBit
 .text          0x0000000008003cd8      0x664 ../../src/STM/Libraries/STM32F10x_StdPeriph_Driver/src/stm32f10x_can.o
                0x0000000008003cd8                CAN_DeInit
                0x0000000008003d00                CAN_Init
                0x0000000008003de0                CAN_FilterInit
                0x0000000008003f10                CAN_StructInit
                0x0000000008003f38                CAN_ITConfig
                0x0000000008003f4c                CAN_Transmit
                0x0000000008004018                CAN_TransmitStatus
                0x00000000080040a0                CAN_CancelTransmit
                0x00000000080040cc                CAN_FIFORelease
                0x00000000080040d8                CAN_MessagePending
                0x00000000080040f0                CAN_Receive
                0x0000000008004180                CAN_DBGFreeze
                0x0000000008004194                CAN_Sleep
                0x00000000080041b4                CAN_WakeUp
                0x00000000080041e0                CAN_GetFlagStatus
                0x00000000080041ec                CAN_ClearFlag
                0x00000000080041f8                CAN_GetITStatus
                0x000000000800429c                CAN_ClearITPendingBit
 .text          0x000000000800433c       0x68 ../../src/STM/Libraries/STM32F10x_StdPeriph_Driver/src/stm32f10x_crc.o
                0x000000000800433c                CRC_ResetDR
                0x000000000800434c                CRC_CalcCRC
                0x000000000800435c                CRC_CalcBlockCRC
                0x0000000008004380                CRC_GetCRC
                0x000000000800438c                CRC_SetIDRegister
                0x0000000008004398                CRC_GetIDRegister
 .text          0x00000000080043a4      0x13c ../../src/STM/Libraries/STM32F10x_StdPeriph_Driver/src/stm32f10x_dac.o
                0x00000000080043a4                DAC_DeInit
                0x00000000080043c0                DAC_Init
                0x00000000080043f0                DAC_StructInit
                0x00000000080043fc                DAC_Cmd
                0x000000000800441c                DAC_DMACmd
                0x0000000008004440                DAC_SoftwareTriggerCmd
                0x0000000008004464                DAC_DualSoftwareTriggerCmd
                0x0000000008004480                DAC_WaveGenerationCmd
                0x00000000080044a0                DAC_SetChannel1Data
                0x00000000080044ac                DAC_SetChannel2Data
                0x00000000080044b8                DAC_SetDualChannelData
                0x00000000080044d0                DAC_GetDataOutputValue
 .text          0x00000000080044e0       0x3c ../../src/STM/Libraries/STM32F10x_StdPeriph_Driver/src/stm32f10x_dbgmcu.o
                0x00000000080044e0                DBGMCU_GetREVID
                0x00000000080044f0                DBGMCU_GetDEVID
                0x0000000008004500                DBGMCU_Config
 .text          0x000000000800451c      0x25c ../../src/STM/Libraries/STM32F10x_StdPeriph_Driver/src/stm32f10x_dma.o
                0x000000000800451c                DMA_DeInit
                0x000000000800468c                DMA_Init
                0x00000000080046cc                DMA_StructInit
                0x00000000080046e8                DMA_Cmd
                0x00000000080046fc                DMA_ITConfig
                0x0000000008004710                DMA_GetCurrDataCounter
                0x0000000008004718                DMA_GetFlagStatus
                0x0000000008004734                DMA_ClearFlag
                0x0000000008004748                DMA_GetITStatus
                0x0000000008004764                DMA_ClearITPendingBit
 .text          0x0000000008004778      0x10c ../../src/STM/Libraries/STM32F10x_StdPeriph_Driver/src/stm32f10x_exti.o
                0x0000000008004778                EXTI_DeInit
                0x0000000008004798                EXTI_Init
                0x0000000008004818                EXTI_StructInit
                0x0000000008004828                EXTI_GenerateSWInterrupt
                0x0000000008004838                EXTI_GetFlagStatus
                0x000000000800484c                EXTI_ClearFlag
                0x0000000008004858                EXTI_GetITStatus
                0x0000000008004878                EXTI_ClearITPendingBit
 .text          0x0000000008004884      0x54c ../../src/STM/Libraries/STM32F10x_StdPeriph_Driver/src/stm32f10x_flash.o
                0x0000000008004884                FLASH_SetLatency
                0x0000000008004898                FLASH_HalfCycleAccessCmd
                0x00000000080048b0                FLASH_PrefetchBufferCmd
                0x00000000080048c8                FLASH_Unlock
                0x00000000080048e8                FLASH_Lock
                0x00000000080048fc                FLASH_GetUserOptionByte
                0x000000000800490c                FLASH_GetWriteProtectionOptionByte
                0x0000000008004918                FLASH_GetReadOutProtectionStatus
                0x0000000008004928                FLASH_GetPrefetchBufferStatus
                0x0000000008004938                FLASH_ITConfig
                0x0000000008004954                FLASH_GetFlagStatus
                0x0000000008004974                FLASH_ClearFlag
                0x0000000008004980                FLASH_GetStatus
                0x00000000080049ac                FLASH_WaitForLastOperation
                0x0000000008004a00                FLASH_ErasePage
                0x0000000008004a44                FLASH_EraseAllPages
                0x0000000008004a84                FLASH_EraseOptionBytes
                0x0000000008004b08                FLASH_ProgramWord
                0x0000000008004b58                FLASH_ProgramHalfWord
                0x0000000008004b94                FLASH_ProgramOptionByteData
                0x0000000008004be4                FLASH_EnableWriteProtection
                0x0000000008004cd0                FLASH_ReadOutProtection
                0x0000000008004d70                FLASH_UserOptionByteConfig
 .text          0x0000000008004dd0      0x4a0 ../../src/STM/Libraries/STM32F10x_StdPeriph_Driver/src/stm32f10x_fsmc.o
                0x0000000008004dd0                FSMC_NORSRAMDeInit
                0x0000000008004e08                FSMC_NANDDeInit
                0x0000000008004e28                FSMC_PCCARDDeInit
                0x0000000008004e44                FSMC_NORSRAMInit
                0x0000000008004f0c                FSMC_NANDInit
                0x0000000008004f84                FSMC_PCCARDInit
                0x0000000008004fec                FSMC_NORSRAMStructInit
                0x0000000008005040                FSMC_NANDStructInit
                0x0000000008005070                FSMC_PCCARDStructInit
                0x00000000080050a0                FSMC_NORSRAMCmd
                0x00000000080050c4                FSMC_NANDCmd
                0x00000000080050f8                FSMC_PCCARDCmd
                0x0000000008005120                FSMC_NANDECCCmd
                0x0000000008005154                FSMC_GetECC
                0x0000000008005164                FSMC_ITConfig
                0x00000000080051bc                FSMC_GetFlagStatus
                0x00000000080051e4                FSMC_ClearFlag
                0x0000000008005210                FSMC_GetITStatus
                0x0000000008005244                FSMC_ClearITPendingBit
 .text          0x0000000008005270      0x2dc ../../src/STM/Libraries/STM32F10x_StdPeriph_Driver/src/stm32f10x_gpio.o
                0x0000000008005270                GPIO_DeInit
                0x000000000800535c                GPIO_AFIODeInit
                0x0000000008005374                GPIO_Init
                0x0000000008005438                GPIO_StructInit
                0x0000000008005448                GPIO_ReadInputDataBit
                0x0000000008005454                GPIO_ReadInputData
                0x000000000800545c                GPIO_ReadOutputDataBit
                0x0000000008005468                GPIO_ReadOutputData
                0x0000000008005470                GPIO_SetBits
                0x0000000008005474                GPIO_ResetBits
                0x0000000008005478                GPIO_WriteBit
                0x0000000008005484                GPIO_Write
                0x0000000008005488                GPIO_PinLockConfig
                0x0000000008005498                GPIO_EventOutputConfig
                0x00000000080054b8                GPIO_EventOutputCmd
                0x00000000080054c4                GPIO_PinRemapConfig
                0x0000000008005520                GPIO_EXTILineConfig
 .text          0x000000000800554c      0x404 ../../src/STM/Libraries/STM32F10x_StdPeriph_Driver/src/stm32f10x_i2c.o
                0x000000000800554c                I2C_DeInit
                0x0000000008005598                I2C_Init
                0x0000000008005680                I2C_StructInit
                0x00000000080056a4                I2C_Cmd
                0x00000000080056c0                I2C_DMACmd
                0x00000000080056dc                I2C_DMALastTransferCmd
                0x00000000080056f8                I2C_GenerateSTART
                0x0000000008005714                I2C_GenerateSTOP
                0x0000000008005730                I2C_AcknowledgeConfig
                0x000000000800574c                I2C_OwnAddress2Config
                0x0000000008005760                I2C_DualAddressCmd
                0x000000000800577c                I2C_GeneralCallCmd
                0x0000000008005798                I2C_ITConfig
                0x00000000080057ac                I2C_SendData
                0x00000000080057b0                I2C_ReceiveData
                0x00000000080057b8                I2C_Send7bitAddress
                0x00000000080057cc                I2C_ReadRegister
                0x00000000080057dc                I2C_SoftwareResetCmd
                0x00000000080057f8                I2C_SMBusAlertConfig
                0x0000000008005814                I2C_TransmitPEC
                0x0000000008005830                I2C_PECPositionConfig
                0x000000000800584c                I2C_CalculatePEC
                0x0000000008005868                I2C_GetPEC
                0x0000000008005870                I2C_ARPCmd
                0x000000000800588c                I2C_StretchClockCmd
                0x00000000080058a8                I2C_FastModeDutyCycleConfig
                0x00000000080058c4                I2C_GetLastEvent
                0x00000000080058d4                I2C_CheckEvent
                0x00000000080058ec                I2C_GetFlagStatus
                0x0000000008005924                I2C_ClearFlag
                0x000000000800592c                I2C_GetITStatus
                0x0000000008005948                I2C_ClearITPendingBit
 .text          0x0000000008005950       0x58 ../../src/STM/Libraries/STM32F10x_StdPeriph_Driver/src/stm32f10x_iwdg.o
                0x0000000008005950                IWDG_WriteAccessCmd
                0x000000000800595c                IWDG_SetPrescaler
                0x0000000008005968                IWDG_SetReload
                0x0000000008005974                IWDG_ReloadCounter
                0x0000000008005984                IWDG_Enable
                0x0000000008005994                IWDG_GetFlagStatus
 .text          0x00000000080059a8       0xe0 ../../src/STM/Libraries/STM32F10x_StdPeriph_Driver/src/stm32f10x_pwr.o
                0x00000000080059a8                PWR_DeInit
                0x00000000080059c4                PWR_BackupAccessCmd
                0x00000000080059d0                PWR_PVDCmd
                0x00000000080059dc                PWR_PVDLevelConfig
                0x00000000080059f0                PWR_WakeUpPinCmd
                0x00000000080059fc                PWR_EnterSTOPMode
                0x0000000008005a34                PWR_EnterSTANDBYMode
                0x0000000008005a60                PWR_GetFlagStatus
                0x0000000008005a74                PWR_ClearFlag
 .text          0x0000000008005a88      0x3c4 ../../src/STM/Libraries/STM32F10x_StdPeriph_Driver/src/stm32f10x_rcc.o
                0x0000000008005a88                RCC_DeInit
                0x0000000008005ac8                RCC_HSEConfig
                0x0000000008005b04                RCC_WaitForHSEStartUp
                0x0000000008005b40                RCC_AdjustHSICalibrationValue
                0x0000000008005b58                RCC_HSICmd
                0x0000000008005b64                RCC_PLLConfig
                0x0000000008005b7c                RCC_PLLCmd
                0x0000000008005b88                RCC_SYSCLKConfig
                0x0000000008005b9c                RCC_GetSYSCLKSource
                0x0000000008005bac                RCC_HCLKConfig
                0x0000000008005bc0                RCC_PCLK1Config
                0x0000000008005bd4                RCC_PCLK2Config
                0x0000000008005bec                RCC_ITConfig
                0x0000000008005c08                RCC_USBCLKConfig
                0x0000000008005c14                RCC_ADCCLKConfig
                0x0000000008005c28                RCC_LSEConfig
                0x0000000008005c4c                RCC_LSICmd
                0x0000000008005c58                RCC_RTCCLKConfig
                0x0000000008005c68                RCC_RTCCLKCmd
                0x0000000008005c74                RCC_GetClocksFreq
                0x0000000008005d2c                RCC_AHBPeriphClockCmd
                0x0000000008005d48                RCC_APB2PeriphClockCmd
                0x0000000008005d64                RCC_APB1PeriphClockCmd
                0x0000000008005d80                RCC_APB2PeriphResetCmd
                0x0000000008005d9c                RCC_APB1PeriphResetCmd
                0x0000000008005db8                RCC_BackupResetCmd
                0x0000000008005dc4                RCC_ClockSecuritySystemCmd
                0x0000000008005dd0                RCC_MCOConfig
                0x0000000008005ddc                RCC_GetFlagStatus
                0x0000000008005e18                RCC_ClearFlag
                0x0000000008005e2c                RCC_GetITStatus
                0x0000000008005e40                RCC_ClearITPendingBit
 .text          0x0000000008005e4c      0x180 ../../src/STM/Libraries/STM32F10x_StdPeriph_Driver/src/stm32f10x_rtc.o
                0x0000000008005e4c                RTC_ITConfig
                0x0000000008005e68                RTC_EnterConfigMode
                0x0000000008005e7c                RTC_ExitConfigMode
                0x0000000008005e94                RTC_GetCounter
                0x0000000008005ea8                RTC_SetCounter
                0x0000000008005ed0                RTC_SetPrescaler
                0x0000000008005efc                RTC_SetAlarm
                0x0000000008005f24                RTC_GetDivider
                0x0000000008005f3c                RTC_WaitForLastTask
                0x0000000008005f4c                RTC_WaitForSynchro
                0x0000000008005f6c                RTC_GetFlagStatus
                0x0000000008005f80                RTC_ClearFlag
                0x0000000008005f94                RTC_GetITStatus
                0x0000000008005fb8                RTC_ClearITPendingBit
 .text          0x0000000008005fcc      0x248 ../../src/STM/Libraries/STM32F10x_StdPeriph_Driver/src/stm32f10x_sdio.o
                0x0000000008005fcc                SDIO_DeInit
                0x0000000008005ff4                SDIO_Init
                0x0000000008006028                SDIO_StructInit
                0x0000000008006038                SDIO_ClockCmd
                0x0000000008006044                SDIO_SetPowerState
                0x000000000800605c                SDIO_GetPowerState
                0x000000000800606c                SDIO_ITConfig
                0x0000000008006088                SDIO_DMACmd
                0x0000000008006094                SDIO_SendCommand
                0x00000000080060c4                SDIO_CmdStructInit
                0x00000000080060d4                SDIO_GetCommandResponse
                0x00000000080060e4                SDIO_GetResponse
                0x00000000080060f0                SDIO_DataConfig
                0x0000000008006120                SDIO_DataStructInit
                0x0000000008006134                SDIO_GetDataCounter
                0x0000000008006140                SDIO_ReadData
                0x0000000008006150                SDIO_WriteData
                0x0000000008006160                SDIO_GetFIFOCount
                0x000000000800616c                SDIO_StartSDIOReadWait
                0x0000000008006178                SDIO_StopSDIOReadWait
                0x0000000008006184                SDIO_SetSDIOReadWaitMode
                0x0000000008006190                SDIO_SetSDIOOperation
                0x000000000800619c                SDIO_SendSDIOSuspendCmd
                0x00000000080061a8                SDIO_CommandCompletionCmd
                0x00000000080061b4                SDIO_CEATAITCmd
                0x00000000080061c8                SDIO_SendCEATACmd
                0x00000000080061d4                SDIO_GetFlagStatus
                0x00000000080061e8                SDIO_ClearFlag
                0x00000000080061f4                SDIO_GetITStatus
                0x0000000008006208                SDIO_ClearITPendingBit
 .text          0x0000000008006214      0x304 ../../src/STM/Libraries/STM32F10x_StdPeriph_Driver/src/stm32f10x_spi.o
                0x0000000008006214                SPI_I2S_DeInit
                0x0000000008006284                SPI_Init
                0x00000000080062c4                I2S_Init
                0x0000000008006378                SPI_StructInit
                0x0000000008006390                I2S_StructInit
                0x00000000080063a4                SPI_Cmd
                0x00000000080063c0                I2S_Cmd
                0x00000000080063dc                SPI_I2S_ITConfig
                0x00000000080063fc                SPI_I2S_DMACmd
                0x0000000008006410                SPI_I2S_SendData
                0x0000000008006414                SPI_I2S_ReceiveData
                0x000000000800641c                SPI_NSSInternalSoftwareConfig
                0x000000000800643c                SPI_SSOutputCmd
                0x0000000008006458                SPI_DataSizeConfig
                0x0000000008006470                SPI_TransmitCRC
                0x000000000800647c                SPI_CalculateCRC
                0x0000000008006498                SPI_GetCRC
                0x00000000080064a4                SPI_GetCRCPolynomial
                0x00000000080064ac                SPI_BiDirectionalLineConfig
                0x00000000080064c8                SPI_I2S_GetFlagStatus
                0x00000000080064d4                SPI_I2S_ClearFlag
                0x00000000080064dc                SPI_I2S_GetITStatus
                0x0000000008006508                SPI_I2S_ClearITPendingBit
 .text          0x0000000008006518      0xd2c ../../src/STM/Libraries/STM32F10x_StdPeriph_Driver/src/stm32f10x_tim.o
                0x0000000008006518                TIM_DeInit
                0x0000000008006628                TIM_TimeBaseInit
                0x0000000008006670                TIM_OC1Init
                0x0000000008006708                TIM_OC2Init
                0x00000000080067a4                TIM_OC3Init
                0x000000000800683c                TIM_OC4Init
                0x00000000080068c0                TIM_ICInit
                0x0000000008006a24                TIM_PWMIConfig
                0x0000000008006b98                TIM_BDTRConfig
                0x0000000008006bc0                TIM_TimeBaseStructInit
                0x0000000008006bd4                TIM_OCStructInit
                0x0000000008006be8                TIM_ICStructInit
                0x0000000008006bf8                TIM_BDTRStructInit
                0x0000000008006c0c                TIM_Cmd
                0x0000000008006c28                TIM_CtrlPWMOutputs
                0x0000000008006c48                TIM_ITConfig
                0x0000000008006c5c                TIM_GenerateEvent
                0x0000000008006c60                TIM_DMAConfig
                0x0000000008006c68                TIM_DMACmd
                0x0000000008006c7c                TIM_InternalClockConfig
                0x0000000008006c8c                TIM_ITRxExternalClockConfig
                0x0000000008006ca8                TIM_TIxExternalClockConfig
                0x0000000008006d38                TIM_ETRClockMode1Config
                0x0000000008006d60                TIM_ETRClockMode2Config
                0x0000000008006d84                TIM_ETRConfig
                0x0000000008006d9c                TIM_PrescalerConfig
                0x0000000008006da4                TIM_CounterModeConfig
                0x0000000008006db4                TIM_SelectInputTrigger
                0x0000000008006dc4                TIM_EncoderInterfaceConfig
                0x0000000008006e04                TIM_ForcedOC1Config
                0x0000000008006e14                TIM_ForcedOC2Config
                0x0000000008006e28                TIM_ForcedOC3Config
                0x0000000008006e38                TIM_ForcedOC4Config
                0x0000000008006e4c                TIM_ARRPreloadConfig
                0x0000000008006e68                TIM_SelectCOM
                0x0000000008006e84                TIM_SelectCCDMA
                0x0000000008006ea0                TIM_CCPreloadControl
                0x0000000008006ebc                TIM_OC1PreloadConfig
                0x0000000008006ecc                TIM_OC2PreloadConfig
                0x0000000008006ee0                TIM_OC3PreloadConfig
                0x0000000008006ef0                TIM_OC4PreloadConfig
                0x0000000008006f04                TIM_OC1FastConfig
                0x0000000008006f14                TIM_OC2FastConfig
                0x0000000008006f28                TIM_OC3FastConfig
                0x0000000008006f38                TIM_OC4FastConfig
                0x0000000008006f4c                TIM_ClearOC1Ref
                0x0000000008006f5c                TIM_ClearOC2Ref
                0x0000000008006f6c                TIM_ClearOC3Ref
                0x0000000008006f7c                TIM_ClearOC4Ref
                0x0000000008006f8c                TIM_OC1PolarityConfig
                0x0000000008006f9c                TIM_OC1NPolarityConfig
                0x0000000008006fac                TIM_OC2PolarityConfig
                0x0000000008006fc0                TIM_OC2NPolarityConfig
                0x0000000008006fd4                TIM_OC3PolarityConfig
                0x0000000008006fe8                TIM_OC3NPolarityConfig
                0x0000000008006ffc                TIM_OC4PolarityConfig
                0x0000000008007010                TIM_CCxCmd
                0x000000000800702c                TIM_CCxNCmd
                0x0000000008007048                TIM_SelectOCxM
                0x0000000008007098                TIM_UpdateDisableConfig
                0x00000000080070b4                TIM_UpdateRequestConfig
                0x00000000080070d0                TIM_SelectHallSensor
                0x00000000080070ec                TIM_SelectOnePulseMode
                0x0000000008007104                TIM_SelectOutputTrigger
                0x000000000800711c                TIM_SelectSlaveMode
                0x0000000008007134                TIM_SelectMasterSlaveMode
                0x000000000800714c                TIM_SetCounter
                0x0000000008007150                TIM_SetAutoreload
                0x0000000008007154                TIM_SetCompare1
                0x0000000008007158                TIM_SetCompare2
                0x000000000800715c                TIM_SetCompare3
                0x0000000008007160                TIM_SetCompare4
                0x0000000008007168                TIM_SetIC1Prescaler
                0x0000000008007180                TIM_SetIC2Prescaler
                0x000000000800719c                TIM_SetIC3Prescaler
                0x00000000080071b4                TIM_SetIC4Prescaler
                0x00000000080071d0                TIM_SetClockDivision
                0x00000000080071e0                TIM_GetCapture1
                0x00000000080071e8                TIM_GetCapture2
                0x00000000080071f0                TIM_GetCapture3
                0x00000000080071f8                TIM_GetCapture4
                0x0000000008007200                TIM_GetCounter
                0x0000000008007208                TIM_GetPrescaler
                0x0000000008007210                TIM_GetFlagStatus
                0x000000000800721c                TIM_ClearFlag
                0x0000000008007224                TIM_GetITStatus
                0x000000000800723c                TIM_ClearITPendingBit
 .text          0x0000000008007244      0x3c8 ../../src/STM/Libraries/STM32F10x_StdPeriph_Driver/src/stm32f10x_usart.o
                0x0000000008007244                USART_DeInit
                0x0000000008007300                USART_Init
                0x000000000800739c                USART_StructInit
                0x00000000080073b4                USART_ClockInit
                0x00000000080073d8                USART_ClockStructInit
                0x00000000080073e4                USART_Cmd
                0x0000000008007400                USART_ITConfig
                0x000000000800743c                USART_DMACmd
                0x0000000008007450                USART_SetAddress
                0x0000000008007468                USART_WakeUpConfig
                0x0000000008007480                USART_ReceiverWakeUpCmd
                0x000000000800749c                USART_LINBreakDetectLengthConfig
                0x00000000080074b4                USART_LINCmd
                0x00000000080074d0                USART_SendData
                0x00000000080074d8                USART_ReceiveData
                0x00000000080074e0                USART_SendBreak
                0x00000000080074ec                USART_SetGuardTime
                0x0000000008007500                USART_SetPrescaler
                0x0000000008007514                USART_SmartCardCmd
                0x0000000008007530                USART_SmartCardNACKCmd
                0x000000000800754c                USART_HalfDuplexCmd
                0x0000000008007568                USART_IrDAConfig
                0x0000000008007580                USART_IrDACmd
                0x000000000800759c                USART_GetFlagStatus
                0x00000000080075a8                USART_ClearFlag
                0x00000000080075b0                USART_GetITStatus
                0x00000000080075fc                USART_ClearITPendingBit
 .text          0x000000000800760c       0x98 ../../src/STM/Libraries/STM32F10x_StdPeriph_Driver/src/stm32f10x_wwdg.o
                0x000000000800760c                WWDG_DeInit
                0x0000000008007628                WWDG_SetPrescaler
                0x000000000800763c                WWDG_SetWindowValue
                0x0000000008007654                WWDG_EnableIT
                0x0000000008007664                WWDG_SetCounter
                0x0000000008007674                WWDG_Enable
                0x0000000008007684                WWDG_GetFlagStatus
                0x0000000008007694                WWDG_ClearFlag
 .text          0x00000000080076a4      0x9ec ../../src/STM/Libraries/STM32_USB-FS-Device_Driver/src/usb_core.o
                0x00000000080076a4                Standard_GetConfiguration
                0x00000000080076d4                Standard_GetInterface
                0x00000000080077e8                Standard_GetStatus
                0x0000000008007868                Standard_SetConfiguration
                0x00000000080078ac                Standard_SetInterface
                0x0000000008007900                Standard_ClearFeature
                0x00000000080079e4                Standard_SetEndPointFeature
                0x0000000008007a70                Standard_SetDeviceFeature
                0x0000000008007a98                Standard_GetDescriptorData
                0x0000000008007ab4                Post0_Process
                0x0000000008007b04                Setup0_Process
                0x0000000008007ee0                Out0_Process
                0x0000000008007fd4                SetDeviceAddress
                0x0000000008008014                In0_Process
                0x000000000800808c                NOP_Process
 .text          0x0000000008008090       0xec ../../src/STM/Libraries/STM32_USB-FS-Device_Driver/src/usb_init.o
                0x0000000008008090                USB_SetDeviceConfiguration
                0x0000000008008134                USB_Init
 .text          0x000000000800817c      0x218 ../../src/STM/Libraries/STM32_USB-FS-Device_Driver/src/usb_int.o
                0x000000000800817c                CTR_LP
                0x0000000008008308                CTR_HP
 .text          0x0000000008008394       0x5c ../../src/STM/Libraries/STM32_USB-FS-Device_Driver/src/usb_mem.o
                0x0000000008008394                UserToPMABufferCopy
                0x00000000080083d0                PMAToUserBufferCopy
 .text          0x00000000080083f0      0x83c ../../src/STM/Libraries/STM32_USB-FS-Device_Driver/src/usb_regs.o
                0x00000000080083f0                SetCNTR
                0x00000000080083fc                GetCNTR
                0x000000000800840c                SetISTR
                0x0000000008008418                GetISTR
                0x0000000008008428                GetFNR
                0x0000000008008438                SetDADDR
                0x0000000008008444                GetDADDR
                0x0000000008008454                SetBTABLE
                0x0000000008008468                GetBTABLE
                0x0000000008008478                SetENDPOINT
                0x0000000008008488                GetENDPOINT
                0x0000000008008498                SetEPType
                0x00000000080084b0                GetEPType
                0x00000000080084c4                SetEPTxStatus
                0x00000000080084ec                SetEPRxStatus
                0x0000000008008514                SetDouBleBuffEPStall
                0x000000000800853c                GetEPTxStatus
                0x0000000008008550                GetEPRxStatus
                0x0000000008008564                SetEPTxValid
                0x0000000008008580                SetEPRxValid
                0x000000000800859c                SetEP_KIND
                0x00000000080085b8                ClearEP_KIND
                0x00000000080085d0                Clear_Status_Out
                0x00000000080085e8                Set_Status_Out
                0x0000000008008604                SetEPDoubleBuff
                0x0000000008008620                ClearEPDoubleBuff
                0x0000000008008638                GetTxStallStatus
                0x0000000008008658                GetRxStallStatus
                0x0000000008008674                ClearEP_CTR_RX
                0x000000000800868c                ClearEP_CTR_TX
                0x00000000080086a4                ToggleDTOG_RX
                0x00000000080086c0                ToggleDTOG_TX
                0x00000000080086dc                ClearDTOG_RX
                0x0000000008008700                ClearDTOG_TX
                0x0000000008008724                SetEPAddress
                0x000000000800873c                GetEPAddress
                0x0000000008008750                SetEPTxAddr
                0x0000000008008774                SetEPRxAddr
                0x000000000800879c                GetEPTxAddr
                0x00000000080087bc                GetEPRxAddr
                0x00000000080087dc                SetEPTxCount
                0x00000000080087fc                SetEPCountRxReg
                0x0000000008008828                SetEPRxCount
                0x0000000008008870                GetEPTxCount
                0x0000000008008894                GetEPRxCount
                0x00000000080088b8                SetEPDblBuffAddr
                0x00000000080088f8                SetEPDblBuf0Addr
                0x000000000800891c                SetEPDblBuf1Addr
                0x0000000008008944                GetEPDblBuf0Addr
                0x0000000008008964                GetEPDblBuf1Addr
                0x0000000008008984                SetEPDblBuffCount
                0x0000000008008a5c                SetEPDblBuf0Count
                0x0000000008008ad0                SetEPDblBuf1Count
                0x0000000008008b44                GetEPDblBuf0Count
                0x0000000008008b68                GetEPDblBuf1Count
                0x0000000008008b8c                GetEPDblBufDir
                0x0000000008008bd8                FreeUserBuffer
                0x0000000008008c18                ToWord
                0x0000000008008c20                ByteSwap
 .text          0x0000000008008c2c        0x0 ../../src/CRYPT/AES/aes.o
 .text          0x0000000008008c2c      0x318 ../../src/CRYPT/SHA1/sha1.o
                0x0000000008008c2c                ch
                0x0000000008008c38                maj
                0x0000000008008c44                parity
                0x0000000008008c4c                sha1_init
                0x0000000008008c8c                sha1_nextBlock
                0x0000000008008dd8                sha1_lastBlock
                0x0000000008008eb0                sha1_ctx2hash
                0x0000000008008ec0                sha1
 .text          0x0000000008008f44      0x1c0 ../../src/CRYPT/SHA1/hmac-sha1.o
                0x0000000008008f44                hmac_sha1_init
                0x0000000008008fbc                hmac_sha1_nextBlock
                0x0000000008008fc0                hmac_sha1_lastBlock
                0x000000000800900c                hmac_sha1_final
                0x0000000008009030                hmac_sha1
 .text          0x0000000008009104      0x620 ../../src/CRYPT/hotp.o
                0x0000000008009104                endian_swap
                0x000000000800910c                dynamic_truncate
                0x0000000008009130                crc
                0x0000000008009150                write_data_to_flash
                0x0000000008009180                get_hotp_value
                0x00000000080091fc                get_counter_value
                0x0000000008009220                get_time_value
                0x000000000800929c                set_time_value
                0x0000000008009320                set_counter_value
                0x0000000008009358                increment_counter_page
                0x000000000800945c                get_code_from_hotp_slot
                0x00000000080094e0                backup_data
                0x0000000008009528                erase_counter
                0x000000000800954c                write_to_slot
                0x0000000008009610                check_backups
                0x000000000800968c                get_hotp_slot_config
                0x00000000080096a8                get_totp_slot_config
                0x00000000080096c4                get_code_from_totp_slot
 .text          0x0000000008009724      0x254 ../../src/KEYBOARD/keyboard.o
                0x0000000008009760                sendChar
                0x00000000080097fc                sendEnter
                0x000000000800983c                sendKeys
                0x0000000008009850                sendNumber
                0x00000000080098e0                sendNumberN
                0x000000000800995c                sendString
 .text          0x0000000008009978      0x7e0 ../../src/KEYBOARD/report_protocol.o
                0x0000000008009978                cmd_get_status
                0x00000000080099c4                cmd_get_password_retry_count
                0x00000000080099d4                cmd_get_user_password_retry_count
                0x00000000080099e4                cmd_write_to_slot
                0x0000000008009ab0                cmd_read_slot_name
                0x0000000008009b2c                cmd_read_slot
                0x0000000008009c44                cmd_get_code
                0x0000000008009cec                cmd_write_config
                0x0000000008009d10                cmd_erase_slot
                0x0000000008009d88                cmd_first_authenticate
                0x0000000008009e00                cmd_user_authenticate
                0x0000000008009e78                cmd_authorize
                0x0000000008009ec4                cmd_user_authorize
                0x0000000008009f10                cmd_set_time
                0x0000000008009f90                parse_report
 .text          0x000000000800a158       0x2c ../../src/USB/usb_endp.o
                0x000000000800a158                EP1_IN_Callback
                0x000000000800a15c                EP2_OUT_Callback
                0x000000000800a160                EP2_IN_Callback
                0x000000000800a164                XEP3_IN_Callback
                0x000000000800a174                EP4_IN_Callback
 .text          0x000000000800a184       0xd4 ../../src/USB/usb_bot.o
                0x000000000800a184                Mass_Storage_In
                0x000000000800a188                Mass_Storage_Out
                0x000000000800a18c                CBW_Decode
                0x000000000800a190                Transfer_Data_Request
                0x000000000800a1cc                Set_CSW
                0x000000000800a218                Bot_Abort
 .text          0x000000000800a258      0x198 ../../src/USB/usb_pwr.o
                0x000000000800a258                PowerOn
                0x000000000800a290                PowerOff
                0x000000000800a2b8                Suspend
                0x000000000800a2d8                Resume_Init
                0x000000000800a2f8                Resume
                0x000000000800a3d0                USB_Start
 .text          0x000000000800a3f0      0x10c ../../src/USB/usb_istr.o
                0x000000000800a3f0                USB_Istr
 .text          0x000000000800a4fc        0x0 /usr/lib/gcc/arm-none-eabi/4.8.2/../../../arm-none-eabi/lib/armv7-m/libc.a(lib_a-memcmp.o)
 .text          0x000000000800a4fc       0xec /usr/lib/gcc/arm-none-eabi/4.8.2/../../../arm-none-eabi/lib/armv7-m/libc.a(lib_a-memcpy.o)
                0x000000000800a4fc                memcpy
 .text          0x000000000800a5e8        0x0 /usr/lib/gcc/arm-none-eabi/4.8.2/../../../arm-none-eabi/lib/armv7-m/libc.a(lib_a-memmove.o)
 .text          0x000000000800a5e8        0x0 /usr/lib/gcc/arm-none-eabi/4.8.2/../../../arm-none-eabi/lib/armv7-m/libc.a(lib_a-memset.o)
 .text          0x000000000800a5e8       0x1c /usr/lib/gcc/arm-none-eabi/4.8.2/../../../arm-none-eabi/lib/armv7-m/libc.a(lib_a-setjmp.o)
                0x000000000800a5e8                setjmp
                0x000000000800a5f4                longjmp
 .text          0x000000000800a604        0x0 /usr/lib/gcc/arm-none-eabi/4.8.2/../../../arm-none-eabi/lib/armv7-m/libc.a(lib_a-strcpy.o)
 .text          0x000000000800a604        0x0 /usr/lib/gcc/arm-none-eabi/4.8.2/../../../arm-none-eabi/lib/armv7-m/libc.a(lib_a-strlen.o)
 .text          0x000000000800a604       0x2c /usr/lib/gcc/arm-none-eabi/4.8.2/armv7-m/libgcc.a(_aeabi_uldivmod.o)
                0x000000000800a604                __aeabi_uldivmod
 .text          0x000000000800a630       0x60 /usr/lib/gcc/arm-none-eabi/4.8.2/armv7-m/libgcc.a(bpabi.o)
                0x000000000800a630                __gnu_ldivmod_helper
                0x000000000800a660                __gnu_uldivmod_helper
 .text          0x000000000800a690        0x4 /usr/lib/gcc/arm-none-eabi/4.8.2/armv7-m/libgcc.a(_dvmd_tls.o)
                0x000000000800a690                __aeabi_ldiv0
                0x000000000800a690                __aeabi_idiv0
 .text          0x000000000800a694      0x2bc /usr/lib/gcc/arm-none-eabi/4.8.2/armv7-m/libgcc.a(_divdi3.o)
                0x000000000800a694                __divdi3
 .text          0x000000000800a950      0x284 /usr/lib/gcc/arm-none-eabi/4.8.2/armv7-m/libgcc.a(_udivdi3.o)
                0x000000000800a950                __udivdi3
 *(.text.*)
 .text.startup  0x000000000800abd4      0x1e0 ../../src/main.o
                0x000000000800abd4                main
 .text.memcmp   0x000000000800adb4       0x68 /usr/lib/gcc/arm-none-eabi/4.8.2/../../../arm-none-eabi/lib/armv7-m/libc.a(lib_a-memcmp.o)
                0x000000000800adb4                memcmp
 .text.memmove  0x000000000800ae1c       0xcc /usr/lib/gcc/arm-none-eabi/4.8.2/../../../arm-none-eabi/lib/armv7-m/libc.a(lib_a-memmove.o)
                0x000000000800ae1c                memmove
 .text.memset   0x000000000800aee8       0x94 /usr/lib/gcc/arm-none-eabi/4.8.2/../../../arm-none-eabi/lib/armv7-m/libc.a(lib_a-memset.o)
                0x000000000800aee8                memset
 .text.strcpy   0x000000000800af7c       0xbc /usr/lib/gcc/arm-none-eabi/4.8.2/../../../arm-none-eabi/lib/armv7-m/libc.a(lib_a-strcpy.o)
                0x000000000800af7c                strcpy
 .text.strlen   0x000000000800b038       0x60 /usr/lib/gcc/arm-none-eabi/4.8.2/../../../arm-none-eabi/lib/armv7-m/libc.a(lib_a-strlen.o)
                0x000000000800b038                strlen
 *(.rodata)
 .rodata        0x000000000800b098       0x80 ../../src/CCID/Ifd_protocol.o
                0x000000000800b098                Dmul64vsDI
                0x000000000800b0d8                FvsFI
 .rodata        0x000000000800b118       0x8c ../../src/CCID/CcidLocalAccess.o
 .rodata        0x000000000800b1a4       0x98 ../../src/CCID/SMARTCARD/smartcard.o
                0x000000000800b224                CHV1
                0x000000000800b22c                IMSI
                0x000000000800b230                ICCID
                0x000000000800b234                GSMDir
                0x000000000800b238                MasterRoot
 .rodata        0x000000000800b23c      0x140 ../../src/CCID/CCIDHID_USB/CCIDHID_usb_desc.o
                0x000000000800b23c                CCID_StringInterface
                0x000000000800b24c                CCID_StringProduct
                0x000000000800b270                CCID_StringVendor
                0x000000000800b2a4                CCID_StringLangID
                0x000000000800b2a8                Keyboard_ReportDescriptor
                0x000000000800b2f0                CCID_ConfigDescriptor
                0x000000000800b368                CCID_DeviceDescriptor
 .rodata        0x000000000800b37c       0xa8 ../../src/SD_DISK/SD_USB/usb_desc.o
                0x000000000800b37c                MASS_StringInterface
                0x000000000800b39c                MASS_StringProduct
                0x000000000800b3d4                MASS_StringVendor
                0x000000000800b3ec                MASS_StringLangID
                0x000000000800b3f0                MASS_ConfigDescriptor
                0x000000000800b410                MASS_DeviceDescriptor
 .rodata        0x000000000800b424       0x14 ../../src/STM/Libraries/CMSIS/Core/CM3/system_stm32f10x.o
                0x000000000800b424                SystemFrequency_APB2Clk
                0x000000000800b428                SystemFrequency_APB1Clk
                0x000000000800b42c                SystemFrequency_AHBClk
                0x000000000800b430                SystemFrequency_SysClk
                0x000000000800b434                SystemFrequency
 .rodata        0x000000000800b438        0x8 ../../src/STM/Libraries/STM32F10x_StdPeriph_Driver/src/stm32f10x_can.o
 .rodata        0x000000000800b440       0x20 ../../src/CRYPT/SHA1/sha1.o
 *(.rodata*)
 .rodata.str1.4
                0x000000000800b460       0x13 ../../src/CCID/Ifd_protocol.o
                                         0x14 (size before relaxing)
 *fill*         0x000000000800b473        0x1 
 .rodata.str1.4
                0x000000000800b474        0x8 ../../src/CCID/CcidLocalAccess.o
 *(.glue_7)
 .glue_7        0x0000000000000000        0x0 linker stubs
 *(.glue_7t)
 .glue_7t       0x0000000000000000        0x0 linker stubs
                0x000000000800b47c                . = ALIGN (0x4)
                0x000000000800b47c                _etext = .
                0x000000000800b47c                _sidata = _etext

.vfp11_veneer   0x000000000800b47c        0x0
 .vfp11_veneer  0x0000000000000000        0x0 linker stubs

.v4_bx          0x000000000800b47c        0x0
 .v4_bx         0x0000000000000000        0x0 linker stubs

.iplt           0x000000000800b47c        0x0
 .iplt          0x0000000000000000        0x0 ../../src/main.o

.rel.dyn        0x000000000800b47c        0x0
 .rel.iplt      0x0000000000000000        0x0 ../../src/main.o

.data           0x0000000020000000      0x2cc load address 0x000000000800b47c
                0x0000000020000000                . = ALIGN (0x4)
                0x0000000020000000                _sdata = .
 *(.data)
 .data          0x0000000020000000        0x8 ../../src/main.o
                0x0000000020000000                nFlagSendSMCardInserted
                0x0000000020000004                nGlobalStickState
 .data          0x0000000020000008        0x0 ../../src/hw_config.o
 .data          0x0000000020000008        0x0 ../../src/test_code.o
 .data          0x0000000020000008        0x0 ../../src/memory_ops.o
 .data          0x0000000020000008        0x0 ../../src/CCID/Ccid_usb.o
 .data          0x0000000020000008        0x0 ../../src/CCID/Ifd_protocol.o
 .data          0x0000000020000008        0x0 ../../src/CCID/Crd.o
 .data          0x0000000020000008        0x0 ../../src/CCID/Ifd_ccid.o
 .data          0x0000000020000008        0x0 ../../src/CCID/CcidLocalAccess.o
 .data          0x0000000020000008        0x8 ../../src/CCID/SMARTCARD/smartcard.o
 .data          0x0000000020000010       0xa0 ../../src/CCID/CCIDHID_USB/CCIDHID_usb_prop.o
                0x0000000020000010                Keyboard_Report_Descriptor
                0x0000000020000018                Keyboard_Hid_Descriptor
                0x0000000020000020                CCID_String_Descriptor
                0x0000000020000048                CCID_Config_Descriptor
                0x0000000020000050                CCID_Device_Descriptor
                0x0000000020000058                CCID_User_Standard_Requests
                0x000000002000007c                CCID_Device_Property
                0x00000000200000ac                CCID_Device_Table
 .data          0x00000000200000b0       0x34 ../../src/CCID/CCIDHID_USB/CCIDHID_usb_desc.o
                0x00000000200000b0                CCID_StringSerial
 .data          0x00000000200000e4       0x34 ../../src/SD_DISK/SD_USB/usb_desc.o
                0x00000000200000e4                MASS_StringSerial
 .data          0x0000000020000118       0xb8 ../../src/SD_DISK/SD_USB/usb_prop.o
                0x0000000020000118                Device_Property
                0x000000002000011c                Device_Descriptor
                0x0000000020000120                Config_Descriptor
                0x0000000020000124                String_Descriptor
                0x0000000020000138                User_Standard_Requests
                0x000000002000013c                Device_Table
                0x0000000020000140                MASS_String_Descriptor
                0x0000000020000168                MASS_Config_Descriptor
                0x0000000020000170                MASS_Device_Descriptor
                0x0000000020000178                MASS_User_Standard_Requests
                0x000000002000019c                MASS_Device_Property
                0x00000000200001cc                MASS_Device_Table
 .data          0x00000000200001d0        0x0 ../../src/STM/stm32f10x_systick.o
 .data          0x00000000200001d0        0x4 ../../src/STM/stm32f10x_it.o
                0x00000000200001d0                TimeCounter
 .data          0x00000000200001d4        0x0 ../../src/STM/Libraries/CMSIS/Core/CM3/core_cm3.o
 .data          0x00000000200001d4        0x0 ../../src/STM/Libraries/CMSIS/Core/CM3/system_stm32f10x.o
 .data          0x00000000200001d4        0x0 ../../src/STM/Libraries/CMSIS/Core/CM3/startup/gcc/startup_stm32f10x_hd.o
 .data          0x00000000200001d4        0x0 ../../src/STM/Libraries/STM32F10x_StdPeriph_Driver/src/misc.o
 .data          0x00000000200001d4        0x0 ../../src/STM/Libraries/STM32F10x_StdPeriph_Driver/src/stm32f10x_adc.o
 .data          0x00000000200001d4        0x0 ../../src/STM/Libraries/STM32F10x_StdPeriph_Driver/src/stm32f10x_bkp.o
 .data          0x00000000200001d4        0x0 ../../src/STM/Libraries/STM32F10x_StdPeriph_Driver/src/stm32f10x_can.o
 .data          0x00000000200001d4        0x0 ../../src/STM/Libraries/STM32F10x_StdPeriph_Driver/src/stm32f10x_crc.o
 .data          0x00000000200001d4        0x0 ../../src/STM/Libraries/STM32F10x_StdPeriph_Driver/src/stm32f10x_dac.o
 .data          0x00000000200001d4        0x0 ../../src/STM/Libraries/STM32F10x_StdPeriph_Driver/src/stm32f10x_dbgmcu.o
 .data          0x00000000200001d4        0x0 ../../src/STM/Libraries/STM32F10x_StdPeriph_Driver/src/stm32f10x_dma.o
 .data          0x00000000200001d4        0x0 ../../src/STM/Libraries/STM32F10x_StdPeriph_Driver/src/stm32f10x_exti.o
 .data          0x00000000200001d4        0x0 ../../src/STM/Libraries/STM32F10x_StdPeriph_Driver/src/stm32f10x_flash.o
 .data          0x00000000200001d4        0x0 ../../src/STM/Libraries/STM32F10x_StdPeriph_Driver/src/stm32f10x_fsmc.o
 .data          0x00000000200001d4        0x0 ../../src/STM/Libraries/STM32F10x_StdPeriph_Driver/src/stm32f10x_gpio.o
 .data          0x00000000200001d4        0x0 ../../src/STM/Libraries/STM32F10x_StdPeriph_Driver/src/stm32f10x_i2c.o
 .data          0x00000000200001d4        0x0 ../../src/STM/Libraries/STM32F10x_StdPeriph_Driver/src/stm32f10x_iwdg.o
 .data          0x00000000200001d4        0x0 ../../src/STM/Libraries/STM32F10x_StdPeriph_Driver/src/stm32f10x_pwr.o
 .data          0x00000000200001d4       0x14 ../../src/STM/Libraries/STM32F10x_StdPeriph_Driver/src/stm32f10x_rcc.o
 .data          0x00000000200001e8        0x0 ../../src/STM/Libraries/STM32F10x_StdPeriph_Driver/src/stm32f10x_rtc.o
 .data          0x00000000200001e8        0x0 ../../src/STM/Libraries/STM32F10x_StdPeriph_Driver/src/stm32f10x_sdio.o
 .data          0x00000000200001e8        0x0 ../../src/STM/Libraries/STM32F10x_StdPeriph_Driver/src/stm32f10x_spi.o
 .data          0x00000000200001e8        0x0 ../../src/STM/Libraries/STM32F10x_StdPeriph_Driver/src/stm32f10x_tim.o
 .data          0x00000000200001e8        0x0 ../../src/STM/Libraries/STM32F10x_StdPeriph_Driver/src/stm32f10x_usart.o
 .data          0x00000000200001e8        0x0 ../../src/STM/Libraries/STM32F10x_StdPeriph_Driver/src/stm32f10x_wwdg.o
 .data          0x00000000200001e8        0x0 ../../src/STM/Libraries/STM32_USB-FS-Device_Driver/src/usb_core.o
 .data          0x00000000200001e8        0x0 ../../src/STM/Libraries/STM32_USB-FS-Device_Driver/src/usb_init.o
 .data          0x00000000200001e8        0x0 ../../src/STM/Libraries/STM32_USB-FS-Device_Driver/src/usb_int.o
 .data          0x00000000200001e8        0x0 ../../src/STM/Libraries/STM32_USB-FS-Device_Driver/src/usb_mem.o
 .data          0x00000000200001e8        0x0 ../../src/STM/Libraries/STM32_USB-FS-Device_Driver/src/usb_regs.o
 .data          0x00000000200001e8        0x0 ../../src/CRYPT/AES/aes.o
 .data          0x00000000200001e8        0x0 ../../src/CRYPT/SHA1/sha1.o
 .data          0x00000000200001e8        0x0 ../../src/CRYPT/SHA1/hmac-sha1.o
 .data          0x00000000200001e8       0x9c ../../src/CRYPT/hotp.o
                0x00000000200001e8                hotp_slots
                0x00000000200001f4                hotp_slot_counters
                0x0000000020000200                totp_slots
                0x000000002000023c                totp_slot_offsets
                0x0000000020000278                hotp_slot_offsets
 .data          0x0000000020000284        0x1 ../../src/KEYBOARD/keyboard.o
                0x0000000020000284                PrevXferComplete
 *fill*         0x0000000020000285        0x3 
 .data          0x0000000020000288        0x8 ../../src/KEYBOARD/report_protocol.o
                0x0000000020000288                authorized_crc
                0x000000002000028c                authorized_user_crc
 .data          0x0000000020000290        0x0 ../../src/USB/usb_endp.o
 .data          0x0000000020000290        0x0 ../../src/USB/usb_bot.o
 .data          0x0000000020000290        0x1 ../../src/USB/usb_pwr.o
                0x0000000020000290                fSuspendEnabled
 *fill*         0x0000000020000291        0x3 
 .data          0x0000000020000294       0x38 ../../src/USB/usb_istr.o
                0x0000000020000294                pEpInt_OUT
                0x00000000200002b0                pEpInt_IN
 .data          0x00000000200002cc        0x0 /usr/lib/gcc/arm-none-eabi/4.8.2/../../../arm-none-eabi/lib/armv7-m/libc.a(lib_a-memcmp.o)
 .data          0x00000000200002cc        0x0 /usr/lib/gcc/arm-none-eabi/4.8.2/../../../arm-none-eabi/lib/armv7-m/libc.a(lib_a-memcpy.o)
 .data          0x00000000200002cc        0x0 /usr/lib/gcc/arm-none-eabi/4.8.2/../../../arm-none-eabi/lib/armv7-m/libc.a(lib_a-memmove.o)
 .data          0x00000000200002cc        0x0 /usr/lib/gcc/arm-none-eabi/4.8.2/../../../arm-none-eabi/lib/armv7-m/libc.a(lib_a-memset.o)
 .data          0x00000000200002cc        0x0 /usr/lib/gcc/arm-none-eabi/4.8.2/../../../arm-none-eabi/lib/armv7-m/libc.a(lib_a-setjmp.o)
 .data          0x00000000200002cc        0x0 /usr/lib/gcc/arm-none-eabi/4.8.2/../../../arm-none-eabi/lib/armv7-m/libc.a(lib_a-strcpy.o)
 .data          0x00000000200002cc        0x0 /usr/lib/gcc/arm-none-eabi/4.8.2/../../../arm-none-eabi/lib/armv7-m/libc.a(lib_a-strlen.o)
 .data          0x00000000200002cc        0x0 /usr/lib/gcc/arm-none-eabi/4.8.2/armv7-m/libgcc.a(_aeabi_uldivmod.o)
 .data          0x00000000200002cc        0x0 /usr/lib/gcc/arm-none-eabi/4.8.2/armv7-m/libgcc.a(bpabi.o)
 .data          0x00000000200002cc        0x0 /usr/lib/gcc/arm-none-eabi/4.8.2/armv7-m/libgcc.a(_dvmd_tls.o)