Archive member included to satisfy reference by file (symbol)

/usr/lib/gcc/arm-none-eabi/4.8/../../../arm-none-eabi/lib/armv7-m/libc.a(lib_a-memcmp.o)
                              ../../src/keyboard/report_protocol.o (memcmp)
/usr/lib/gcc/arm-none-eabi/4.8/../../../arm-none-eabi/lib/armv7-m/libc.a(lib_a-memcpy.o)
                              ../../src/ccid/CcidLocalAccess.o (memcpy)
/usr/lib/gcc/arm-none-eabi/4.8/../../../arm-none-eabi/lib/armv7-m/libc.a(lib_a-memmove.o)
                              ../../src/crypt/sha1/sha1.o (memmove)
/usr/lib/gcc/arm-none-eabi/4.8/../../../arm-none-eabi/lib/armv7-m/libc.a(lib_a-memset.o)
                              ../../src/ccid/CcidLocalAccess.o (memset)
/usr/lib/gcc/arm-none-eabi/4.8/../../../arm-none-eabi/lib/armv7-m/libc.a(lib_a-rand.o)
                              ../../src/pwd-safe/FlashStorage.o (rand)
/usr/lib/gcc/arm-none-eabi/4.8/../../../arm-none-eabi/lib/armv7-m/libc.a(lib_a-setjmp.o)
                              ../../src/main.o (setjmp)
/usr/lib/gcc/arm-none-eabi/4.8/../../../arm-none-eabi/lib/armv7-m/libc.a(lib_a-strcpy.o)
                              ../../src/ccid/CcidLocalAccess.o (strcpy)
/usr/lib/gcc/arm-none-eabi/4.8/../../../arm-none-eabi/lib/armv7-m/libc.a(lib_a-strlen.o)
                              ../../src/ccid/CcidLocalAccess.o (strlen)
/usr/lib/gcc/arm-none-eabi/4.8/../../../arm-none-eabi/lib/armv7-m/libc.a(lib_a-impure.o)
                              /usr/lib/gcc/arm-none-eabi/4.8/../../../arm-none-eabi/lib/armv7-m/libc.a(lib_a-rand.o) (_impure_ptr)
/usr/lib/gcc/arm-none-eabi/4.8/armv7-m/libgcc.a(_aeabi_uldivmod.o)
                              ../../src/hotp/hotp.o (__aeabi_uldivmod)
/usr/lib/gcc/arm-none-eabi/4.8/armv7-m/libgcc.a(bpabi.o)
                              /usr/lib/gcc/arm-none-eabi/4.8/armv7-m/libgcc.a(_aeabi_uldivmod.o) (__gnu_uldivmod_helper)
/usr/lib/gcc/arm-none-eabi/4.8/armv7-m/libgcc.a(_dvmd_tls.o)
                              /usr/lib/gcc/arm-none-eabi/4.8/armv7-m/libgcc.a(_aeabi_uldivmod.o) (__aeabi_ldiv0)
/usr/lib/gcc/arm-none-eabi/4.8/armv7-m/libgcc.a(_divdi3.o)
                              /usr/lib/gcc/arm-none-eabi/4.8/armv7-m/libgcc.a(bpabi.o) (__divdi3)
/usr/lib/gcc/arm-none-eabi/4.8/armv7-m/libgcc.a(_udivdi3.o)
                              /usr/lib/gcc/arm-none-eabi/4.8/armv7-m/libgcc.a(bpabi.o) (__udivdi3)

Allocating common symbols
Common symbol       size              file

SaveRState          0x2               ../../src/stm/Libraries/STM32_USB-FS-Device_Driver/src/usb_int.o
UsbIntMessageBuffer
                    0x4               ../../src/ccid/Ccid_usb.o
InstructionByte     0x1               ../../src/ccid/Crd.o
HID_SetReport_Value
                    0x40              ../../src/ccid/CCIDHID_USB/CCIDHID_usb_prop.o
CBW                 0x20              ../../src/usb/usb_bot.o
CrdFlags            0x1               ../../src/ccid/Crd.o
CrdBufferSize       0x4               ../../src/ccid/Crd.o
temp_password       0x19              ../../src/keyboard/report_protocol.o
UsbMessageFlags     0x1               ../../src/ccid/Ccid_usb.o
SaveState           0x2               ../../src/stm/Libraries/STM32_USB-FS-Device_Driver/src/usb_init.o
ProtocolValue       0x4               ../../src/ccid/CCIDHID_USB/CCIDHID_usb_prop.o
current_time        0x8               ../../src/main.o
SC_ATR_Table        0x28              ../../src/ccid/smartcard/smartcard.o
wIstr               0x2               ../../src/usb/usb_istr.o
EraseStoreData_au8  0x100             ../../src/pwd-safe/FlashStorage.o
pProperty           0x4               ../../src/stm/Libraries/STM32_USB-FS-Device_Driver/src/usb_init.o
UsbMessageBuffer    0x160             ../../src/ccid/Ccid_usb.o
EPindex             0x1               ../../src/stm/Libraries/STM32_USB-FS-Device_Driver/src/usb_init.o
message             0x40              ../../src/ccid/CCIDHID_USB/CCIDHID_usb_prop.o
Data_Len            0x2               ../../src/usb/usb_bot.o
MASS_Device_Info    0x1c              ../../src/sd-disk/sd-usb/usb_prop.o
Bot_State           0x1               ../../src/usb/usb_bot.o
SCSI_LBA            0x4               ../../src/usb/usb_bot.o
SaveTState          0x2               ../../src/stm/Libraries/STM32_USB-FS-Device_Driver/src/usb_int.o
Device_Info         0x4               ../../src/stm/Libraries/STM32_USB-FS-Device_Driver/src/usb_init.o
AbortSequenceNumber
                    0x1               ../../src/ccid/Ccid_usb.o
jmpRestartUSB       0x5c              ../../src/main.o
StickConfiguration_st
                    0x1c              ../../src/pwd-safe/FlashStorage.o
pUser_Standard_Requests
                    0x4               ../../src/stm/Libraries/STM32_USB-FS-Device_Driver/src/usb_init.o
BulkStatus          0x1               ../../src/ccid/Ccid_usb.o
CSW                 0x10              ../../src/usb/usb_bot.o
SCSI_BlkLen         0x4               ../../src/usb/usb_bot.o
[...]
Memory Configuration

Name             Origin             Length             Attributes
RAM              0x0000000020000000 0x0000000000005000 xrw
FLASH            0x0000000008000000 0x0000000000020000 xr
FLASHB1          0x0000000000000000 0x0000000000000000 xr
EXTMEMB0         0x0000000000000000 0x0000000000000000 xr
EXTMEMB1         0x0000000000000000 0x0000000000000000 xr
EXTMEMB2         0x0000000000000000 0x0000000000000000 xr
EXTMEMB3         0x0000000000000000 0x0000000000000000 xr
*default*        0x0000000000000000 0xffffffffffffffff

Linker script and memory map

LOAD ../../src/main.o
LOAD ../../src/hw_config.o
LOAD ../../src/test_code.o
LOAD ../../src/tools.o
LOAD ../../src/utils/memory_ops.o
LOAD ../../src/ccid/Ccid_usb.o
LOAD ../../src/ccid/Ifd_protocol.o
LOAD ../../src/ccid/Crd.o
LOAD ../../src/ccid/Ifd_ccid.o
LOAD ../../src/ccid/CcidLocalAccess.o
LOAD ../../src/ccid/smartcard/smartcard.o
LOAD ../../src/ccid/CCIDHID_USB/CCIDHID_usb_prop.o
LOAD ../../src/ccid/CCIDHID_USB/CCIDHID_usb_desc.o
LOAD ../../src/sd-disk/sd-usb/usb_desc.o
LOAD ../../src/sd-disk/sd-usb/usb_prop.o
LOAD ../../src/stm/stm32f10x_systick.o
LOAD ../../src/stm/stm32f10x_it.o
LOAD ../../src/stm/Libraries/CMSIS/Core/CM3/core_cm3.o
LOAD ../../src/stm/Libraries/CMSIS/Core/CM3/system_stm32f10x.o
LOAD ../../src/stm/Libraries/CMSIS/Core/CM3/startup/gcc/startup_stm32f10x_hd.o
LOAD ../../src/stm/Libraries/STM32F10x_StdPeriph_Driver/src/misc.o
LOAD ../../src/stm/Libraries/STM32F10x_StdPeriph_Driver/src/stm32f10x_adc.o
LOAD ../../src/stm/Libraries/STM32F10x_StdPeriph_Driver/src/stm32f10x_bkp.o
LOAD ../../src/stm/Libraries/STM32F10x_StdPeriph_Driver/src/stm32f10x_can.o
LOAD ../../src/stm/Libraries/STM32F10x_StdPeriph_Driver/src/stm32f10x_crc.o
LOAD ../../src/stm/Libraries/STM32F10x_StdPeriph_Driver/src/stm32f10x_dac.o
LOAD ../../src/stm/Libraries/STM32F10x_StdPeriph_Driver/src/stm32f10x_dbgmcu.o
LOAD ../../src/stm/Libraries/STM32F10x_StdPeriph_Driver/src/stm32f10x_dma.o
LOAD ../../src/stm/Libraries/STM32F10x_StdPeriph_Driver/src/stm32f10x_exti.o
LOAD ../../src/stm/Libraries/STM32F10x_StdPeriph_Driver/src/stm32f10x_flash.o
LOAD ../../src/stm/Libraries/STM32F10x_StdPeriph_Driver/src/stm32f10x_fsmc.o
LOAD ../../src/stm/Libraries/STM32F10x_StdPeriph_Driver/src/stm32f10x_gpio.o
LOAD ../../src/stm/Libraries/STM32F10x_StdPeriph_Driver/src/stm32f10x_i2c.o
LOAD ../../src/stm/Libraries/STM32F10x_StdPeriph_Driver/src/stm32f10x_iwdg.o
LOAD ../../src/stm/Libraries/STM32F10x_StdPeriph_Driver/src/stm32f10x_pwr.o
LOAD ../../src/stm/Libraries/STM32F10x_StdPeriph_Driver/src/stm32f10x_rcc.o
LOAD ../../src/stm/Libraries/STM32F10x_StdPeriph_Driver/src/stm32f10x_rtc.o
LOAD ../../src/stm/Libraries/STM32F10x_StdPeriph_Driver/src/stm32f10x_sdio.o
LOAD ../../src/stm/Libraries/STM32F10x_StdPeriph_Driver/src/stm32f10x_spi.o
LOAD ../../src/stm/Libraries/STM32F10x_StdPeriph_Driver/src/stm32f10x_tim.o
LOAD ../../src/stm/Libraries/STM32F10x_StdPeriph_Driver/src/stm32f10x_usart.o
LOAD ../../src/stm/Libraries/STM32F10x_StdPeriph_Driver/src/stm32f10x_wwdg.o
LOAD ../../src/stm/Libraries/STM32_USB-FS-Device_Driver/src/usb_core.o
LOAD ../../src/stm/Libraries/STM32_USB-FS-Device_Driver/src/usb_init.o
LOAD ../../src/stm/Libraries/STM32_USB-FS-Device_Driver/src/usb_int.o
LOAD ../../src/stm/Libraries/STM32_USB-FS-Device_Driver/src/usb_mem.o
LOAD ../../src/stm/Libraries/STM32_USB-FS-Device_Driver/src/usb_regs.o
LOAD ../../src/crypt/aes/aes.o
LOAD ../../src/crypt/sha1/sha1.o
LOAD ../../src/crypt/sha1/hmac-sha1.o
LOAD ../../src/hotp/hotp.o
LOAD ../../src/keyboard/keyboard.o
LOAD ../../src/keyboard/report_protocol.o
LOAD ../../src/usb/usb_endp.o
LOAD ../../src/usb/usb_bot.o
LOAD ../../src/usb/usb_pwr.o
LOAD ../../src/usb/usb_istr.o
LOAD ../../src/pwd-safe/FlashStorage.o
LOAD ../../src/pwd-safe/HandleAesStorageKey.o
LOAD ../../src/pwd-safe/password_safe.o
LOAD /usr/lib/gcc/arm-none-eabi/4.8/../../../arm-none-eabi/lib/armv7-m/libc.a
LOAD /usr/lib/gcc/arm-none-eabi/4.8/../../../arm-none-eabi/lib/armv7-m/libm.a
LOAD /usr/lib/gcc/arm-none-eabi/4.8/../../../arm-none-eabi/lib/armv7-m/libc.a
LOAD /usr/lib/gcc/arm-none-eabi/4.8/armv7-m/libgcc.a
LOAD /usr/lib/gcc/arm-none-eabi/4.8/../../../arm-none-eabi/lib/armv7-m/librdimon.a
START GROUP
LOAD /usr/lib/gcc/arm-none-eabi/4.8/armv7-m/libgcc.a
LOAD /usr/lib/gcc/arm-none-eabi/4.8/../../../arm-none-eabi/lib/armv7-m/libg.a
LOAD /usr/lib/gcc/arm-none-eabi/4.8/../../../arm-none-eabi/lib/armv7-m/libc.a
END GROUP
                0x0000000000000400                __Stack_Size = 0x400
                0x0000000000000400                PROVIDE (_Stack_Size, __Stack_Size)
                0x0000000020004c00                __Stack_Init = (_estack - __Stack_Size)
                0x0000000020004c00                PROVIDE (_Stack_Init, __Stack_Init)
                0x0000000000000100                _Minimum_Stack_Size = 0x100
                0x0000000000000000                PROVIDE (Undefined_Handler, 0x0)
                0x0000000000000000                PROVIDE (SWI_Handler, 0x0)
                0x0000000000000000                PROVIDE (IRQ_Handler, 0x0)
                0x0000000000000000                PROVIDE (Prefetch_Handler, 0x0)
                0x0000000000000000                PROVIDE (Abort_Handler, 0x0)
                0x0000000000000000                PROVIDE (FIQ_Handler, 0x0)
                0x0000000000000000                PROVIDE (NMIException, 0x0)
                0x0000000000000000                PROVIDE (HardFaultException, 0x0)
                0x0000000000000000                PROVIDE (MemManageException, 0x0)
                0x0000000000000000                PROVIDE (BusFaultException, 0x0)
                0x0000000000000000                PROVIDE (UsageFaultException, 0x0)
                0x0000000000000000                PROVIDE (SVCHandler, 0x0)
                0x0000000000000000                PROVIDE (DebugMonitor, 0x0)
                0x0000000000000000                PROVIDE (PendSVC, 0x0)
                0x0000000000000000                PROVIDE (SysTickHandler, 0x0)
                0x0000000000000000                PROVIDE (WWDG_IRQHandler, 0x0)
                0x0000000000000000                PROVIDE (PVD_IRQHandler, 0x0)
                0x0000000000000000                PROVIDE (TAMPER_IRQHandler, 0x0)
                0x0000000000000000                PROVIDE (RTC_IRQHandler, 0x0)
                0x0000000000000000                PROVIDE (FLASH_IRQHandler, 0x0)
                0x0000000000000000                PROVIDE (RCC_IRQHandler, 0x0)
                0x0000000000000000                PROVIDE (EXTI0_IRQHandler, 0x0)
                0x0000000000000000                PROVIDE (EXTI1_IRQHandler, 0x0)
                0x0000000000000000                PROVIDE (EXTI2_IRQHandler, 0x0)
                0x0000000000000000                PROVIDE (EXTI3_IRQHandler, 0x0)
                0x0000000000000000                PROVIDE (EXTI4_IRQHandler, 0x0)
                0x0000000000000000                PROVIDE (DMAChannel1_IRQHandler, 0x0)
                0x0000000000000000                PROVIDE (DMAChannel2_IRQHandler, 0x0)
                0x0000000000000000                PROVIDE (DMAChannel3_IRQHandler, 0x0)
                0x0000000000000000                PROVIDE (DMAChannel4_IRQHandler, 0x0)
                0x0000000000000000                PROVIDE (DMAChannel5_IRQHandler, 0x0)
                0x0000000000000000                PROVIDE (DMAChannel6_IRQHandler, 0x0)
                0x0000000000000000                PROVIDE (DMAChannel7_IRQHandler, 0x0)
                0x0000000000000000                PROVIDE (ADC_IRQHandler, 0x0)
                0x0000000000000000                PROVIDE (USB_HP_CAN_TX_IRQHandler, 0x0)
                0x0000000000000000                PROVIDE (USB_LP_CAN_RX0_IRQHandler, 0x0)
                0x0000000000000000                PROVIDE (CAN_RX1_IRQHandler, 0x0)
                0x0000000000000000                PROVIDE (CAN_SCE_IRQHandler, 0x0)
                0x0000000000000000                PROVIDE (EXTI9_5_IRQHandler, 0x0)
                0x0000000000000000                PROVIDE (TIM1_BRK_IRQHandler, 0x0)
                0x0000000000000000                PROVIDE (TIM1_UP_IRQHandler, 0x0)
                0x0000000000000000                PROVIDE (TIM1_TRG_COM_IRQHandler, 0x0)
                0x0000000000000000                PROVIDE (TIM1_CC_IRQHandler, 0x0)
                0x0000000000000000                PROVIDE (TIM2_IRQHandler, 0x0)
                0x0000000000000000                PROVIDE (TIM3_IRQHandler, 0x0)
                0x0000000000000000                PROVIDE (TIM4_IRQHandler, 0x0)
                0x0000000000000000                PROVIDE (I2C1_EV_IRQHandler, 0x0)
                0x0000000000000000                PROVIDE (I2C1_ER_IRQHandler, 0x0)
                0x0000000000000000                PROVIDE (I2C2_EV_IRQHandler, 0x0)
                0x0000000000000000                PROVIDE (I2C2_ER_IRQHandler, 0x0)
                0x0000000000000000                PROVIDE (SPI1_IRQHandler, 0x0)
                0x0000000000000000                PROVIDE (SPI2_IRQHandler, 0x0)
                0x0000000000000000                PROVIDE (USART1_IRQHandler, 0x0)
                0x0000000000000000                PROVIDE (USART2_IRQHandler, 0x0)
                0x0000000000000000                PROVIDE (USART3_IRQHandler, 0x0)
                0x0000000000000000                PROVIDE (EXTI15_10_IRQHandler, 0x0)
                0x0000000000000000                PROVIDE (RTCAlarm_IRQHandler, 0x0)
                0x0000000000000000                PROVIDE (USBWakeUp_IRQHandler, 0x0)
                0x0000000042000000                PERIPH_BB_BASE = 0x42000000
                0x0000000022000000                SRAM_BB_BASE = 0x22000000
                0x0000000020000000                SRAM_BASE = 0x20000000
                0x0000000040000000                PERIPH_BASE = 0x40000000
                0x0000000040022000                PROVIDE (FLASH_BASE, 0x40022000)
                0x000000001ffff800                PROVIDE (OB_BASE, 0x1ffff800)
                0x0000000040000000                APB1PERIPH_BASE = PERIPH_BASE
                0x0000000040010000                APB2PERIPH_BASE = (PERIPH_BASE + 0x10000)
                0x0000000040020000                AHBPERIPH_BASE = (PERIPH_BASE + 0x20000)
                0x0000000040000000                PROVIDE (TIM2, (APB1PERIPH_BASE + 0x0))
                0x0000000040000400                PROVIDE (TIM3, (APB1PERIPH_BASE + 0x400))
                0x0000000040000800                PROVIDE (TIM4, (APB1PERIPH_BASE + 0x800))
                0x0000000040002800                PROVIDE (RTC, (APB1PERIPH_BASE + 0x2800))
                0x0000000040002c00                PROVIDE (WWDG, (APB1PERIPH_BASE + 0x2c00))
                0x0000000040003000                PROVIDE (IWDG, (APB1PERIPH_BASE + 0x3000))
                0x0000000040003800                PROVIDE (SPI2, (APB1PERIPH_BASE + 0x3800))
                0x0000000040004400                PROVIDE (USART2, (APB1PERIPH_BASE + 0x4400))
                0x0000000040004800                PROVIDE (USART3, (APB1PERIPH_BASE + 0x4800))
                0x0000000040005400                PROVIDE (I2C1, (APB1PERIPH_BASE + 0x5400))
                0x0000000040005800                PROVIDE (I2C2, (APB1PERIPH_BASE + 0x5800))
                0x0000000040006400                PROVIDE (CAN, (APB1PERIPH_BASE + 0x6400))
                0x0000000040006c00                PROVIDE (BKP, (APB1PERIPH_BASE + 0x6c00))
                0x0000000040007000                PROVIDE (PWR, (APB1PERIPH_BASE + 0x7000))
                0x0000000040010000                PROVIDE (AFIO, (APB2PERIPH_BASE + 0x0))
                0x0000000040010400                PROVIDE (EXTI, (APB2PERIPH_BASE + 0x400))
                0x0000000040010800                PROVIDE (GPIOA, (APB2PERIPH_BASE + 0x800))
                0x0000000040010c00                PROVIDE (GPIOB, (APB2PERIPH_BASE + 0xc00))
                0x0000000040011000                PROVIDE (GPIOC, (APB2PERIPH_BASE + 0x1000))
                0x0000000040011400                PROVIDE (GPIOD, (APB2PERIPH_BASE + 0x1400))
                0x0000000040011800                PROVIDE (GPIOE, (APB2PERIPH_BASE + 0x1800))
                0x0000000040012400                PROVIDE (ADC1, (APB2PERIPH_BASE + 0x2400))
                0x0000000040012800                PROVIDE (ADC2, (APB2PERIPH_BASE + 0x2800))
                0x0000000040012c00                PROVIDE (TIM1, (APB2PERIPH_BASE + 0x2c00))
                0x0000000040013000                PROVIDE (SPI1, (APB2PERIPH_BASE + 0x3000))
                0x0000000040013800                PROVIDE (USART1, (APB2PERIPH_BASE + 0x3800))
                0x0000000040020000                PROVIDE (DMA, (AHBPERIPH_BASE + 0x0))
                0x0000000040020008                PROVIDE (DMA_Channel1, (AHBPERIPH_BASE + 0x8))
                0x000000004002001c                PROVIDE (DMA_Channel2, (AHBPERIPH_BASE + 0x1c))
                0x0000000040020030                PROVIDE (DMA_Channel3, (AHBPERIPH_BASE + 0x30))
                0x0000000040020044                PROVIDE (DMA_Channel4, (AHBPERIPH_BASE + 0x44))
                0x0000000040020058                PROVIDE (DMA_Channel5, (AHBPERIPH_BASE + 0x58))
                0x000000004002006c                PROVIDE (DMA_Channel6, (AHBPERIPH_BASE + 0x6c))
                0x0000000040020080                PROVIDE (DMA_Channel7, (AHBPERIPH_BASE + 0x80))
                0x0000000040021000                PROVIDE (RCC, (AHBPERIPH_BASE + 0x1000))
                0x00000000e000e000                SCS_BASE = 0xe000e000
                0x00000000e000e010                PROVIDE (SysTick, (SCS_BASE + 0x10))
                0x00000000e000e100                PROVIDE (NVIC, (SCS_BASE + 0x100))
                0x00000000e000ed00                PROVIDE (SCB, (SCS_BASE + 0xd00))
                0x0000000020005000                _estack = 0x20005000

.isr_vector     0x0000000008000000      0x1e4
                0x0000000008000000                . = ALIGN (0x4)
 *(.isr_vector)
 .isr_vector    0x0000000008000000      0x1e4 ../../src/stm/Libraries/CMSIS/Core/CM3/startup/gcc/startup_stm32f10x_hd.o
                0x0000000008000000                g_pfnVectors
                0x00000000080001e4                . = ALIGN (0x4)

.ARM.extab      0x00000000080001e4        0x0
 .ARM.extab     0x00000000080001e4        0x0 /usr/lib/gcc/arm-none-eabi/4.8/armv7-m/libgcc.a(_divdi3.o)
 .ARM.extab     0x00000000080001e4        0x0 /usr/lib/gcc/arm-none-eabi/4.8/armv7-m/libgcc.a(_udivdi3.o)

.ARM.exidx      0x00000000080001e4        0x8
 .ARM.exidx     0x00000000080001e4        0x8 /usr/lib/gcc/arm-none-eabi/4.8/armv7-m/libgcc.a(_divdi3.o)
 .ARM.exidx     0x00000000080001ec        0x0 /usr/lib/gcc/arm-none-eabi/4.8/armv7-m/libgcc.a(_udivdi3.o)
                                          0x8 (size before relaxing)

.flashtext      0x00000000080001ec        0x0
                0x00000000080001ec                . = ALIGN (0x4)
 *(.flashtext)
                0x00000000080001ec                . = ALIGN (0x4)

.text           0x00000000080001f0     0xce34
                0x00000000080001f0                . = ALIGN (0x4)
 *(.text)
 .text          0x00000000080001f0       0xb0 ../../src/main.o
                0x0000000008000250                test2
                0x0000000008000270                Test1
 .text          0x00000000080002a0      0x3b4 ../../src/hw_config.o
                0x00000000080002a0                DisableFirmwareDownloadPort
                0x00000000080002d0                DisableSmartcardLED
                0x00000000080002d4                EnableSmartcardLED
                0x0000000008000304                EnableOATHLED
                0x0000000008000334                EnableButton
                0x0000000008000364                EnableTimer2
                0x00000000080003c8                ReadButton
                0x00000000080003d4                SwitchSmartcardLED
                0x00000000080003ec                SwitchOATHLED
                0x0000000008000404                StartBlinkingOATHLED
                0x0000000008000414                Set_USBClock
                0x000000000800042c                Enter_LowPowerMode
                0x0000000008000438                Leave_LowPowerMode
                0x0000000008000458                USB_Interrupts_Config
                0x00000000080004b4                USB_Cable_Config
                0x00000000080004d0                HexToAscii
                0x00000000080004dc                Get_SerialNum
                0x00000000080005d8                RCC_Config
                0x00000000080005dc                MAL_Config
                0x00000000080005e8                USB_Disconnect_Config
                0x0000000008000620                Set_System
 .text          0x0000000008000654        0x0 ../../src/test_code.o
 .text          0x0000000008000654        0xc ../../src/tools.o
                0x0000000008000654                Delay1Ms_Counting
                0x0000000008000658                Delay1Ms
                0x000000000800065c                DelayMs
 .text          0x0000000008000660       0x50 ../../src/utils/memory_ops.o
                0x0000000008000660                getu16
                0x000000000800066c                getu32
                0x0000000008000684                getu64
 .text          0x00000000080006b0      0x544 ../../src/ccid/Ccid_usb.o
                0x00000000080006b0                CCID_Init
                0x00000000080006e0                CCID_Init_IT
                0x0000000008000720                CCID_Suspend_IT
                0x0000000008000760                CCID_Bot_Abort
                0x00000000080007a0                CCID_Storage_Out
                0x00000000080007c4                CCID_BulkOutMessage
                0x0000000008000900                CCID_BulkInMessage
                0x00000000080009f8                CCID_DispatchMessage
                0x0000000008000aac                CCID_IntMessage
                0x0000000008000b94                CcidClassRequestAbort
                0x0000000008000b98                CcidClassRequestGetClockFrequencies
                0x0000000008000b9c                CcidClassRequestGetDataRates
                0x0000000008000ba0                CCID_SendCardDetect
                0x0000000008000bbc                CCID_CheckUsbCommunication
                0x0000000008000bdc                CCID_SetCardState
                0x0000000008000be8                CCID_GetCardState
 .text          0x0000000008000bf4      0x424 ../../src/ccid/Ifd_protocol.o
                0x0000000008000bf4                IFD_Init
                0x0000000008000c40                IFD_ApplyParametersStructure
                0x0000000008000cc4                IFD_UpdateConvParameterStructure
                0x0000000008000ce4                GetExpectedAnswerSizeFromAPDU
                0x0000000008000d10                IFD_XfrCharT0
                0x0000000008000dac                IFD_XfrBlock
                0x0000000008000e40                IFD_XfrCharT1
                0x0000000008000e44                IFD_XfrTpduT0
                0x0000000008000e48                IFD_XfrTpduT1
                0x0000000008000e4c                IFD_GetParameters
                0x0000000008000e78                IFD_SetParameters
                0x0000000008000f30                IFD_EscapeSendHwName
                0x0000000008000f5c                IFD_Escape
                0x0000000008000f9c                IFD_SetClock
                0x0000000008000fb8                IFD_SetATRData
 .text          0x0000000008001018      0x27c ../../src/ccid/Crd.o
                0x0000000008001018                CRD_Init
                0x0000000008001024                CRD_GetHwError
                0x0000000008001050                CRD_VccOn
                0x0000000008001070                CRD_VccOff
                0x0000000008001074                CRD_VccOff_IT
                0x0000000008001078                CRD_SetMode
                0x000000000800107c                CRD_SetConvention
                0x0000000008001080                CRD_GetSlotStatus
                0x0000000008001084                CRD_GetConvention
                0x0000000008001088                CRD_GetClockStatus
                0x000000000800108c                CRD_SetClock
                0x0000000008001090                CRD_SetEtu
                0x00000000080010a0                CRD_SetGuardTime
                0x00000000080010a4                CRD_SetWaitingTime
                0x00000000080010a8                CRD_StartWaitingTime
                0x00000000080010b8                CRD_StopWaitingTime
                0x00000000080010bc                CRD_WaitingTime
                0x00000000080010d4                CRD_InitReceive
                0x0000000008001104                CRD_CharRepeatOn
                0x0000000008001108                CRD_CharRepeatOff
                0x0000000008001118                CRD_EndReceive
                0x0000000008001124                CRD_InitTransmit
                0x000000000800114c                CRD_NumberOfBytesToTransmit
                0x0000000008001158                CRD_EndTransmit
                0x0000000008001164                ICC_ResetAsync
                0x0000000008001194                ICC_SendCommandAsync
                0x000000000800121c                ICC_ReceiveAnswerAsync
 .text          0x0000000008001294      0x4d8 ../../src/ccid/Ifd_ccid.o
                0x0000000008001294                PC_to_RDR_IccPowerOn
                0x00000000080012d8                PC_to_RDR_IccPowerOff
                0x00000000080012dc                PC_to_RDR_GetSlotStatus
                0x0000000008001328                PC_to_RDR_XfrBlock
                0x00000000080013ac                PC_to_RDR_GetParameters
                0x0000000008001404                PC_to_RDR_ResetParameters
                0x000000000800146c                PC_to_RDR_SetParameters
                0x00000000080014e4                PC_to_RDR_Escape
                0x0000000008001568                PC_to_RDR_IccClock
                0x00000000080015c0                PC_to_RDR_Abort
                0x0000000008001620                RDR_to_PC_DataBlock
                0x0000000008001650                RDR_to_PC_SlotStatus
                0x0000000008001684                RDR_to_PC_SlotStatus_CardStopped
                0x0000000008001698                RDR_to_PC_Parameters
                0x00000000080016dc                RDR_to_PC_Escape
                0x000000000800170c                CmdNotSupported
                0x000000000800172c                RDR_to_PC_NotifySlotChange
                0x0000000008001748                RDR_to_PC_HardwareError
 .text          0x000000000800176c      0x890 ../../src/ccid/CcidLocalAccess.o
                0x000000000800176c                InitSCTStruct
                0x0000000008001778                GenerateCRC
                0x0000000008001798                GenerateTPDU
                0x00000000080017f0                GenerateChainedTPDU
                0x000000000800181c                SendTPDU
                0x0000000008001890                SendAPDU
                0x0000000008001950                CcidSelectOpenPGPApp
                0x0000000008001994                CcidGetData
                0x00000000080019bc                CcidChangePin
                0x0000000008001a20                CcidVerifyPin
                0x0000000008001a60                CcidDecipher
                0x0000000008001ac4                CcidGetChallenge
                0x0000000008001b14                CcidPutAesKey
                0x0000000008001b60                CcidAesDecSub
                0x0000000008001b70                CcidAesDec
                0x0000000008001b8c                getRandomNumber
                0x0000000008001b9c                AccessTestGPG
                0x0000000008001cc0                CcidLocalAccessTest
                0x0000000008001cdc                CcidReset
                0x0000000008001d28                getAID
                0x0000000008001d54                getSerialNumber
                0x0000000008001d80                getByteOfData
                0x0000000008001d8c                cardAuthenticate
                0x0000000008001db8                userAuthenticate
                0x0000000008001de4                factoryReset
                0x0000000008001e64                changeUserPin
                0x0000000008001e94                changeAdminPin
                0x0000000008001ec4                getPasswordRetryCount
                0x0000000008001ef8                getUserPasswordRetryCount
                0x0000000008001f2c                isAesSupported
                0x0000000008001fa4                sendAESMasterKey
                0x0000000008001fbc                testScAesKey
                0x0000000008001fe8                testSendUserPW2
 .text          0x0000000008001ffc      0xcec ../../src/ccid/smartcard/smartcard.o
                0x00000000080020c8                GPIO_Configuration_Smartcard
                0x00000000080020f0                SmartcardOn
                0x000000000800210c                SmartcardOff
                0x0000000008002128                Delay
                0x0000000008002144                Delay_noUSBCheck
                0x0000000008002154                SC_PowerCmd
                0x00000000080021bc                SC_Reset
                0x00000000080021cc                SC_ParityErrorHandler
                0x00000000080021f0                SC_SetHwParams
                0x0000000008002270                SC_PTSConfig
                0x00000000080024ac                SC_Init
                0x0000000008002608                SC_Handler
                0x0000000008002a1c                WaitForATR
                0x0000000008002a78                CRD_SendCommand
                0x0000000008002b7c                InvalidateATR
                0x0000000008002b88                initSCHardware
                0x0000000008002c90                RestartSmartcard
                0x0000000008002cac                SmartCardInitInterface
 .text          0x0000000008002ce8      0x488 ../../src/ccid/CCIDHID_USB/CCIDHID_usb_prop.o
                0x0000000008002ce8                USB_CCID_Storage_SetDeviceAddress
                0x0000000008002cf4                USB_CCID_Status_Out
                0x0000000008002cf8                USB_CCID_Data_Setup
                0x0000000008002d90                USB_CCID_NoData_Setup
                0x0000000008002db8                USB_CCID_Get_Interface_Setting
                0x0000000008002dc8                Keyboard_GetProtocolValue
                0x0000000008002de0                Keyboard_GetReport_Feature
                0x0000000008002e28                Keyboard_SetReport_Feature
                0x0000000008002e40                Keyboard_SetReport_Output
                0x0000000008002e58                USB_CCID_init
                0x0000000008002e94                USB_CCID_Reset
                0x0000000008002fc8                USB_CCID_GetDeviceDescriptor
                0x0000000008002fd4                USB_CCID_GetConfigDescriptor
                0x0000000008002fe0                USB_CCID_GetStringDescriptor
                0x0000000008003000                Keyboard_GetReportDescriptor
                0x000000000800300c                Keyboard_GetHIDDescriptor
                0x0000000008003018                USB_CCID_Status_In
                0x0000000008003104                USB_CCID_Storage_SetConfiguration
                0x0000000008003140                USB_CCID_Get_Max_Lun
                0x0000000008003158                Keyboard_SetProtocol
 .text          0x0000000008003170        0x0 ../../src/ccid/CCIDHID_USB/CCIDHID_usb_desc.o
 .text          0x0000000008003170        0x0 ../../src/sd-disk/sd-usb/usb_desc.o
 .text          0x0000000008003170      0x278 ../../src/sd-disk/sd-usb/usb_prop.o
                0x0000000008003170                Mass_Storage_SetDeviceAddress
                0x000000000800317c                MASS_Status_In
                0x0000000008003180                MASS_Status_Out
                0x0000000008003184                MASS_Get_Interface_Setting
                0x0000000008003194                Get_Max_Lun
                0x00000000080031ac                MASS_init
                0x00000000080031e8                MASS_Reset
                0x00000000080032d8                Mass_Storage_ClearFeature
                0x00000000080032f4                MASS_GetDeviceDescriptor
                0x0000000008003300                MASS_GetConfigDescriptor
                0x000000000800330c                MASS_GetStringDescriptor
                0x0000000008003330                Mass_Storage_SetConfiguration
                0x0000000008003360                MASS_NoData_Setup
                0x00000000080033b0                MASS_Data_Setup
 .text          0x00000000080033e8       0x78 ../../src/stm/stm32f10x_systick.o
                0x00000000080033e8                SysTick_SetReload
                0x00000000080033f4                SysTick_CounterCmd
                0x000000000800341c                SysTick_ITConfig
                0x0000000008003438                SysTick_GetCounter
                0x0000000008003444                SysTick_GetFlagStatus
 .text          0x0000000008003460       0xf4 ../../src/stm/stm32f10x_it.o
                0x0000000008003460                NMI_Handler
                0x0000000008003464                HardFault_Handler
                0x0000000008003468                MemManage_Handler
                0x000000000800346c                BusFault_Handler
                0x0000000008003470                UsageFault_Handler
                0x0000000008003474                SVC_Handler
                0x0000000008003478                DebugMon_Handler
                0x000000000800347c                PendSV_Handler
                0x0000000008003480                SysTick_Handler
                0x00000000080034c8                USB_HP_CAN1_TX_IRQHandler
                0x00000000080034cc                USB_LP_CAN1_RX0_IRQHandler
                0x00000000080034d0                SDIO_IRQHandler
                0x00000000080034d4                TIM2_IRQHandler
 .text          0x0000000008003554       0xa4 ../../src/stm/Libraries/CMSIS/Core/CM3/core_cm3.o
                0x0000000008003554                __get_PSP
                0x000000000800355c                __set_PSP
                0x0000000008003564                __get_MSP
                0x000000000800356c                __set_MSP
                0x0000000008003574                __get_BASEPRI
                0x000000000800357c                __set_BASEPRI
                0x0000000008003584                __get_PRIMASK
                0x000000000800358c                __set_PRIMASK
                0x0000000008003594                __get_FAULTMASK
                0x000000000800359c                __set_FAULTMASK
                0x00000000080035a4                __REV
                0x00000000080035a8                __REV16
                0x00000000080035ac                __REVSH
                0x00000000080035b0                __RBIT
                0x00000000080035b8                __LDREXB
                0x00000000080035c0                __LDREXH
                0x00000000080035c8                __LDREXW
                0x00000000080035d0                __STREXB
                0x00000000080035d8                __STREXH
                0x00000000080035e0                __STREXW
                0x00000000080035e8                __get_CONTROL
                0x00000000080035f0                __set_CONTROL
 .text          0x00000000080035f8       0xf8 ../../src/stm/Libraries/CMSIS/Core/CM3/system_stm32f10x.o
                0x00000000080035f8                SystemInit
 .text          0x00000000080036f0       0xdc ../../src/stm/Libraries/CMSIS/Core/CM3/startup/gcc/startup_stm32f10x_hd.o
                0x00000000080036f0                EXTI2_IRQHandler
                0x00000000080036f0                TIM8_TRG_COM_IRQHandler
                0x00000000080036f0                TIM8_CC_IRQHandler
                0x00000000080036f0                TIM1_CC_IRQHandler
                0x00000000080036f0                TIM6_IRQHandler
                0x00000000080036f0                PVD_IRQHandler
                0x00000000080036f0                EXTI3_IRQHandler
                0x00000000080036f0                EXTI0_IRQHandler
                0x00000000080036f0                I2C2_EV_IRQHandler
                0x00000000080036f0                ADC1_2_IRQHandler
                0x00000000080036f0                SPI1_IRQHandler
                0x00000000080036f0                TAMPER_IRQHandler
                0x00000000080036f0                TIM8_UP_IRQHandler
                0x00000000080036f0                DMA2_Channel2_IRQHandler
                0x00000000080036f0                DMA1_Channel4_IRQHandler
                0x00000000080036f0                USART3_IRQHandler
                0x00000000080036f0                RTC_IRQHandler
                0x00000000080036f0                DMA1_Channel7_IRQHandler
                0x00000000080036f0                CAN1_RX1_IRQHandler
                0x00000000080036f0                UART5_IRQHandler
                0x00000000080036f0                ADC3_IRQHandler
                0x00000000080036f0                TIM4_IRQHandler
                0x00000000080036f0                DMA2_Channel1_IRQHandler
                0x00000000080036f0                I2C1_EV_IRQHandler
                0x00000000080036f0                DMA1_Channel6_IRQHandler
                0x00000000080036f0                UART4_IRQHandler
                0x00000000080036f0                TIM3_IRQHandler
                0x00000000080036f0                RCC_IRQHandler
                0x00000000080036f0                TIM1_TRG_COM_IRQHandler
                0x00000000080036f0                DMA1_Channel1_IRQHandler
                0x00000000080036f0                Default_Handler
                0x00000000080036f0                EXTI15_10_IRQHandler
                0x00000000080036f0                TIM7_IRQHandler
                0x00000000080036f0                TIM5_IRQHandler
                0x00000000080036f0                EXTI9_5_IRQHandler
                0x00000000080036f0                SPI2_IRQHandler
                0x00000000080036f0                DMA1_Channel5_IRQHandler
                0x00000000080036f0                EXTI4_IRQHandler
                0x00000000080036f0                DMA1_Channel3_IRQHandler
                0x00000000080036f0                FSMC_IRQHandler
                0x00000000080036f0                TIM1_UP_IRQHandler
                0x00000000080036f0                WWDG_IRQHandler
                0x00000000080036f0                TIM1_BRK_IRQHandler
                0x00000000080036f0                EXTI1_IRQHandler
                0x00000000080036f0                RTCAlarm_IRQHandler
                0x00000000080036f0                DMA2_Channel4_5_IRQHandler
                0x00000000080036f0                USART2_IRQHandler
                0x00000000080036f0                I2C2_ER_IRQHandler
                0x00000000080036f0                DMA1_Channel2_IRQHandler
                0x00000000080036f0                TIM8_BRK_IRQHandler
                0x00000000080036f0                CAN1_SCE_IRQHandler
                0x00000000080036f0                FLASH_IRQHandler
                0x00000000080036f0                USART1_IRQHandler
                0x00000000080036f0                SPI3_IRQHandler
                0x00000000080036f0                I2C1_ER_IRQHandler
                0x00000000080036f0                USBWakeUp_IRQHandler
                0x00000000080036f0                DMA2_Channel3_IRQHandler
                0x00000000080036f4                __Init_Data
                0x0000000008003750                SystemInit_ExtMemCtl_Dummy
                0x0000000008003750                SystemInit_ExtMemCtl
                0x0000000008003754                Reset_Handler
 .text          0x00000000080037cc       0xc8 ../../src/stm/Libraries/STM32F10x_StdPeriph_Driver/src/misc.o
                0x00000000080037cc                NVIC_PriorityGroupConfig
                0x00000000080037e0                NVIC_Init
                0x0000000008003850                NVIC_SetVectorTable
                0x0000000008003864                NVIC_SystemLPConfig
                0x000000000800387c                SysTick_CLKSourceConfig
 .text          0x0000000008003894      0x37c ../../src/stm/Libraries/STM32F10x_StdPeriph_Driver/src/stm32f10x_adc.o
                0x0000000008003894                ADC_DeInit
                0x00000000080038fc                ADC_Init
                0x0000000008003944                ADC_StructInit
                0x0000000008003958                ADC_Cmd
                0x000000000800396c                ADC_DMACmd
                0x0000000008003980                ADC_ITConfig
                0x0000000008003994                ADC_ResetCalibration
                0x00000000080039a0                ADC_GetResetCalibrationStatus
                0x00000000080039a8                ADC_StartCalibration
                0x00000000080039b4                ADC_GetCalibrationStatus
                0x00000000080039bc                ADC_SoftwareStartConvCmd
                0x00000000080039d0                ADC_GetSoftwareStartConvStatus
                0x00000000080039d8                ADC_DiscModeChannelCountConfig
                0x00000000080039e8                ADC_DiscModeCmd
                0x00000000080039fc                ADC_RegularChannelConfig
                0x0000000008003a98                ADC_ExternalTrigConvCmd
                0x0000000008003aac                ADC_GetConversionValue
                0x0000000008003ab4                ADC_GetDualModeConversionValue
                0x0000000008003ac0                ADC_AutoInjectedConvCmd
                0x0000000008003ad4                ADC_InjectedDiscModeCmd
                0x0000000008003ae8                ADC_ExternalTrigInjectedConvConfig
                0x0000000008003af4                ADC_ExternalTrigInjectedConvCmd
                0x0000000008003b08                ADC_SoftwareStartInjectedConvCmd
                0x0000000008003b1c                ADC_GetSoftwareStartInjectedConvCmdStatus
                0x0000000008003b24                ADC_InjectedChannelConfig
                0x0000000008003b80                ADC_InjectedSequencerLengthConfig
                0x0000000008003b90                ADC_SetInjectedOffset
                0x0000000008003b94                ADC_GetInjectedConversionValue
                0x0000000008003b9c                ADC_AnalogWatchdogCmd
                0x0000000008003bac                ADC_AnalogWatchdogThresholdsConfig
                0x0000000008003bb4                ADC_AnalogWatchdogSingleChannelConfig
                0x0000000008003bc0                ADC_TempSensorVrefintCmd
                0x0000000008003bdc                ADC_GetFlagStatus
                0x0000000008003be8                ADC_ClearFlag
                0x0000000008003bf0                ADC_GetITStatus
                0x0000000008003c08                ADC_ClearITPendingBit
 .text          0x0000000008003c10       0xc4 ../../src/stm/Libraries/STM32F10x_StdPeriph_Driver/src/stm32f10x_bkp.o
                0x0000000008003c10                BKP_DeInit
                0x0000000008003c24                BKP_TamperPinLevelConfig
                0x0000000008003c30                BKP_TamperPinCmd
                0x0000000008003c3c                BKP_ITConfig
                0x0000000008003c48                BKP_RTCOutputConfig
                0x0000000008003c60                BKP_SetRTCCalibrationValue
                0x0000000008003c78                BKP_WriteBackupRegister
                0x0000000008003c84                BKP_ReadBackupRegister
                0x0000000008003c94                BKP_GetFlagStatus
                0x0000000008003ca0                BKP_ClearFlag
                0x0000000008003cb4                BKP_GetITStatus
                0x0000000008003cc0                BKP_ClearITPendingBit
 .text          0x0000000008003cd4      0x614 ../../src/stm/Libraries/STM32F10x_StdPeriph_Driver/src/stm32f10x_can.o
                0x0000000008003cd4                CAN_DeInit
                0x0000000008003cfc                CAN_Init
                0x0000000008003ddc                CAN_FilterInit
                0x0000000008003ed0                CAN_StructInit
                0x0000000008003ef8                CAN_ITConfig
                0x0000000008003f0c                CAN_Transmit
                0x0000000008003fdc                CAN_TransmitStatus
                0x0000000008004050                CAN_CancelTransmit
                0x000000000800407c                CAN_FIFORelease
                0x0000000008004088                CAN_MessagePending
                0x00000000080040a0                CAN_Receive
                0x0000000008004130                CAN_DBGFreeze
                0x0000000008004144                CAN_Sleep
                0x0000000008004160                CAN_WakeUp
                0x000000000800418c                CAN_GetFlagStatus
                0x0000000008004198                CAN_ClearFlag
                0x00000000080041a4                CAN_GetITStatus
                0x0000000008004248                CAN_ClearITPendingBit
 .text          0x00000000080042e8       0x58 ../../src/stm/Libraries/STM32F10x_StdPeriph_Driver/src/stm32f10x_crc.o
                0x00000000080042e8                CRC_ResetDR
                0x00000000080042f4                CRC_CalcCRC
                0x0000000008004300                CRC_CalcBlockCRC
                0x000000000800431c                CRC_GetCRC
                0x0000000008004328                CRC_SetIDRegister
                0x0000000008004334                CRC_GetIDRegister
 .text          0x0000000008004340      0x130 ../../src/stm/Libraries/STM32F10x_StdPeriph_Driver/src/stm32f10x_dac.o
                0x0000000008004340                DAC_DeInit
                0x000000000800435c                DAC_Init
                0x000000000800438c                DAC_StructInit
                0x0000000008004398                DAC_Cmd
                0x00000000080043b8                DAC_DMACmd
                0x00000000080043d8                DAC_SoftwareTriggerCmd
                0x00000000080043f8                DAC_DualSoftwareTriggerCmd
                0x0000000008004414                DAC_WaveGenerationCmd
                0x0000000008004430                DAC_SetChannel1Data
                0x000000000800443c                DAC_SetChannel2Data
                0x0000000008004448                DAC_SetDualChannelData
                0x0000000008004460                DAC_GetDataOutputValue
 .text          0x0000000008004470       0x34 ../../src/stm/Libraries/STM32F10x_StdPeriph_Driver/src/stm32f10x_dbgmcu.o
                0x0000000008004470                DBGMCU_GetREVID
                0x000000000800447c                DBGMCU_GetDEVID
                0x000000000800448c                DBGMCU_Config
 .text          0x00000000080044a4      0x204 ../../src/stm/Libraries/STM32F10x_StdPeriph_Driver/src/stm32f10x_dma.o
                0x00000000080044a4                DMA_DeInit
                0x00000000080045bc                DMA_Init
                0x00000000080045fc                DMA_StructInit
                0x0000000008004618                DMA_Cmd
                0x000000000800462c                DMA_ITConfig
                0x0000000008004640                DMA_GetCurrDataCounter
                0x0000000008004648                DMA_GetFlagStatus
                0x0000000008004664                DMA_ClearFlag
                0x0000000008004678                DMA_GetITStatus
                0x0000000008004694                DMA_ClearITPendingBit
 .text          0x00000000080046a8      0x104 ../../src/stm/Libraries/STM32F10x_StdPeriph_Driver/src/stm32f10x_exti.o
                0x00000000080046a8                EXTI_DeInit
                0x00000000080046c4                EXTI_Init
                0x0000000008004744                EXTI_StructInit
                0x0000000008004754                EXTI_GenerateSWInterrupt
                0x0000000008004764                EXTI_GetFlagStatus
                0x0000000008004778                EXTI_ClearFlag
                0x0000000008004784                EXTI_GetITStatus
                0x00000000080047a0                EXTI_ClearITPendingBit
 .text          0x00000000080047ac      0x4b4 ../../src/stm/Libraries/STM32F10x_StdPeriph_Driver/src/stm32f10x_flash.o
                0x00000000080047ac                FLASH_SetLatency
                0x00000000080047c0                FLASH_HalfCycleAccessCmd
                0x00000000080047d8                FLASH_PrefetchBufferCmd
                0x00000000080047f0                FLASH_Unlock
                0x0000000008004808                FLASH_Lock
                0x0000000008004818                FLASH_GetUserOptionByte
                0x0000000008004824                FLASH_GetWriteProtectionOptionByte
                0x0000000008004830                FLASH_GetReadOutProtectionStatus
                0x0000000008004840                FLASH_GetPrefetchBufferStatus
                0x0000000008004850                FLASH_ITConfig
                0x0000000008004868                FLASH_GetFlagStatus
                0x0000000008004888                FLASH_ClearFlag
                0x0000000008004894                FLASH_GetStatus
                0x00000000080048bc                FLASH_WaitForLastOperation
                0x0000000008004904                FLASH_ErasePage
                0x0000000008004948                FLASH_EraseAllPages
                0x0000000008004988                FLASH_EraseOptionBytes
                0x0000000008004a04                FLASH_ProgramWord
                0x0000000008004a54                FLASH_ProgramHalfWord
                0x0000000008004a8c                FLASH_ProgramOptionByteData
                0x0000000008004ad4                FLASH_EnableWriteProtection
                0x0000000008004b74                FLASH_ReadOutProtection
                0x0000000008004c08                FLASH_UserOptionByteConfig
 .text          0x0000000008004c60      0x4a0 ../../src/stm/Libraries/STM32F10x_StdPeriph_Driver/src/stm32f10x_fsmc.o
                0x0000000008004c60                FSMC_NORSRAMDeInit
                0x0000000008004c98                FSMC_NANDDeInit
                0x0000000008004cbc                FSMC_PCCARDDeInit
                0x0000000008004cd8                FSMC_NORSRAMInit
                0x0000000008004d94                FSMC_NANDInit
                0x0000000008004e10                FSMC_PCCARDInit
                0x0000000008004e78                FSMC_NORSRAMStructInit
                0x0000000008004ecc                FSMC_NANDStructInit
                0x0000000008004efc                FSMC_PCCARDStructInit
                0x0000000008004f2c                FSMC_NORSRAMCmd
                0x0000000008004f4c                FSMC_NANDCmd
                0x0000000008004f80                FSMC_PCCARDCmd
                0x0000000008004fa4                FSMC_NANDECCCmd
                0x0000000008004fd8                FSMC_GetECC
                0x0000000008004fec                FSMC_ITConfig
                0x0000000008005040                FSMC_GetFlagStatus
                0x000000000800506c                FSMC_ClearFlag
                0x000000000800509c                FSMC_GetITStatus
                0x00000000080050d0                FSMC_ClearITPendingBit
 .text          0x0000000008005100      0x2c8 ../../src/stm/Libraries/STM32F10x_StdPeriph_Driver/src/stm32f10x_gpio.o
                0x0000000008005100                GPIO_DeInit
                0x00000000080051d4                GPIO_AFIODeInit
                0x00000000080051ec                GPIO_Init
                0x00000000080052b0                GPIO_StructInit
                0x00000000080052c0                GPIO_ReadInputDataBit
                0x00000000080052cc                GPIO_ReadInputData
                0x00000000080052d4                GPIO_ReadOutputDataBit
                0x00000000080052e0                GPIO_ReadOutputData
                0x00000000080052e8                GPIO_SetBits
                0x00000000080052ec                GPIO_ResetBits
                0x00000000080052f0                GPIO_WriteBit
                0x00000000080052fc                GPIO_Write
                0x0000000008005300                GPIO_PinLockConfig
                0x0000000008005310                GPIO_EventOutputConfig
                0x0000000008005330                GPIO_EventOutputCmd
                0x000000000800533c                GPIO_PinRemapConfig
                0x000000000800539c                GPIO_EXTILineConfig
 .text          0x00000000080053c8      0x400 ../../src/stm/Libraries/STM32F10x_StdPeriph_Driver/src/stm32f10x_i2c.o
                0x00000000080053c8                I2C_DeInit
                0x0000000008005410                I2C_Init
                0x00000000080054ec                I2C_StructInit
                0x0000000008005510                I2C_Cmd
                0x000000000800552c                I2C_DMACmd
                0x0000000008005548                I2C_DMALastTransferCmd
                0x0000000008005564                I2C_GenerateSTART
                0x0000000008005580                I2C_GenerateSTOP
                0x000000000800559c                I2C_AcknowledgeConfig
                0x00000000080055b8                I2C_OwnAddress2Config
                0x00000000080055cc                I2C_DualAddressCmd
                0x00000000080055e8                I2C_GeneralCallCmd
                0x0000000008005604                I2C_ITConfig
                0x0000000008005618                I2C_SendData
                0x000000000800561c                I2C_ReceiveData
                0x0000000008005624                I2C_Send7bitAddress
                0x0000000008005638                I2C_ReadRegister
                0x0000000008005648                I2C_SoftwareResetCmd
                0x0000000008005664                I2C_SMBusAlertConfig
                0x0000000008005684                I2C_TransmitPEC
                0x00000000080056a0                I2C_PECPositionConfig
                0x00000000080056c0                I2C_CalculatePEC
                0x00000000080056dc                I2C_GetPEC
                0x00000000080056e4                I2C_ARPCmd
                0x0000000008005700                I2C_StretchClockCmd
                0x000000000800571c                I2C_FastModeDutyCycleConfig
                0x000000000800573c                I2C_GetLastEvent
                0x000000000800574c                I2C_CheckEvent
                0x0000000008005764                I2C_GetFlagStatus
                0x000000000800579c                I2C_ClearFlag
                0x00000000080057a4                I2C_GetITStatus
                0x00000000080057c0                I2C_ClearITPendingBit
 .text          0x00000000080057c8       0x58 ../../src/stm/Libraries/STM32F10x_StdPeriph_Driver/src/stm32f10x_iwdg.o
                0x00000000080057c8                IWDG_WriteAccessCmd
                0x00000000080057d4                IWDG_SetPrescaler
                0x00000000080057e0                IWDG_SetReload
                0x00000000080057ec                IWDG_ReloadCounter
                0x00000000080057fc                IWDG_Enable
                0x000000000800580c                IWDG_GetFlagStatus
 .text          0x0000000008005820       0xd4 ../../src/stm/Libraries/STM32F10x_StdPeriph_Driver/src/stm32f10x_pwr.o
                0x0000000008005820                PWR_DeInit
                0x000000000800583c                PWR_BackupAccessCmd
                0x0000000008005848                PWR_PVDCmd
                0x0000000008005854                PWR_PVDLevelConfig
                0x0000000008005868                PWR_WakeUpPinCmd
                0x0000000008005874                PWR_EnterSTOPMode
                0x00000000080058a8                PWR_EnterSTANDBYMode
                0x00000000080058d0                PWR_GetFlagStatus
                0x00000000080058e4                PWR_ClearFlag
 .text          0x00000000080058f4      0x368 ../../src/stm/Libraries/STM32F10x_StdPeriph_Driver/src/stm32f10x_rcc.o
                0x00000000080058f4                RCC_DeInit
                0x0000000008005930                RCC_HSEConfig
                0x0000000008005968                RCC_WaitForHSEStartUp
                0x000000000800599c                RCC_AdjustHSICalibrationValue
                0x00000000080059b0                RCC_HSICmd
                0x00000000080059bc                RCC_PLLConfig
                0x00000000080059d0                RCC_PLLCmd
                0x00000000080059dc                RCC_SYSCLKConfig
                0x00000000080059f0                RCC_GetSYSCLKSource
                0x0000000008005a00                RCC_HCLKConfig
                0x0000000008005a14                RCC_PCLK1Config
                0x0000000008005a28                RCC_PCLK2Config
                0x0000000008005a3c                RCC_ITConfig
                0x0000000008005a54                RCC_USBCLKConfig
                0x0000000008005a60                RCC_ADCCLKConfig
                0x0000000008005a74                RCC_LSEConfig
                0x0000000008005a94                RCC_LSICmd
                0x0000000008005aa0                RCC_RTCCLKConfig
                0x0000000008005ab0                RCC_RTCCLKCmd
                0x0000000008005abc                RCC_GetClocksFreq
                0x0000000008005b5c                RCC_AHBPeriphClockCmd
                0x0000000008005b74                RCC_APB2PeriphClockCmd
                0x0000000008005b8c                RCC_APB1PeriphClockCmd
                0x0000000008005ba4                RCC_APB2PeriphResetCmd
                0x0000000008005bbc                RCC_APB1PeriphResetCmd
                0x0000000008005bd4                RCC_BackupResetCmd
                0x0000000008005be0                RCC_ClockSecuritySystemCmd
                0x0000000008005bec                RCC_MCOConfig
                0x0000000008005bf8                RCC_GetFlagStatus
                0x0000000008005c2c                RCC_ClearFlag
                0x0000000008005c3c                RCC_GetITStatus
                0x0000000008005c50                RCC_ClearITPendingBit
 .text          0x0000000008005c5c      0x170 ../../src/stm/Libraries/STM32F10x_StdPeriph_Driver/src/stm32f10x_rtc.o
                0x0000000008005c5c                RTC_ITConfig
                0x0000000008005c78                RTC_EnterConfigMode
                0x0000000008005c8c                RTC_ExitConfigMode
                0x0000000008005ca0                RTC_GetCounter
                0x0000000008005cb4                RTC_SetCounter
                0x0000000008005cdc                RTC_SetPrescaler
                0x0000000008005d04                RTC_SetAlarm
                0x0000000008005d2c                RTC_GetDivider
                0x0000000008005d44                RTC_WaitForLastTask
                0x0000000008005d54                RTC_WaitForSynchro
                0x0000000008005d70                RTC_GetFlagStatus
                0x0000000008005d84                RTC_ClearFlag
                0x0000000008005d98                RTC_GetITStatus
                0x0000000008005db8                RTC_ClearITPendingBit
 .text          0x0000000008005dcc      0x228 ../../src/stm/Libraries/STM32F10x_StdPeriph_Driver/src/stm32f10x_sdio.o
                0x0000000008005dcc                SDIO_DeInit
                0x0000000008005df0                SDIO_Init
                0x0000000008005e20                SDIO_StructInit
                0x0000000008005e30                SDIO_ClockCmd
                0x0000000008005e3c                SDIO_SetPowerState
                0x0000000008005e54                SDIO_GetPowerState
                0x0000000008005e64                SDIO_ITConfig
                0x0000000008005e7c                SDIO_DMACmd
                0x0000000008005e88                SDIO_SendCommand
                0x0000000008005eb4                SDIO_CmdStructInit
                0x0000000008005ec4                SDIO_GetCommandResponse
                0x0000000008005ed0                SDIO_GetResponse
                0x0000000008005edc                SDIO_DataConfig
                0x0000000008005f08                SDIO_DataStructInit
                0x0000000008005f1c                SDIO_GetDataCounter
                0x0000000008005f28                SDIO_ReadData
                0x0000000008005f34                SDIO_WriteData
                0x0000000008005f40                SDIO_GetFIFOCount
                0x0000000008005f4c                SDIO_StartSDIOReadWait
                0x0000000008005f58                SDIO_StopSDIOReadWait
                0x0000000008005f64                SDIO_SetSDIOReadWaitMode
                0x0000000008005f70                SDIO_SetSDIOOperation
                0x0000000008005f7c                SDIO_SendSDIOSuspendCmd
                0x0000000008005f88                SDIO_CommandCompletionCmd
                0x0000000008005f94                SDIO_CEATAITCmd
                0x0000000008005fa8                SDIO_SendCEATACmd
                0x0000000008005fb4                SDIO_GetFlagStatus
                0x0000000008005fc8                SDIO_ClearFlag
                0x0000000008005fd4                SDIO_GetITStatus
                0x0000000008005fe8                SDIO_ClearITPendingBit
 .text          0x0000000008005ff4      0x2fc ../../src/stm/Libraries/STM32F10x_StdPeriph_Driver/src/stm32f10x_spi.o
                0x0000000008005ff4                SPI_I2S_DeInit
                0x000000000800605c                SPI_Init
                0x000000000800609c                I2S_Init
                0x000000000800614c                SPI_StructInit
                0x0000000008006164                I2S_StructInit
                0x0000000008006178                SPI_Cmd
                0x0000000008006194                I2S_Cmd
                0x00000000080061b0                SPI_I2S_ITConfig
                0x00000000080061d0                SPI_I2S_DMACmd
                0x00000000080061e4                SPI_I2S_SendData
                0x00000000080061e8                SPI_I2S_ReceiveData
                0x00000000080061f0                SPI_NSSInternalSoftwareConfig
                0x0000000008006210                SPI_SSOutputCmd
                0x000000000800622c                SPI_DataSizeConfig
                0x0000000008006244                SPI_TransmitCRC
                0x0000000008006250                SPI_CalculateCRC
                0x000000000800626c                SPI_GetCRC
                0x0000000008006278                SPI_GetCRCPolynomial
                0x0000000008006280                SPI_BiDirectionalLineConfig
                0x00000000080062a0                SPI_I2S_GetFlagStatus
                0x00000000080062ac                SPI_I2S_ClearFlag
                0x00000000080062b4                SPI_I2S_GetITStatus
                0x00000000080062e0                SPI_I2S_ClearITPendingBit
 .text          0x00000000080062f0      0xcb0 ../../src/stm/Libraries/STM32F10x_StdPeriph_Driver/src/stm32f10x_tim.o
                0x00000000080062f0                TIM_DeInit
                0x00000000080063e8                TIM_TimeBaseInit
                0x0000000008006430                TIM_OC1Init
                0x00000000080064b4                TIM_OC2Init
                0x0000000008006548                TIM_OC3Init
                0x00000000080065d8                TIM_OC4Init
                0x0000000008006648                TIM_ICInit
                0x00000000080067b0                TIM_PWMIConfig
                0x0000000008006900                TIM_BDTRConfig
                0x0000000008006928                TIM_TimeBaseStructInit
                0x000000000800693c                TIM_OCStructInit
                0x0000000008006950                TIM_ICStructInit
                0x0000000008006960                TIM_BDTRStructInit
                0x0000000008006974                TIM_Cmd
                0x0000000008006990                TIM_CtrlPWMOutputs
                0x00000000080069b0                TIM_ITConfig
                0x00000000080069c4                TIM_GenerateEvent
                0x00000000080069c8                TIM_DMAConfig
                0x00000000080069d0                TIM_DMACmd
                0x00000000080069e4                TIM_InternalClockConfig
                0x00000000080069f4                TIM_ITRxExternalClockConfig
                0x0000000008006a10                TIM_TIxExternalClockConfig
                0x0000000008006a98                TIM_ETRClockMode1Config
                0x0000000008006ac0                TIM_ETRClockMode2Config
                0x0000000008006ae4                TIM_ETRConfig
                0x0000000008006afc                TIM_PrescalerConfig
                0x0000000008006b04                TIM_CounterModeConfig
                0x0000000008006b14                TIM_SelectInputTrigger
                0x0000000008006b24                TIM_EncoderInterfaceConfig
                0x0000000008006b64                TIM_ForcedOC1Config
                0x0000000008006b74                TIM_ForcedOC2Config
                0x0000000008006b88                TIM_ForcedOC3Config
                0x0000000008006b98                TIM_ForcedOC4Config
                0x0000000008006bac                TIM_ARRPreloadConfig
                0x0000000008006bc8                TIM_SelectCOM
                0x0000000008006be4                TIM_SelectCCDMA
                0x0000000008006c00                TIM_CCPreloadControl
                0x0000000008006c1c                TIM_OC1PreloadConfig
                0x0000000008006c2c                TIM_OC2PreloadConfig
                0x0000000008006c40                TIM_OC3PreloadConfig
                0x0000000008006c50                TIM_OC4PreloadConfig
                0x0000000008006c64                TIM_OC1FastConfig
                0x0000000008006c74                TIM_OC2FastConfig
                0x0000000008006c88                TIM_OC3FastConfig
                0x0000000008006c98                TIM_OC4FastConfig
                0x0000000008006cac                TIM_ClearOC1Ref
                0x0000000008006cbc                TIM_ClearOC2Ref
                0x0000000008006ccc                TIM_ClearOC3Ref
                0x0000000008006cdc                TIM_ClearOC4Ref
                0x0000000008006cec                TIM_OC1PolarityConfig
                0x0000000008006cfc                TIM_OC1NPolarityConfig
                0x0000000008006d0c                TIM_OC2PolarityConfig
                0x0000000008006d20                TIM_OC2NPolarityConfig
                0x0000000008006d34                TIM_OC3PolarityConfig
                0x0000000008006d48                TIM_OC3NPolarityConfig
                0x0000000008006d5c                TIM_OC4PolarityConfig
                0x0000000008006d70                TIM_CCxCmd
                0x0000000008006d8c                TIM_CCxNCmd
                0x0000000008006da8                TIM_SelectOCxM
                0x0000000008006df8                TIM_UpdateDisableConfig
                0x0000000008006e14                TIM_UpdateRequestConfig
                0x0000000008006e30                TIM_SelectHallSensor
                0x0000000008006e4c                TIM_SelectOnePulseMode
                0x0000000008006e60                TIM_SelectOutputTrigger
                0x0000000008006e78                TIM_SelectSlaveMode
                0x0000000008006e90                TIM_SelectMasterSlaveMode
                0x0000000008006ea8                TIM_SetCounter
                0x0000000008006eac                TIM_SetAutoreload
                0x0000000008006eb0                TIM_SetCompare1
                0x0000000008006eb4                TIM_SetCompare2
                0x0000000008006eb8                TIM_SetCompare3
                0x0000000008006ebc                TIM_SetCompare4
                0x0000000008006ec4                TIM_SetIC1Prescaler
                0x0000000008006edc                TIM_SetIC2Prescaler
                0x0000000008006ef8                TIM_SetIC3Prescaler
                0x0000000008006f10                TIM_SetIC4Prescaler
                0x0000000008006f2c                TIM_SetClockDivision
                0x0000000008006f3c                TIM_GetCapture1
                0x0000000008006f44                TIM_GetCapture2
                0x0000000008006f4c                TIM_GetCapture3
                0x0000000008006f54                TIM_GetCapture4
                0x0000000008006f5c                TIM_GetCounter
                0x0000000008006f64                TIM_GetPrescaler
                0x0000000008006f6c                TIM_GetFlagStatus
                0x0000000008006f78                TIM_ClearFlag
                0x0000000008006f80                TIM_GetITStatus
                0x0000000008006f98                TIM_ClearITPendingBit
 .text          0x0000000008006fa0      0x3ac ../../src/stm/Libraries/STM32F10x_StdPeriph_Driver/src/stm32f10x_usart.o
                0x0000000008006fa0                USART_DeInit
                0x000000000800704c                USART_Init
                0x00000000080070dc                USART_StructInit
                0x00000000080070f4                USART_ClockInit
                0x0000000008007118                USART_ClockStructInit
                0x0000000008007124                USART_Cmd
                0x0000000008007140                USART_ITConfig
                0x000000000800717c                USART_DMACmd
                0x0000000008007190                USART_SetAddress
                0x00000000080071a8                USART_WakeUpConfig
                0x00000000080071c0                USART_ReceiverWakeUpCmd
                0x00000000080071dc                USART_LINBreakDetectLengthConfig
                0x00000000080071f4                USART_LINCmd
                0x0000000008007210                USART_SendData
                0x0000000008007218                USART_ReceiveData
                0x0000000008007220                USART_SendBreak
                0x000000000800722c                USART_SetGuardTime
                0x0000000008007240                USART_SetPrescaler
                0x0000000008007254                USART_SmartCardCmd
                0x0000000008007270                USART_SmartCardNACKCmd
                0x000000000800728c                USART_HalfDuplexCmd
                0x00000000080072a8                USART_IrDAConfig
                0x00000000080072c0                USART_IrDACmd
                0x00000000080072dc                USART_GetFlagStatus
                0x00000000080072e8                USART_ClearFlag
                0x00000000080072f0                USART_GetITStatus
                0x000000000800733c                USART_ClearITPendingBit
 .text          0x000000000800734c       0x8c ../../src/stm/Libraries/STM32F10x_StdPeriph_Driver/src/stm32f10x_wwdg.o
                0x000000000800734c                WWDG_DeInit
                0x0000000008007368                WWDG_SetPrescaler
                0x000000000800737c                WWDG_SetWindowValue
                0x0000000008007394                WWDG_EnableIT
                0x00000000080073a0                WWDG_SetCounter
                0x00000000080073b0                WWDG_Enable
                0x00000000080073c0                WWDG_GetFlagStatus
                0x00000000080073cc                WWDG_ClearFlag
 .text          0x00000000080073d8      0x91c ../../src/stm/Libraries/STM32_USB-FS-Device_Driver/src/usb_core.o
                0x00000000080073d8                Standard_GetConfiguration
                0x0000000008007400                Standard_GetInterface
                0x00000000080074e0                Standard_GetStatus
                0x0000000008007560                Standard_SetConfiguration
                0x000000000800759c                Standard_SetInterface
                0x00000000080075ec                Standard_ClearFeature
                0x00000000080076c4                Standard_SetEndPointFeature
                0x0000000008007754                Standard_SetDeviceFeature
                0x0000000008007778                Standard_GetDescriptorData
                0x0000000008007794                Post0_Process
                0x00000000080077d8                Setup0_Process
                0x0000000008007b5c                Out0_Process
                0x0000000008007c44                SetDeviceAddress
                0x0000000008007c80                In0_Process
                0x0000000008007cf0                NOP_Process
 .text          0x0000000008007cf4       0xd0 ../../src/stm/Libraries/STM32_USB-FS-Device_Driver/src/usb_init.o
                0x0000000008007cf4                USB_SetDeviceConfiguration
                0x0000000008007d88                USB_Init
 .text          0x0000000008007dc4      0x1e0 ../../src/stm/Libraries/STM32_USB-FS-Device_Driver/src/usb_int.o
                0x0000000008007dc4                CTR_LP
                0x0000000008007f30                CTR_HP
 .text          0x0000000008007fa4       0x5c ../../src/stm/Libraries/STM32_USB-FS-Device_Driver/src/usb_mem.o
                0x0000000008007fa4                UserToPMABufferCopy
                0x0000000008007fe0                PMAToUserBufferCopy
 .text          0x0000000008008000      0x7a4 ../../src/stm/Libraries/STM32_USB-FS-Device_Driver/src/usb_regs.o
                0x0000000008008000                SetCNTR
                0x000000000800800c                GetCNTR
                0x0000000008008018                SetISTR
                0x0000000008008024                GetISTR
                0x0000000008008030                GetFNR
                0x000000000800803c                SetDADDR
                0x0000000008008048                GetDADDR
                0x0000000008008054                SetBTABLE
                0x0000000008008064                GetBTABLE
                0x0000000008008070                SetENDPOINT
                0x0000000008008080                GetENDPOINT
                0x0000000008008090                SetEPType
                0x00000000080080ac                GetEPType
                0x00000000080080c0                SetEPTxStatus
                0x00000000080080ec                SetEPRxStatus
                0x0000000008008118                SetDouBleBuffEPStall
                0x0000000008008144                GetEPTxStatus
                0x0000000008008158                GetEPRxStatus
                0x000000000800816c                SetEPTxValid
                0x000000000800818c                SetEPRxValid
                0x00000000080081ac                SetEP_KIND
                0x00000000080081cc                ClearEP_KIND
                0x00000000080081e4                Clear_Status_Out
                0x00000000080081fc                Set_Status_Out
                0x000000000800821c                SetEPDoubleBuff
                0x000000000800823c                ClearEPDoubleBuff
                0x0000000008008254                GetTxStallStatus
                0x0000000008008270                GetRxStallStatus
                0x000000000800828c                ClearEP_CTR_RX
                0x00000000080082a4                ClearEP_CTR_TX
                0x00000000080082bc                ToggleDTOG_RX
                0x00000000080082d8                ToggleDTOG_TX
                0x00000000080082f4                ClearDTOG_RX
                0x0000000008008314                ClearDTOG_TX
                0x0000000008008334                SetEPAddress
                0x000000000800834c                GetEPAddress
                0x0000000008008360                SetEPTxAddr
                0x0000000008008380                SetEPRxAddr
                0x00000000080083a0                GetEPTxAddr
                0x00000000080083bc                GetEPRxAddr
                0x00000000080083d8                SetEPTxCount
                0x00000000080083f4                SetEPCountRxReg
                0x000000000800841c                SetEPRxCount
                0x0000000008008460                GetEPTxCount
                0x0000000008008480                GetEPRxCount
                0x00000000080084a0                SetEPDblBuffAddr
                0x00000000080084dc                SetEPDblBuf0Addr
                0x00000000080084fc                SetEPDblBuf1Addr
                0x000000000800851c                GetEPDblBuf0Addr
                0x0000000008008538                GetEPDblBuf1Addr
                0x0000000008008554                SetEPDblBuffCount
                0x000000000800860c                SetEPDblBuf0Count
                0x000000000800866c                SetEPDblBuf1Count
                0x00000000080086cc                GetEPDblBuf0Count
                0x00000000080086ec                GetEPDblBuf1Count
                0x000000000800870c                GetEPDblBufDir
                0x0000000008008750                FreeUserBuffer
                0x0000000008008790                ToWord
                0x0000000008008798                ByteSwap
 .text          0x00000000080087a4     0x1024 ../../src/crypt/aes/aes.o
                0x00000000080089e0                aes_setkey_enc
                0x0000000008008bbc                aes_setkey_dec
                0x0000000008008ce8                aes_crypt_ecb
                0x00000000080096a8                aes_crypt_cbc
                0x000000000800974c                aes_crypt_cfb128
 .text          0x00000000080097c8      0x308 ../../src/crypt/sha1/sha1.o
                0x00000000080097c8                ch
                0x00000000080097d4                maj
                0x00000000080097e0                parity
                0x00000000080097e8                sha1_init
                0x0000000008009820                sha1_nextBlock
                0x000000000800996c                sha1_lastBlock
                0x0000000008009a38                sha1_ctx2hash
                0x0000000008009a48                sha1
 .text          0x0000000008009ad0      0x1b4 ../../src/crypt/sha1/hmac-sha1.o
                0x0000000008009ad0                hmac_sha1_init
                0x0000000008009b48                hmac_sha1_nextBlock
                0x0000000008009b4c                hmac_sha1_lastBlock
                0x0000000008009b8c                hmac_sha1_final
                0x0000000008009bb0                hmac_sha1
 .text          0x0000000008009c84      0x5d0 ../../src/hotp/hotp.o
                0x0000000008009c84                endian_swap
                0x0000000008009c90                dynamic_truncate
                0x0000000008009cb4                crc
                0x0000000008009cd4                write_data_to_flash
                0x0000000008009d04                get_hotp_value
                0x0000000008009d78                get_counter_value
                0x0000000008009d9c                get_time_value
                0x0000000008009e14                set_time_value
                0x0000000008009e88                set_counter_value
                0x0000000008009ecc                increment_counter_page
                0x0000000008009fc8                get_code_from_hotp_slot
                0x000000000800a048                backup_data
                0x000000000800a08c                erase_counter
                0x000000000800a0ac                write_to_slot
                0x000000000800a15c                check_backups
                0x000000000800a1c4                get_hotp_slot_config
                0x000000000800a1dc                get_totp_slot_config
                0x000000000800a1f8                get_code_from_totp_slot
 .text          0x000000000800a254      0x250 ../../src/keyboard/keyboard.o
                0x000000000800a288                sendChar
                0x000000000800a304                sendEnter
                0x000000000800a33c                sendKeys
                0x000000000800a34c                sendNumber
                0x000000000800a3d4                sendNumberN
                0x000000000800a450                sendString
                0x000000000800a46c                sendTab
 *fill*         0x000000000800a4a4        0x4 
 .text          0x000000000800a4a8      0xbd0 ../../src/keyboard/report_protocol.o
                0x000000000800a4a8                cmd_get_status
                0x000000000800a4e8                cmd_get_password_retry_count
                0x000000000800a4f8                cmd_get_user_password_retry_count
                0x000000000800a508                cmd_write_to_slot
                0x000000000800a5dc                cmd_read_slot_name
                0x000000000800a654                cmd_read_slot
                0x000000000800a764                cmd_get_code
                0x000000000800a808                cmd_write_config
                0x000000000800a844                cmd_erase_slot
                0x000000000800a8b4                cmd_first_authenticate
                0x000000000800a928                cmd_user_authenticate
                0x000000000800a99c                cmd_change_user_pin
                0x000000000800aa14                cmd_change_admin_pin
                0x000000000800aa90                cmd_authorize
                0x000000000800aad8                cmd_user_authorize
                0x000000000800ab20                cmd_factory_reset
                0x000000000800ab60                cmd_set_time
                0x000000000800abdc                cmd_getPasswordSafeStatus
                0x000000000800ac14                cmd_getPasswordSafeSlotName
                0x000000000800ac30                cmd_getPasswordSafeSlotPassword
                0x000000000800ac4c                cmd_getPasswordSafeSlotLoginName
                0x000000000800ac68                cmd_setPasswordSafeSetSlotData_1
                0x000000000800ac88                cmd_setPasswordSafeSetSlotData_2
                0x000000000800aca4                cmd_getPasswordSafeEraseSlot
                0x000000000800acbc                cmd_getPasswordSafeEnable
                0x000000000800accc                cmd_getPasswordSafeInitKey
                0x000000000800ace4                cmd_getPasswordSafeSendData
                0x000000000800ad00                cmd_detectSmartCardAES
                0x000000000800ad58                cmd_newAesKey
                0x000000000800ad70                cmd_getProDebug
                0x000000000800ad94                parse_report
                0x000000000800b074                cmd_lockDevice
 .text          0x000000000800b078       0x24 ../../src/usb/usb_endp.o
                0x000000000800b078                EP1_IN_Callback
                0x000000000800b07c                EP2_OUT_Callback
                0x000000000800b080                EP2_IN_Callback
                0x000000000800b084                XEP3_IN_Callback
                0x000000000800b090                EP4_IN_Callback
 .text          0x000000000800b09c       0xc8 ../../src/usb/usb_bot.o
                0x000000000800b09c                Mass_Storage_In
                0x000000000800b0a0                Mass_Storage_Out
                0x000000000800b0a4                CBW_Decode
                0x000000000800b0a8                Transfer_Data_Request
                0x000000000800b0e0                Set_CSW
                0x000000000800b124                Bot_Abort
 .text          0x000000000800b164      0x168 ../../src/usb/usb_pwr.o
                0x000000000800b164                PowerOn
                0x000000000800b194                PowerOff
                0x000000000800b1b8                Suspend
                0x000000000800b1d8                Resume_Init
                0x000000000800b1f8                Resume
                0x000000000800b2b0                USB_Start
 .text          0x000000000800b2cc       0xe4 ../../src/usb/usb_istr.o
                0x000000000800b2cc                USB_Istr
 .text          0x000000000800b3b0      0x480 ../../src/pwd-safe/FlashStorage.o
                0x000000000800b3b0                WriteDebug
                0x000000000800b404                GetDebug
                0x000000000800b440                WriteAESStorageKeyToUserPage
                0x000000000800b494                ReadAESStorageKeyToUserPage
                0x000000000800b4b8                WriteStickConfigurationToUserPage
                0x000000000800b50c                ReadStickConfigurationFromUserPage
                0x000000000800b528                InitStickConfigurationToUserPage_u8
                0x000000000800b55c                SetSdCardNotFilledWithRandomCharsToFlash
                0x000000000800b588                SetStickKeysNotInitatedToFlash
                0x000000000800b5b0                ClearStickKeysNotInitatedToFlash
                0x000000000800b5d8                WriteXorPatternToFlash
                0x000000000800b648                ReadXorPatternFromFlash
                0x000000000800b678                WritePasswordSafeKey
                0x000000000800b6e8                ReadPasswordSafeKey
                0x000000000800b718                EraseLocalFlashKeyValues_u32
 .text          0x000000000800b830      0x244 ../../src/pwd-safe/HandleAesStorageKey.o
                0x000000000800b830                BuildNewAesStorageKey_u32
                0x000000000800b89c                BuildNewAesMasterKey_u32
                0x000000000800b8f8                BuildNewXorPattern_u32
                0x000000000800b930                XorAesKey_u32
                0x000000000800b954                BuildStorageKeys_u32
                0x000000000800b9a0                DecryptKeyViaSmartcard_u32
                0x000000000800b9b8                GetStorageKey_u32
                0x000000000800b9dc                CheckStorageKey_u8
                0x000000000800b9f4                StartupCheck_u8
                0x000000000800ba20                HighLevelTests
 .text          0x000000000800ba74      0x5a4 ../../src/pwd-safe/password_safe.o
                0x000000000800bb18                PWS_WriteSlot
                0x000000000800bbd0                PWS_EraseSlot
                0x000000000800bc94                PWS_ReadSlot
                0x000000000800bca0                PWS_GetAllSlotStatus
                0x000000000800bcec                PWS_GetSlotName
                0x000000000800bd50                PWS_GetSlotPassword
                0x000000000800bdb0                PWS_GetSlotLoginName
                0x000000000800bdf8                PWS_WriteSlotData_1
                0x000000000800be78                PWS_WriteSlotData_2
                0x000000000800beac                BuildPasswordSafeKey_u32
                0x000000000800bef0                PWS_DecryptedPasswordSafeKey
                0x000000000800bf04                PWS_EnableAccess
                0x000000000800bf38                PWS_DisableKey
                0x000000000800bf68                PWS_InitKey
                0x000000000800bf88                PWS_CheckPasswordSafeKey_u8
                0x000000000800bfa0                PWS_GetDecryptedPasswordSafeKey
                0x000000000800bfbc                PWS_SendData
 .text          0x000000000800c018        0x0 /usr/lib/gcc/arm-none-eabi/4.8/../../../arm-none-eabi/lib/armv7-m/libc.a(lib_a-memcmp.o)
 .text          0x000000000800c018       0xec /usr/lib/gcc/arm-none-eabi/4.8/../../../arm-none-eabi/lib/armv7-m/libc.a(lib_a-memcpy.o)
                0x000000000800c018                memcpy
 .text          0x000000000800c104        0x0 /usr/lib/gcc/arm-none-eabi/4.8/../../../arm-none-eabi/lib/armv7-m/libc.a(lib_a-memmove.o)
 .text          0x000000000800c104        0x0 /usr/lib/gcc/arm-none-eabi/4.8/../../../arm-none-eabi/lib/armv7-m/libc.a(lib_a-memset.o)
 .text          0x000000000800c104        0x0 /usr/lib/gcc/arm-none-eabi/4.8/../../../arm-none-eabi/lib/armv7-m/libc.a(lib_a-rand.o)
 .text          0x000000000800c104       0x1c /usr/lib/gcc/arm-none-eabi/4.8/../../../arm-none-eabi/lib/armv7-m/libc.a(lib_a-setjmp.o)
                0x000000000800c104                setjmp
                0x000000000800c110                longjmp
 .text          0x000000000800c120        0x0 /usr/lib/gcc/arm-none-eabi/4.8/../../../arm-none-eabi/lib/armv7-m/libc.a(lib_a-strcpy.o)
 .text          0x000000000800c120        0x0 /usr/lib/gcc/arm-none-eabi/4.8/../../../arm-none-eabi/lib/armv7-m/libc.a(lib_a-strlen.o)
 .text          0x000000000800c120        0x0 /usr/lib/gcc/arm-none-eabi/4.8/../../../arm-none-eabi/lib/armv7-m/libc.a(lib_a-impure.o)
 .text          0x000000000800c120       0x2c /usr/lib/gcc/arm-none-eabi/4.8/armv7-m/libgcc.a(_aeabi_uldivmod.o)
                0x000000000800c120                __aeabi_uldivmod
 .text          0x000000000800c14c       0x60 /usr/lib/gcc/arm-none-eabi/4.8/armv7-m/libgcc.a(bpabi.o)
                0x000000000800c14c                __gnu_ldivmod_helper
                0x000000000800c17c                __gnu_uldivmod_helper
 .text          0x000000000800c1ac        0x4 /usr/lib/gcc/arm-none-eabi/4.8/armv7-m/libgcc.a(_dvmd_tls.o)
                0x000000000800c1ac                __aeabi_ldiv0
                0x000000000800c1ac                __aeabi_idiv0
 .text          0x000000000800c1b0      0x2a0 /usr/lib/gcc/arm-none-eabi/4.8/armv7-m/libgcc.a(_divdi3.o)
                0x000000000800c1b0                __divdi3
 .text          0x000000000800c450      0x290 /usr/lib/gcc/arm-none-eabi/4.8/armv7-m/libgcc.a(_udivdi3.o)
                0x000000000800c450                __udivdi3
 *(.text.*)
 .text.startup  0x000000000800c6e0      0x204 ../../src/main.o
                0x000000000800c6e0                main
 .text.memcmp   0x000000000800c8e4       0x68 /usr/lib/gcc/arm-none-eabi/4.8/../../../arm-none-eabi/lib/armv7-m/libc.a(lib_a-memcmp.o)
                0x000000000800c8e4                memcmp
 .text.memmove  0x000000000800c94c       0xcc /usr/lib/gcc/arm-none-eabi/4.8/../../../arm-none-eabi/lib/armv7-m/libc.a(lib_a-memmove.o)
                0x000000000800c94c                memmove
 .text.memset   0x000000000800ca18       0x94 /usr/lib/gcc/arm-none-eabi/4.8/../../../arm-none-eabi/lib/armv7-m/libc.a(lib_a-memset.o)
                0x000000000800ca18                memset
 .text.srand    0x000000000800caac       0x18 /usr/lib/gcc/arm-none-eabi/4.8/../../../arm-none-eabi/lib/armv7-m/libc.a(lib_a-rand.o)
                0x000000000800caac                srand
 .text.rand     0x000000000800cac4       0x48 /usr/lib/gcc/arm-none-eabi/4.8/../../../arm-none-eabi/lib/armv7-m/libc.a(lib_a-rand.o)
                0x000000000800cac4                rand
 .text.strcpy   0x000000000800cb0c       0xbc /usr/lib/gcc/arm-none-eabi/4.8/../../../arm-none-eabi/lib/armv7-m/libc.a(lib_a-strcpy.o)
                0x000000000800cb0c                strcpy
 .text.strlen   0x000000000800cbc8       0x5c /usr/lib/gcc/arm-none-eabi/4.8/../../../arm-none-eabi/lib/armv7-m/libc.a(lib_a-strlen.o)
                0x000000000800cbc8                strlen
 *(.rodata)
 .rodata        0x000000000800cc24       0x80 ../../src/ccid/Ifd_protocol.o
                0x000000000800cc24                Dmul64vsDI
                0x000000000800cc64                FvsFI
 .rodata        0x000000000800cca4       0xa0 ../../src/ccid/CcidLocalAccess.o
 .rodata        0x000000000800cd44       0x98 ../../src/ccid/smartcard/smartcard.o
                0x000000000800cdc4                CHV1
                0x000000000800cdcc                IMSI
                0x000000000800cdd0                ICCID
                0x000000000800cdd4                GSMDir
                0x000000000800cdd8                MasterRoot
 .rodata        0x000000000800cddc      0x140 ../../src/ccid/CCIDHID_USB/CCIDHID_usb_desc.o
                0x000000000800cddc                CCID_StringInterface
                0x000000000800cdec                CCID_StringProduct
                0x000000000800ce10                CCID_StringVendor
                0x000000000800ce44                CCID_StringLangID
                0x000000000800ce48                Keyboard_ReportDescriptor
                0x000000000800ce90                CCID_ConfigDescriptor
                0x000000000800cf08                CCID_DeviceDescriptor
 .rodata        0x000000000800cf1c       0x9c ../../src/sd-disk/sd-usb/usb_desc.o
                0x000000000800cf1c                MASS_StringInterface
                0x000000000800cf34                MASS_StringProduct
                0x000000000800cf6c                MASS_StringVendor
                0x000000000800cf80                MASS_StringLangID
                0x000000000800cf84                MASS_ConfigDescriptor
                0x000000000800cfa4                MASS_DeviceDescriptor
 .rodata        0x000000000800cfb8       0x14 ../../src/stm/Libraries/CMSIS/Core/CM3/system_stm32f10x.o
                0x000000000800cfb8                SystemFrequency_APB2Clk
                0x000000000800cfbc                SystemFrequency_APB1Clk
                0x000000000800cfc0                SystemFrequency_AHBClk
                0x000000000800cfc4                SystemFrequency_SysClk
                0x000000000800cfc8                SystemFrequency
 .rodata        0x000000000800cfcc        0x8 ../../src/stm/Libraries/STM32F10x_StdPeriph_Driver/src/stm32f10x_can.o
 .rodata        0x000000000800cfd4       0x20 ../../src/crypt/sha1/sha1.o
 *(.rodata*)
 .rodata.str1.4
                0x000000000800cff4       0x13 ../../src/ccid/Ifd_protocol.o
                                         0x14 (size before relaxing)
 *fill*         0x000000000800d007        0x1 
 .rodata.str1.4
                0x000000000800d008        0x7 ../../src/ccid/CcidLocalAccess.o
                                          0x8 (size before relaxing)
 *fill*         0x000000000800d00f        0x1 
 .rodata.str1.4
                0x000000000800d010        0x9 ../../src/pwd-safe/HandleAesStorageKey.o
                                          0xc (size before relaxing)
 *fill*         0x000000000800d019        0x3 
 .rodata.str1.4
                0x000000000800d01c        0x4 /usr/lib/gcc/arm-none-eabi/4.8/../../../arm-none-eabi/lib/armv7-m/libc.a(lib_a-impure.o)
 .rodata._global_impure_ptr
                0x000000000800d020        0x4 /usr/lib/gcc/arm-none-eabi/4.8/../../../arm-none-eabi/lib/armv7-m/libc.a(lib_a-impure.o)
                0x000000000800d020                _global_impure_ptr
 *(.glue_7)
 .glue_7        0x000000000800d024        0x0 linker stubs
 *(.glue_7t)
 .glue_7t       0x000000000800d024        0x0 linker stubs
                0x000000000800d024                . = ALIGN (0x4)
                0x000000000800d024                _etext = .
                0x000000000800d024                _sidata = _etext

.vfp11_veneer   0x000000000800d024        0x0
 .vfp11_veneer  0x000000000800d024        0x0 linker stubs

.v4_bx          0x000000000800d024        0x0
 .v4_bx         0x000000000800d024        0x0 linker stubs

.iplt           0x000000000800d024        0x0
 .iplt          0x000000000800d024        0x0 ../../src/main.o

.rel.dyn        0x000000000800d024        0x0
 .rel.iplt      0x000000000800d024        0x0 ../../src/main.o

.data           0x0000000020000000      0x6fc load address 0x000000000800d024
                0x0000000020000000                . = ALIGN (0x4)
                0x0000000020000000                _sdata = .
 *(.data)
 .data          0x0000000020000000        0x8 ../../src/main.o
                0x0000000020000000                nFlagSendSMCardInserted
                0x0000000020000004                nGlobalStickState
 .data          0x0000000020000008        0x0 ../../src/hw_config.o
 .data          0x0000000020000008        0x0 ../../src/test_code.o
 .data          0x0000000020000008        0x0 ../../src/tools.o
 .data          0x0000000020000008        0x0 ../../src/utils/memory_ops.o
 .data          0x0000000020000008        0x0 ../../src/ccid/Ccid_usb.o
 .data          0x0000000020000008        0x0 ../../src/ccid/Ifd_protocol.o
 .data          0x0000000020000008        0x0 ../../src/ccid/Crd.o
 .data          0x0000000020000008        0x0 ../../src/ccid/Ifd_ccid.o
 .data          0x0000000020000008        0x0 ../../src/ccid/CcidLocalAccess.o
 .data          0x0000000020000008        0x8 ../../src/ccid/smartcard/smartcard.o
 .data          0x0000000020000010       0xa0 ../../src/ccid/CCIDHID_USB/CCIDHID_usb_prop.o
                0x0000000020000010                Keyboard_Report_Descriptor
                0x0000000020000018                Keyboard_Hid_Descriptor
                0x0000000020000020                CCID_String_Descriptor
                0x0000000020000048                CCID_Config_Descriptor
                0x0000000020000050                CCID_Device_Descriptor
                0x0000000020000058                CCID_User_Standard_Requests
                0x000000002000007c                CCID_Device_Property
                0x00000000200000ac                CCID_Device_Table