Archive member included because of file (symbol)

/usr/lib/gcc/arm-none-eabi/4.8.2/../../../arm-none-eabi/lib/armv7-m/libc.a(lib_a-memcmp.o)
                              ../../src/KEYBOARD/report_protocol.o (memcmp)
/usr/lib/gcc/arm-none-eabi/4.8.2/../../../arm-none-eabi/lib/armv7-m/libc.a(lib_a-memcpy.o)
                              ../../src/CCID/CcidLocalAccess.o (memcpy)
/usr/lib/gcc/arm-none-eabi/4.8.2/../../../arm-none-eabi/lib/armv7-m/libc.a(lib_a-memmove.o)
                              ../../src/CRYPT/SHA1/sha1.o (memmove)
/usr/lib/gcc/arm-none-eabi/4.8.2/../../../arm-none-eabi/lib/armv7-m/libc.a(lib_a-memset.o)
                              ../../src/CRYPT/SHA1/sha1.o (memset)
/usr/lib/gcc/arm-none-eabi/4.8.2/../../../arm-none-eabi/lib/armv7-m/libc.a(lib_a-setjmp.o)
                              ../../src/main.o (setjmp)
/usr/lib/gcc/arm-none-eabi/4.8.2/../../../arm-none-eabi/lib/armv7-m/libc.a(lib_a-strcpy.o)
                              ../../src/CCID/CcidLocalAccess.o (strcpy)
/usr/lib/gcc/arm-none-eabi/4.8.2/../../../arm-none-eabi/lib/armv7-m/libc.a(lib_a-strlen.o)
                              ../../src/CCID/CcidLocalAccess.o (strlen)

Allocating common symbols
Common symbol       size              file

SaveRState          0x2               ../../src/STM/Libraries/STM32_USB-FS-Device_Driver/src/usb_int.o
UsbIntMessageBuffer
                    0x4               ../../src/CCID/Ccid_usb.o
InstructionByte     0x1               ../../src/CCID/Crd.o
HID_SetReport_Value
                    0x40              ../../src/CCID/CCIDHID_USB/CCIDHID_usb_prop.o
CBW                 0x20              ../../src/USB/usb_bot.o
CrdFlags            0x1               ../../src/CCID/Crd.o
CrdBufferSize       0x4               ../../src/CCID/Crd.o
temp_password       0x19              ../../src/KEYBOARD/report_protocol.o
UsbMessageFlags     0x1               ../../src/CCID/Ccid_usb.o
SaveState           0x2               ../../src/STM/Libraries/STM32_USB-FS-Device_Driver/src/usb_init.o
ProtocolValue       0x4               ../../src/CCID/CCIDHID_USB/CCIDHID_usb_prop.o
SC_ATR_Table        0x28              ../../src/CCID/SMARTCARD/smartcard.o
wIstr               0x2               ../../src/USB/usb_istr.o
pProperty           0x4               ../../src/STM/Libraries/STM32_USB-FS-Device_Driver/src/usb_init.o
UsbMessageBuffer    0x160             ../../src/CCID/Ccid_usb.o
EPindex             0x1               ../../src/STM/Libraries/STM32_USB-FS-Device_Driver/src/usb_init.o
message             0x40              ../../src/CCID/CCIDHID_USB/CCIDHID_usb_prop.o
Data_Len            0x2               ../../src/USB/usb_bot.o
MASS_Device_Info    0x1c              ../../src/SD_DISK/SD_USB/usb_prop.o
Bot_State           0x1               ../../src/USB/usb_bot.o
SCSI_LBA            0x4               ../../src/USB/usb_bot.o
SaveTState          0x2               ../../src/STM/Libraries/STM32_USB-FS-Device_Driver/src/usb_int.o
Device_Info         0x4               ../../src/STM/Libraries/STM32_USB-FS-Device_Driver/src/usb_init.o
AbortSequenceNumber
                    0x1               ../../src/CCID/Ccid_usb.o
jmpRestartUSB       0x5c              ../../src/main.o
pUser_Standard_Requests
                    0x4               ../../src/STM/Libraries/STM32_USB-FS-Device_Driver/src/usb_init.o
BulkStatus          0x1               ../../src/CCID/Ccid_usb.o
CSW                 0x10              ../../src/USB/usb_bot.o
SCSI_BlkLen         0x4               ../../src/USB/usb_bot.o
StatusInfo          0x2               ../../src/STM/Libraries/STM32_USB-FS-Device_Driver/src/usb_core.o
pInformation        0x4               ../../src/STM/Libraries/STM32_USB-FS-Device_Driver/src/usb_init.o
CCID_Device_Info    0x1c              ../../src/CCID/CCIDHID_USB/CCIDHID_usb_prop.o
ResumeS             0x2               ../../src/USB/usb_pwr.o
Bulk_Data_Buff      0x40              ../../src/USB/usb_bot.o
page_buffer         0x3e8             ../../src/CRYPT/hotp.o
ProcedureByte       0x1               ../../src/CCID/Crd.o
SC_A2R              0x2f              ../../src/CCID/SMARTCARD/smartcard.o
pCrdBuffer          0x4               ../../src/CCID/Crd.o
SC_Responce         0x16              ../../src/CCID/SMARTCARD/smartcard.o
CrdNbData           0x4               ../../src/CCID/Crd.o
HID_GetReport_Value
                    0x40              ../../src/CCID/CCIDHID_USB/CCIDHID_usb_prop.o
HID_GetReport_Value_tmp
                    0x40              ../../src/CCID/CCIDHID_USB/CCIDHID_usb_prop.o
HID_SetReport_Value_tmp
                    0x40              ../../src/CCID/CCIDHID_USB/CCIDHID_usb_prop.o
wInterrupt_Mask     0x2               ../../src/STM/Libraries/STM32_USB-FS-Device_Driver/src/usb_init.o

Memory Configuration

Name             Origin             Length             Attributes
RAM              0x0000000020000000 0x0000000000005000 xrw
FLASH            0x0000000008000000 0x0000000000020000 xr
FLASHB1          0x0000000000000000 0x0000000000000000 xr
EXTMEMB0         0x0000000000000000 0x0000000000000000 xr
EXTMEMB1         0x0000000000000000 0x0000000000000000 xr
EXTMEMB2         0x0000000000000000 0x0000000000000000 xr
EXTMEMB3         0x0000000000000000 0x0000000000000000 xr
*default*        0x0000000000000000 0xffffffffffffffff

Linker script and memory map

LOAD ../../src/main.o
LOAD ../../src/hw_config.o
LOAD ../../src/test_code.o
LOAD ../../src/memory_ops.o
LOAD ../../src/CCID/Ccid_usb.o
LOAD ../../src/CCID/Ifd_protocol.o
LOAD ../../src/CCID/Crd.o
LOAD ../../src/CCID/Ifd_ccid.o
LOAD ../../src/CCID/CcidLocalAccess.o
LOAD ../../src/CCID/SMARTCARD/smartcard.o
LOAD ../../src/CCID/CCIDHID_USB/CCIDHID_usb_prop.o
LOAD ../../src/CCID/CCIDHID_USB/CCIDHID_usb_desc.o
LOAD ../../src/SD_DISK/SD_USB/usb_desc.o
LOAD ../../src/SD_DISK/SD_USB/usb_prop.o
LOAD ../../src/STM/stm32f10x_systick.o
LOAD ../../src/STM/stm32f10x_it.o
LOAD ../../src/STM/Libraries/CMSIS/Core/CM3/core_cm3.o
LOAD ../../src/STM/Libraries/CMSIS/Core/CM3/system_stm32f10x.o
LOAD ../../src/STM/Libraries/CMSIS/Core/CM3/startup/gcc/startup_stm32f10x_hd.o
LOAD ../../src/STM/Libraries/STM32F10x_StdPeriph_Driver/src/misc.o
LOAD ../../src/STM/Libraries/STM32F10x_StdPeriph_Driver/src/stm32f10x_adc.o
LOAD ../../src/STM/Libraries/STM32F10x_StdPeriph_Driver/src/stm32f10x_bkp.o
LOAD ../../src/STM/Libraries/STM32F10x_StdPeriph_Driver/src/stm32f10x_can.o
LOAD ../../src/STM/Libraries/STM32F10x_StdPeriph_Driver/src/stm32f10x_crc.o
LOAD ../../src/STM/Libraries/STM32F10x_StdPeriph_Driver/src/stm32f10x_dac.o
LOAD ../../src/STM/Libraries/STM32F10x_StdPeriph_Driver/src/stm32f10x_dbgmcu.o
LOAD ../../src/STM/Libraries/STM32F10x_StdPeriph_Driver/src/stm32f10x_dma.o
LOAD ../../src/STM/Libraries/STM32F10x_StdPeriph_Driver/src/stm32f10x_exti.o
LOAD ../../src/STM/Libraries/STM32F10x_StdPeriph_Driver/src/stm32f10x_flash.o
LOAD ../../src/STM/Libraries/STM32F10x_StdPeriph_Driver/src/stm32f10x_fsmc.o
LOAD ../../src/STM/Libraries/STM32F10x_StdPeriph_Driver/src/stm32f10x_gpio.o
LOAD ../../src/STM/Libraries/STM32F10x_StdPeriph_Driver/src/stm32f10x_i2c.o
LOAD ../../src/STM/Libraries/STM32F10x_StdPeriph_Driver/src/stm32f10x_iwdg.o
LOAD ../../src/STM/Libraries/STM32F10x_StdPeriph_Driver/src/stm32f10x_pwr.o
LOAD ../../src/STM/Libraries/STM32F10x_StdPeriph_Driver/src/stm32f10x_rcc.o
LOAD ../../src/STM/Libraries/STM32F10x_StdPeriph_Driver/src/stm32f10x_rtc.o
LOAD ../../src/STM/Libraries/STM32F10x_StdPeriph_Driver/src/stm32f10x_sdio.o
LOAD ../../src/STM/Libraries/STM32F10x_StdPeriph_Driver/src/stm32f10x_spi.o
LOAD ../../src/STM/Libraries/STM32F10x_StdPeriph_Driver/src/stm32f10x_tim.o
LOAD ../../src/STM/Libraries/STM32F10x_StdPeriph_Driver/src/stm32f10x_usart.o
LOAD ../../src/STM/Libraries/STM32F10x_StdPeriph_Driver/src/stm32f10x_wwdg.o
LOAD ../../src/STM/Libraries/STM32_USB-FS-Device_Driver/src/usb_core.o
LOAD ../../src/STM/Libraries/STM32_USB-FS-Device_Driver/src/usb_init.o
LOAD ../../src/STM/Libraries/STM32_USB-FS-Device_Driver/src/usb_int.o
LOAD ../../src/STM/Libraries/STM32_USB-FS-Device_Driver/src/usb_mem.o
LOAD ../../src/STM/Libraries/STM32_USB-FS-Device_Driver/src/usb_regs.o
LOAD ../../src/CRYPT/AES/aes.o
LOAD ../../src/CRYPT/SHA1/sha1.o
LOAD ../../src/CRYPT/SHA1/hmac-sha1.o
LOAD ../../src/CRYPT/hotp.o
LOAD ../../src/KEYBOARD/keyboard.o
LOAD ../../src/KEYBOARD/report_protocol.o
LOAD ../../src/USB/usb_endp.o
LOAD ../../src/USB/usb_bot.o
LOAD ../../src/USB/usb_pwr.o
LOAD ../../src/USB/usb_istr.o
LOAD /usr/lib/gcc/arm-none-eabi/4.8.2/../../../arm-none-eabi/lib/armv7-m/libc.a
LOAD /usr/lib/gcc/arm-none-eabi/4.8.2/../../../arm-none-eabi/lib/armv7-m/libm.a
LOAD /usr/lib/gcc/arm-none-eabi/4.8.2/../../../arm-none-eabi/lib/armv7-m/libc.a
LOAD /usr/lib/gcc/arm-none-eabi/4.8.2/armv7-m/libgcc.a
START GROUP
LOAD /usr/lib/gcc/arm-none-eabi/4.8.2/armv7-m/libgcc.a
LOAD /usr/lib/gcc/arm-none-eabi/4.8.2/../../../arm-none-eabi/lib/armv7-m/libg.a
LOAD /usr/lib/gcc/arm-none-eabi/4.8.2/../../../arm-none-eabi/lib/armv7-m/libc.a
END GROUP
                0x0000000000000400                __Stack_Size = 0x400
                0x0000000000000400                PROVIDE (_Stack_Size, __Stack_Size)
                0x0000000020004c00                __Stack_Init = (_estack - __Stack_Size)
                0x0000000020004c00                PROVIDE (_Stack_Init, __Stack_Init)
                0x0000000000000100                _Minimum_Stack_Size = 0x100
                0x0000000000000000                PROVIDE (Undefined_Handler, 0x0)
                0x0000000000000000                PROVIDE (SWI_Handler, 0x0)
                0x0000000000000000                PROVIDE (IRQ_Handler, 0x0)
                0x0000000000000000                PROVIDE (Prefetch_Handler, 0x0)
                0x0000000000000000                PROVIDE (Abort_Handler, 0x0)
                0x0000000000000000                PROVIDE (FIQ_Handler, 0x0)
                0x0000000000000000                PROVIDE (NMIException, 0x0)
                0x0000000000000000                PROVIDE (HardFaultException, 0x0)
                0x0000000000000000                PROVIDE (MemManageException, 0x0)
                0x0000000000000000                PROVIDE (BusFaultException, 0x0)
                0x0000000000000000                PROVIDE (UsageFaultException, 0x0)
                0x0000000000000000                PROVIDE (SVCHandler, 0x0)
                0x0000000000000000                PROVIDE (DebugMonitor, 0x0)
                0x0000000000000000                PROVIDE (PendSVC, 0x0)
                0x0000000000000000                PROVIDE (SysTickHandler, 0x0)
                0x0000000000000000                PROVIDE (WWDG_IRQHandler, 0x0)
                0x0000000000000000                PROVIDE (PVD_IRQHandler, 0x0)
                0x0000000000000000                PROVIDE (TAMPER_IRQHandler, 0x0)
                0x0000000000000000                PROVIDE (RTC_IRQHandler, 0x0)
                0x0000000000000000                PROVIDE (FLASH_IRQHandler, 0x0)
                0x0000000000000000                PROVIDE (RCC_IRQHandler, 0x0)
                0x0000000000000000                PROVIDE (EXTI0_IRQHandler, 0x0)
                0x0000000000000000                PROVIDE (EXTI1_IRQHandler, 0x0)
                0x0000000000000000                PROVIDE (EXTI2_IRQHandler, 0x0)
                0x0000000000000000                PROVIDE (EXTI3_IRQHandler, 0x0)
                0x0000000000000000                PROVIDE (EXTI4_IRQHandler, 0x0)
                0x0000000000000000                PROVIDE (DMAChannel1_IRQHandler, 0x0)
                0x0000000000000000                PROVIDE (DMAChannel2_IRQHandler, 0x0)
                0x0000000000000000                PROVIDE (DMAChannel3_IRQHandler, 0x0)
                0x0000000000000000                PROVIDE (DMAChannel4_IRQHandler, 0x0)
                0x0000000000000000                PROVIDE (DMAChannel5_IRQHandler, 0x0)
                0x0000000000000000                PROVIDE (DMAChannel6_IRQHandler, 0x0)
                0x0000000000000000                PROVIDE (DMAChannel7_IRQHandler, 0x0)
                0x0000000000000000                PROVIDE (ADC_IRQHandler, 0x0)
                0x0000000000000000                PROVIDE (USB_HP_CAN_TX_IRQHandler, 0x0)
                0x0000000000000000                PROVIDE (USB_LP_CAN_RX0_IRQHandler, 0x0)
                0x0000000000000000                PROVIDE (CAN_RX1_IRQHandler, 0x0)
                0x0000000000000000                PROVIDE (CAN_SCE_IRQHandler, 0x0)
                0x0000000000000000                PROVIDE (EXTI9_5_IRQHandler, 0x0)
                0x0000000000000000                PROVIDE (TIM1_BRK_IRQHandler, 0x0)
                0x0000000000000000                PROVIDE (TIM1_UP_IRQHandler, 0x0)
                0x0000000000000000                PROVIDE (TIM1_TRG_COM_IRQHandler, 0x0)
                0x0000000000000000                PROVIDE (TIM1_CC_IRQHandler, 0x0)
                0x0000000000000000                PROVIDE (TIM2_IRQHandler, 0x0)
                0x0000000000000000                PROVIDE (TIM3_IRQHandler, 0x0)
                0x0000000000000000                PROVIDE (TIM4_IRQHandler, 0x0)
                0x0000000000000000                PROVIDE (I2C1_EV_IRQHandler, 0x0)
                0x0000000000000000                PROVIDE (I2C1_ER_IRQHandler, 0x0)
                0x0000000000000000                PROVIDE (I2C2_EV_IRQHandler, 0x0)
                0x0000000000000000                PROVIDE (I2C2_ER_IRQHandler, 0x0)
                0x0000000000000000                PROVIDE (SPI1_IRQHandler, 0x0)
                0x0000000000000000                PROVIDE (SPI2_IRQHandler, 0x0)
                0x0000000000000000                PROVIDE (USART1_IRQHandler, 0x0)
                0x0000000000000000                PROVIDE (USART2_IRQHandler, 0x0)
                0x0000000000000000                PROVIDE (USART3_IRQHandler, 0x0)
                0x0000000000000000                PROVIDE (EXTI15_10_IRQHandler, 0x0)
                0x0000000000000000                PROVIDE (RTCAlarm_IRQHandler, 0x0)
                0x0000000000000000                PROVIDE (USBWakeUp_IRQHandler, 0x0)
                0x0000000042000000                PERIPH_BB_BASE = 0x42000000
                0x0000000022000000                SRAM_BB_BASE = 0x22000000
                0x0000000020000000                SRAM_BASE = 0x20000000
                0x0000000040000000                PERIPH_BASE = 0x40000000
                0x0000000040022000                PROVIDE (FLASH_BASE, 0x40022000)
                0x000000001ffff800                PROVIDE (OB_BASE, 0x1ffff800)
                0x0000000040000000                APB1PERIPH_BASE = PERIPH_BASE
                0x0000000040010000                APB2PERIPH_BASE = (PERIPH_BASE + 0x10000)
                0x0000000040020000                AHBPERIPH_BASE = (PERIPH_BASE + 0x20000)
                0x0000000040000000                PROVIDE (TIM2, (APB1PERIPH_BASE + 0x0))
                0x0000000040000400                PROVIDE (TIM3, (APB1PERIPH_BASE + 0x400))
                0x0000000040000800                PROVIDE (TIM4, (APB1PERIPH_BASE + 0x800))
                0x0000000040002800                PROVIDE (RTC, (APB1PERIPH_BASE + 0x2800))
                0x0000000040002c00                PROVIDE (WWDG, (APB1PERIPH_BASE + 0x2c00))
                0x0000000040003000                PROVIDE (IWDG, (APB1PERIPH_BASE + 0x3000))
                0x0000000040003800                PROVIDE (SPI2, (APB1PERIPH_BASE + 0x3800))
                0x0000000040004400                PROVIDE (USART2, (APB1PERIPH_BASE + 0x4400))
                0x0000000040004800                PROVIDE (USART3, (APB1PERIPH_BASE + 0x4800))
                0x0000000040005400                PROVIDE (I2C1, (APB1PERIPH_BASE + 0x5400))
                0x0000000040005800                PROVIDE (I2C2, (APB1PERIPH_BASE + 0x5800))
                0x0000000040006400                PROVIDE (CAN, (APB1PERIPH_BASE + 0x6400))
                0x0000000040006c00                PROVIDE (BKP, (APB1PERIPH_BASE + 0x6c00))
                0x0000000040007000                PROVIDE (PWR, (APB1PERIPH_BASE + 0x7000))
                0x0000000040010000                PROVIDE (AFIO, (APB2PERIPH_BASE + 0x0))
                0x0000000040010400                PROVIDE (EXTI, (APB2PERIPH_BASE + 0x400))
                0x0000000040010800                PROVIDE (GPIOA, (APB2PERIPH_BASE + 0x800))
                0x0000000040010c00                PROVIDE (GPIOB, (APB2PERIPH_BASE + 0xc00))
                0x0000000040011000                PROVIDE (GPIOC, (APB2PERIPH_BASE + 0x1000))
                0x0000000040011400                PROVIDE (GPIOD, (APB2PERIPH_BASE + 0x1400))
                0x0000000040011800                PROVIDE (GPIOE, (APB2PERIPH_BASE + 0x1800))
                0x0000000040012400                PROVIDE (ADC1, (APB2PERIPH_BASE + 0x2400))
                0x0000000040012800                PROVIDE (ADC2, (APB2PERIPH_BASE + 0x2800))
                0x0000000040012c00                PROVIDE (TIM1, (APB2PERIPH_BASE + 0x2c00))
                0x0000000040013000                PROVIDE (SPI1, (APB2PERIPH_BASE + 0x3000))
                0x0000000040013800                PROVIDE (USART1, (APB2PERIPH_BASE + 0x3800))
                0x0000000040020000                PROVIDE (DMA, (AHBPERIPH_BASE + 0x0))
                0x0000000040020008                PROVIDE (DMA_Channel1, (AHBPERIPH_BASE + 0x8))
                0x000000004002001c                PROVIDE (DMA_Channel2, (AHBPERIPH_BASE + 0x1c))
                0x0000000040020030                PROVIDE (DMA_Channel3, (AHBPERIPH_BASE + 0x30))
                0x0000000040020044                PROVIDE (DMA_Channel4, (AHBPERIPH_BASE + 0x44))
                0x0000000040020058                PROVIDE (DMA_Channel5, (AHBPERIPH_BASE + 0x58))
                0x000000004002006c                PROVIDE (DMA_Channel6, (AHBPERIPH_BASE + 0x6c))
                0x0000000040020080                PROVIDE (DMA_Channel7, (AHBPERIPH_BASE + 0x80))
                0x0000000040021000                PROVIDE (RCC, (AHBPERIPH_BASE + 0x1000))
                0x00000000e000e000                SCS_BASE = 0xe000e000
                0x00000000e000e010                PROVIDE (SysTick, (SCS_BASE + 0x10))
                0x00000000e000e100                PROVIDE (NVIC, (SCS_BASE + 0x100))
                0x00000000e000ed00                PROVIDE (SCB, (SCS_BASE + 0xd00))
                0x0000000020005000                _estack = 0x20005000

.isr_vector     0x0000000008000000      0x1e4
                0x0000000008000000                . = ALIGN (0x4)
 *(.isr_vector)
 .isr_vector    0x0000000008000000      0x1e4 ../../src/STM/Libraries/CMSIS/Core/CM3/startup/gcc/startup_stm32f10x_hd.o
                0x0000000008000000                g_pfnVectors
                0x00000000080001e4                . = ALIGN (0x4)

.flashtext      0x00000000080001e4        0x0
                0x00000000080001e4                . = ALIGN (0x4)
 *(.flashtext)
                0x00000000080001e4                . = ALIGN (0x4)

.text           0x00000000080001e4     0xa774
                0x00000000080001e4                . = ALIGN (0x4)
 *(.text)
 .text          0x00000000080001e4       0x58 ../../src/main.o
                0x00000000080001e4                test2
                0x000000000800020c                Test1
 .text          0x000000000800023c      0x3d4 ../../src/hw_config.o
                0x000000000800023c                DisableFirmwareDownloadPort
                0x0000000008000270                DisableSmartcardLED
                0x0000000008000274                EnableSmartcardLED
                0x00000000080002a4                EnableOATHLED
                0x00000000080002d4                EnableButton
                0x0000000008000304                EnableTimer2
                0x0000000008000368                ReadButton
                0x0000000008000378                SwitchSmartcardLED
                0x0000000008000390                SwitchOATHLED
                0x00000000080003a8                StartBlinkingOATHLED
                0x00000000080003b8                Set_USBClock
                0x00000000080003d0                Enter_LowPowerMode
                0x00000000080003e0                Leave_LowPowerMode
                0x000000000800040c                USB_Interrupts_Config
                0x0000000008000468                USB_Cable_Config
                0x000000000800048c                HexToAscii
                0x0000000008000498                Get_SerialNum
                0x0000000008000598                RCC_Config
                0x000000000800059c                MAL_Config
                0x00000000080005a8                USB_Disconnect_Config
                0x00000000080005e0                Set_System
 .text          0x0000000008000610        0x0 ../../src/test_code.o
 .text          0x0000000008000610       0x50 ../../src/memory_ops.o
                0x0000000008000610                getu16
                0x000000000800061c                getu32
                0x0000000008000634                getu64
 .text          0x0000000008000660      0x5d8 ../../src/CCID/Ccid_usb.o
                0x0000000008000660                CCID_Init
                0x0000000008000698                CCID_Init_IT
                0x00000000080006e8                CCID_Suspend_IT
                0x0000000008000738                CCID_Bot_Abort
                0x0000000008000778                CCID_Storage_Out
                0x00000000080007a0                CCID_BulkOutMessage
                0x0000000008000910                CCID_BulkInMessage
                0x0000000008000a1c                CCID_DispatchMessage
                0x0000000008000ad4                CCID_IntMessage
                0x0000000008000bd4                CcidClassRequestAbort
                0x0000000008000bd8                CcidClassRequestGetClockFrequencies
                0x0000000008000bdc                CcidClassRequestGetDataRates
                0x0000000008000be0                CCID_SendCardDetect
                0x0000000008000bfc                CCID_CheckUsbCommunication
                0x0000000008000c20                CCID_SetCardState
                0x0000000008000c2c                CCID_GetCardState
 .text          0x0000000008000c38      0x464 ../../src/CCID/Ifd_protocol.o
                0x0000000008000c38                IFD_Init
                0x0000000008000c88                IFD_ApplyParametersStructure
                0x0000000008000d20                IFD_UpdateConvParameterStructure
                0x0000000008000d44                GetExpectedAnswerSizeFromAPDU
                0x0000000008000d70                IFD_XfrCharT0
                0x0000000008000e14                IFD_XfrBlock
                0x0000000008000ebc                IFD_XfrCharT1
                0x0000000008000ec0                IFD_XfrTpduT0
                0x0000000008000ec4                IFD_XfrTpduT1
                0x0000000008000ec8                IFD_GetParameters
                0x0000000008000ef4                IFD_SetParameters
                0x0000000008000fb4                IFD_EscapeSendHwName
                0x0000000008000fe0                IFD_Escape
                0x0000000008001020                IFD_SetClock
                0x000000000800103c                IFD_SetATRData
 .text          0x000000000800109c      0x2b8 ../../src/CCID/Crd.o
                0x000000000800109c                CRD_Init
                0x00000000080010ac                CRD_GetHwError
                0x00000000080010dc                CRD_VccOn
                0x00000000080010fc                CRD_VccOff
                0x0000000008001100                CRD_VccOff_IT
                0x0000000008001104                CRD_SetMode
                0x0000000008001108                CRD_SetConvention
                0x000000000800110c                CRD_GetSlotStatus
                0x0000000008001110                CRD_GetConvention
                0x0000000008001114                CRD_GetClockStatus
                0x0000000008001118                CRD_SetClock
                0x000000000800111c                CRD_SetEtu
                0x000000000800112c                CRD_SetGuardTime
                0x0000000008001130                CRD_SetWaitingTime
                0x0000000008001134                CRD_StartWaitingTime
                0x0000000008001148                CRD_StopWaitingTime
                0x000000000800114c                CRD_WaitingTime
                0x0000000008001164                CRD_InitReceive
                0x000000000800119c                CRD_CharRepeatOn
                0x00000000080011a0                CRD_CharRepeatOff
                0x00000000080011b4                CRD_EndReceive
                0x00000000080011c0                CRD_InitTransmit
                0x00000000080011ec                CRD_NumberOfBytesToTransmit
                0x00000000080011f8                CRD_EndTransmit
                0x0000000008001204                ICC_ResetAsync
                0x0000000008001238                ICC_SendCommandAsync
                0x00000000080012d0                ICC_ReceiveAnswerAsync
 .text          0x0000000008001354      0x524 ../../src/CCID/Ifd_ccid.o
                0x0000000008001354                PC_to_RDR_IccPowerOn
                0x000000000800139c                PC_to_RDR_IccPowerOff
                0x00000000080013a0                PC_to_RDR_GetSlotStatus
                0x00000000080013f0                PC_to_RDR_XfrBlock
                0x0000000008001478                PC_to_RDR_GetParameters
                0x00000000080014d0                PC_to_RDR_ResetParameters
                0x000000000800153c                PC_to_RDR_SetParameters
                0x00000000080015c4                PC_to_RDR_Escape
                0x000000000800164c                PC_to_RDR_IccClock
                0x00000000080016a8                PC_to_RDR_Abort
                0x0000000008001710                RDR_to_PC_DataBlock
                0x0000000008001744                RDR_to_PC_SlotStatus
                0x0000000008001778                RDR_to_PC_SlotStatus_CardStopped
                0x0000000008001790                RDR_to_PC_Parameters
                0x00000000080017d8                RDR_to_PC_Escape
                0x000000000800180c                CmdNotSupported
                0x0000000008001830                RDR_to_PC_NotifySlotChange
                0x0000000008001850                RDR_to_PC_HardwareError
 .text          0x0000000008001878      0x498 ../../src/CCID/CcidLocalAccess.o
                0x0000000008001878                InitSCTStruct
                0x0000000008001884                GenerateCRC
                0x00000000080018a4                GenerateTPDU
                0x00000000080018fc                GenerateChainedTPDU
                0x0000000008001928                SendTPDU
                0x0000000008001998                SendAPDU
                0x00000000080019e0                CcidSelectOpenPGPApp
                0x0000000008001a28                CcidGetData
                0x0000000008001a54                CcidVerifyPin
                0x0000000008001a94                CcidDecipher
                0x0000000008001af8                AccessTestGPG
                0x0000000008001c24                CcidLocalAccessTest
                0x0000000008001c44                getAID
                0x0000000008001c74                getSerialNumber
                0x0000000008001ca0                getByteOfData
                0x0000000008001cb0                cardAuthenticate
                0x0000000008001cdc                getPasswordRetryCount
 .text          0x0000000008001d10      0xe5c ../../src/CCID/SMARTCARD/smartcard.o
                0x0000000008001df0                GPIO_Configuration_Smartcard
                0x0000000008001e18                SmartcardOn
                0x0000000008001e38                SmartcardOff
                0x0000000008001e58                Delay
                0x0000000008001e8c                Delay_noUSBCheck
                0x0000000008001eb8                SC_PowerCmd
                0x0000000008001f2c                SC_Reset
                0x0000000008001f3c                SC_ParityErrorHandler
                0x0000000008001f68                SC_SetHwParams
                0x0000000008001fec                SC_PTSConfig
                0x0000000008002280                SC_Init
                0x000000000800242c                SC_Handler
                0x000000000800289c                WaitForATR
                0x00000000080028fc                CRD_SendCommand
                0x0000000008002a00                InvalidateATR
                0x0000000008002a10                initSCHardware
                0x0000000008002b24                RestartSmartcard
                0x0000000008002b40                SmartCardInitInterface
 .text          0x0000000008002b6c      0x520 ../../src/CCID/CCIDHID_USB/CCIDHID_usb_prop.o
                0x0000000008002b6c                USB_CCID_Storage_SetDeviceAddress
                0x0000000008002b7c                USB_CCID_Status_Out
                0x0000000008002b80                USB_CCID_Data_Setup
                0x0000000008002c30                USB_CCID_NoData_Setup
                0x0000000008002c5c                USB_CCID_Get_Interface_Setting
                0x0000000008002c6c                Keyboard_GetProtocolValue
                0x0000000008002c88                Keyboard_GetReport_Feature
                0x0000000008002cd8                Keyboard_SetReport_Feature
                0x0000000008002cf4                Keyboard_SetReport_Output
                0x0000000008002d10                USB_CCID_init
                0x0000000008002d58                USB_CCID_Reset
                0x0000000008002ea0                USB_CCID_GetDeviceDescriptor
                0x0000000008002eb0                USB_CCID_GetConfigDescriptor
                0x0000000008002ec0                USB_CCID_GetStringDescriptor
                0x0000000008002ee4                Keyboard_GetReportDescriptor
                0x0000000008002ef0                Keyboard_GetHIDDescriptor
                0x0000000008002efc                USB_CCID_Status_In
                0x0000000008003010                USB_CCID_Storage_SetConfiguration
                0x0000000008003054                USB_CCID_Get_Max_Lun
                0x0000000008003070                Keyboard_SetProtocol
 .text          0x000000000800308c        0x0 ../../src/CCID/CCIDHID_USB/CCIDHID_usb_desc.o
 .text          0x000000000800308c        0x0 ../../src/SD_DISK/SD_USB/usb_desc.o
 .text          0x000000000800308c      0x2bc ../../src/SD_DISK/SD_USB/usb_prop.o
                0x000000000800308c                Mass_Storage_SetDeviceAddress
                0x000000000800309c                MASS_Status_In
                0x00000000080030a0                MASS_Status_Out
                0x00000000080030a4                MASS_Get_Interface_Setting
                0x00000000080030b0                Get_Max_Lun
                0x00000000080030cc                MASS_init
                0x0000000008003114                MASS_Reset
                0x0000000008003214                Mass_Storage_ClearFeature
                0x0000000008003234                MASS_GetDeviceDescriptor
                0x0000000008003244                MASS_GetConfigDescriptor
                0x0000000008003254                MASS_GetStringDescriptor
                0x000000000800327c                Mass_Storage_SetConfiguration
                0x00000000080032b4                MASS_NoData_Setup
                0x000000000800330c                MASS_Data_Setup
 .text          0x0000000008003348       0x7c ../../src/STM/stm32f10x_systick.o
                0x0000000008003348                SysTick_SetReload
                0x0000000008003354                SysTick_CounterCmd
                0x0000000008003380                SysTick_ITConfig
                0x000000000800339c                SysTick_GetCounter
                0x00000000080033a8                SysTick_GetFlagStatus
 .text          0x00000000080033c4       0xc8 ../../src/STM/stm32f10x_it.o
                0x00000000080033c4                NMI_Handler
                0x00000000080033c8                HardFault_Handler
                0x00000000080033cc                MemManage_Handler
                0x00000000080033d0                BusFault_Handler
                0x00000000080033d4                UsageFault_Handler
                0x00000000080033d8                SVC_Handler
                0x00000000080033dc                DebugMon_Handler
                0x00000000080033e0                PendSV_Handler
                0x00000000080033e4                SysTick_Handler
                0x00000000080033f8                USB_HP_CAN1_TX_IRQHandler
                0x00000000080033fc                USB_LP_CAN1_RX0_IRQHandler
                0x0000000008003400                SDIO_IRQHandler
                0x0000000008003404                TIM2_IRQHandler
 .text          0x000000000800348c       0xa4 ../../src/STM/Libraries/CMSIS/Core/CM3/core_cm3.o
                0x000000000800348c                __get_PSP
                0x0000000008003494                __set_PSP
                0x000000000800349c                __get_MSP
                0x00000000080034a4                __set_MSP
                0x00000000080034ac                __get_BASEPRI
                0x00000000080034b4                __set_BASEPRI
                0x00000000080034bc                __get_PRIMASK
                0x00000000080034c4                __set_PRIMASK
                0x00000000080034cc                __get_FAULTMASK
                0x00000000080034d4                __set_FAULTMASK
                0x00000000080034dc                __REV
                0x00000000080034e0                __REV16
                0x00000000080034e4                __REVSH
                0x00000000080034e8                __RBIT
                0x00000000080034f0                __LDREXB
                0x00000000080034f8                __LDREXH
                0x0000000008003500                __LDREXW
                0x0000000008003508                __STREXB
                0x0000000008003510                __STREXH
                0x0000000008003518                __STREXW
                0x0000000008003520                __get_CONTROL
                0x0000000008003528                __set_CONTROL
 .text          0x0000000008003530      0x108 ../../src/STM/Libraries/CMSIS/Core/CM3/system_stm32f10x.o
                0x0000000008003530                SystemInit
 .text          0x0000000008003638       0xec ../../src/STM/Libraries/CMSIS/Core/CM3/startup/gcc/startup_stm32f10x_hd.o
                0x0000000008003638                EXTI2_IRQHandler
                0x0000000008003638                TIM8_TRG_COM_IRQHandler
                0x0000000008003638                TIM8_CC_IRQHandler
                0x0000000008003638                TIM1_CC_IRQHandler
                0x0000000008003638                TIM6_IRQHandler
                0x0000000008003638                PVD_IRQHandler
                0x0000000008003638                EXTI3_IRQHandler
                0x0000000008003638                EXTI0_IRQHandler
                0x0000000008003638                I2C2_EV_IRQHandler
                0x0000000008003638                ADC1_2_IRQHandler
                0x0000000008003638                SPI1_IRQHandler
                0x0000000008003638                TAMPER_IRQHandler
                0x0000000008003638                TIM8_UP_IRQHandler
                0x0000000008003638                DMA2_Channel2_IRQHandler
                0x0000000008003638                DMA1_Channel4_IRQHandler
                0x0000000008003638                USART3_IRQHandler
                0x0000000008003638                RTC_IRQHandler
                0x0000000008003638                DMA1_Channel7_IRQHandler
                0x0000000008003638                CAN1_RX1_IRQHandler
                0x0000000008003638                UART5_IRQHandler
                0x0000000008003638                ADC3_IRQHandler
                0x0000000008003638                TIM4_IRQHandler
                0x0000000008003638                DMA2_Channel1_IRQHandler
                0x0000000008003638                I2C1_EV_IRQHandler
                0x0000000008003638                DMA1_Channel6_IRQHandler
                0x0000000008003638                UART4_IRQHandler
                0x0000000008003638                TIM3_IRQHandler
                0x0000000008003638                RCC_IRQHandler
                0x0000000008003638                TIM1_TRG_COM_IRQHandler
                0x0000000008003638                DMA1_Channel1_IRQHandler
                0x0000000008003638                Default_Handler
                0x0000000008003638                EXTI15_10_IRQHandler
                0x0000000008003638                TIM7_IRQHandler
                0x0000000008003638                TIM5_IRQHandler
                0x0000000008003638                EXTI9_5_IRQHandler
                0x0000000008003638                SPI2_IRQHandler
                0x0000000008003638                DMA1_Channel5_IRQHandler
                0x0000000008003638                EXTI4_IRQHandler
                0x0000000008003638                DMA1_Channel3_IRQHandler
                0x0000000008003638                FSMC_IRQHandler
                0x0000000008003638                TIM1_UP_IRQHandler
                0x0000000008003638                WWDG_IRQHandler
                0x0000000008003638                TIM1_BRK_IRQHandler
                0x0000000008003638                EXTI1_IRQHandler
                0x0000000008003638                RTCAlarm_IRQHandler
                0x0000000008003638                DMA2_Channel4_5_IRQHandler
                0x0000000008003638                USART2_IRQHandler
                0x0000000008003638                I2C2_ER_IRQHandler
                0x0000000008003638                DMA1_Channel2_IRQHandler
                0x0000000008003638                TIM8_BRK_IRQHandler
                0x0000000008003638                CAN1_SCE_IRQHandler
                0x0000000008003638                FLASH_IRQHandler
                0x0000000008003638                USART1_IRQHandler
                0x0000000008003638                SPI3_IRQHandler
                0x0000000008003638                I2C1_ER_IRQHandler
                0x0000000008003638                USBWakeUp_IRQHandler
                0x0000000008003638                DMA2_Channel3_IRQHandler
                0x000000000800363c                __Init_Data
                0x00000000080036a0                SystemInit_ExtMemCtl_Dummy
                0x00000000080036a0                SystemInit_ExtMemCtl
                0x00000000080036a4                Reset_Handler
 .text          0x0000000008003724       0xdc ../../src/STM/Libraries/STM32F10x_StdPeriph_Driver/src/misc.o
                0x0000000008003724                NVIC_PriorityGroupConfig
                0x0000000008003738                NVIC_Init
                0x00000000080037b0                NVIC_SetVectorTable
                0x00000000080037c8                NVIC_SystemLPConfig
                0x00000000080037e4                SysTick_CLKSourceConfig
 .text          0x0000000008003800      0x388 ../../src/STM/Libraries/STM32F10x_StdPeriph_Driver/src/stm32f10x_adc.o
                0x0000000008003800                ADC_DeInit
                0x0000000008003870                ADC_Init
                0x00000000080038bc                ADC_StructInit
                0x00000000080038d0                ADC_Cmd
                0x00000000080038e4                ADC_DMACmd
                0x00000000080038f8                ADC_ITConfig
                0x000000000800390c                ADC_ResetCalibration
                0x0000000008003918                ADC_GetResetCalibrationStatus
                0x0000000008003920                ADC_StartCalibration
                0x000000000800392c                ADC_GetCalibrationStatus
                0x0000000008003934                ADC_SoftwareStartConvCmd
                0x0000000008003948                ADC_GetSoftwareStartConvStatus
                0x0000000008003950                ADC_DiscModeChannelCountConfig
                0x0000000008003960                ADC_DiscModeCmd
                0x0000000008003974                ADC_RegularChannelConfig
                0x0000000008003a10                ADC_ExternalTrigConvCmd
                0x0000000008003a24                ADC_GetConversionValue
                0x0000000008003a2c                ADC_GetDualModeConversionValue
                0x0000000008003a38                ADC_AutoInjectedConvCmd
                0x0000000008003a4c                ADC_InjectedDiscModeCmd
                0x0000000008003a60                ADC_ExternalTrigInjectedConvConfig
                0x0000000008003a6c                ADC_ExternalTrigInjectedConvCmd
                0x0000000008003a80                ADC_SoftwareStartInjectedConvCmd
                0x0000000008003a94                ADC_GetSoftwareStartInjectedConvCmdStatus
                0x0000000008003a9c                ADC_InjectedChannelConfig
                0x0000000008003af8                ADC_InjectedSequencerLengthConfig
                0x0000000008003b08                ADC_SetInjectedOffset
                0x0000000008003b0c                ADC_GetInjectedConversionValue
                0x0000000008003b14                ADC_AnalogWatchdogCmd
                0x0000000008003b24                ADC_AnalogWatchdogThresholdsConfig
                0x0000000008003b2c                ADC_AnalogWatchdogSingleChannelConfig
                0x0000000008003b38                ADC_TempSensorVrefintCmd
                0x0000000008003b54                ADC_GetFlagStatus
                0x0000000008003b60                ADC_ClearFlag
                0x0000000008003b68                ADC_GetITStatus
                0x0000000008003b80                ADC_ClearITPendingBit
 .text          0x0000000008003b88       0xcc ../../src/STM/Libraries/STM32F10x_StdPeriph_Driver/src/stm32f10x_bkp.o
                0x0000000008003b88                BKP_DeInit
                0x0000000008003b9c                BKP_TamperPinLevelConfig
                0x0000000008003ba8                BKP_TamperPinCmd
                0x0000000008003bb4                BKP_ITConfig
                0x0000000008003bc0                BKP_RTCOutputConfig
                0x0000000008003bd8                BKP_SetRTCCalibrationValue
                0x0000000008003bf0                BKP_WriteBackupRegister
                0x0000000008003bfc                BKP_ReadBackupRegister
                0x0000000008003c0c                BKP_GetFlagStatus
                0x0000000008003c1c                BKP_ClearFlag
                0x0000000008003c30                BKP_GetITStatus
                0x0000000008003c40                BKP_ClearITPendingBit
 .text          0x0000000008003c54      0x664 ../../src/STM/Libraries/STM32F10x_StdPeriph_Driver/src/stm32f10x_can.o
                0x0000000008003c54                CAN_DeInit
                0x0000000008003c7c                CAN_Init
                0x0000000008003d5c                CAN_FilterInit
                0x0000000008003e8c                CAN_StructInit
                0x0000000008003eb4                CAN_ITConfig
                0x0000000008003ec8                CAN_Transmit
                0x0000000008003f94                CAN_TransmitStatus
                0x000000000800401c                CAN_CancelTransmit
                0x0000000008004048                CAN_FIFORelease
                0x0000000008004054                CAN_MessagePending
                0x000000000800406c                CAN_Receive
                0x00000000080040fc                CAN_DBGFreeze
                0x0000000008004110                CAN_Sleep
                0x0000000008004130                CAN_WakeUp
                0x000000000800415c                CAN_GetFlagStatus
                0x0000000008004168                CAN_ClearFlag
                0x0000000008004174                CAN_GetITStatus
                0x0000000008004218                CAN_ClearITPendingBit
 .text          0x00000000080042b8       0x68 ../../src/STM/Libraries/STM32F10x_StdPeriph_Driver/src/stm32f10x_crc.o
                0x00000000080042b8                CRC_ResetDR
                0x00000000080042c8                CRC_CalcCRC
                0x00000000080042d8                CRC_CalcBlockCRC
                0x00000000080042fc                CRC_GetCRC
                0x0000000008004308                CRC_SetIDRegister
                0x0000000008004314                CRC_GetIDRegister
 .text          0x0000000008004320      0x13c ../../src/STM/Libraries/STM32F10x_StdPeriph_Driver/src/stm32f10x_dac.o
                0x0000000008004320                DAC_DeInit
                0x000000000800433c                DAC_Init
                0x000000000800436c                DAC_StructInit
                0x0000000008004378                DAC_Cmd
                0x0000000008004398                DAC_DMACmd
                0x00000000080043bc                DAC_SoftwareTriggerCmd
                0x00000000080043e0                DAC_DualSoftwareTriggerCmd
                0x00000000080043fc                DAC_WaveGenerationCmd
                0x000000000800441c                DAC_SetChannel1Data
                0x0000000008004428                DAC_SetChannel2Data
                0x0000000008004434                DAC_SetDualChannelData
                0x000000000800444c                DAC_GetDataOutputValue
 .text          0x000000000800445c       0x3c ../../src/STM/Libraries/STM32F10x_StdPeriph_Driver/src/stm32f10x_dbgmcu.o
                0x000000000800445c                DBGMCU_GetREVID
                0x000000000800446c                DBGMCU_GetDEVID
                0x000000000800447c                DBGMCU_Config
 .text          0x0000000008004498      0x25c ../../src/STM/Libraries/STM32F10x_StdPeriph_Driver/src/stm32f10x_dma.o
                0x0000000008004498                DMA_DeInit
                0x0000000008004608                DMA_Init
                0x0000000008004648                DMA_StructInit
                0x0000000008004664                DMA_Cmd
                0x0000000008004678                DMA_ITConfig
                0x000000000800468c                DMA_GetCurrDataCounter
                0x0000000008004694                DMA_GetFlagStatus
                0x00000000080046b0                DMA_ClearFlag
                0x00000000080046c4                DMA_GetITStatus
                0x00000000080046e0                DMA_ClearITPendingBit
 .text          0x00000000080046f4      0x10c ../../src/STM/Libraries/STM32F10x_StdPeriph_Driver/src/stm32f10x_exti.o
                0x00000000080046f4                EXTI_DeInit
                0x0000000008004714                EXTI_Init
                0x0000000008004794                EXTI_StructInit
                0x00000000080047a4                EXTI_GenerateSWInterrupt
                0x00000000080047b4                EXTI_GetFlagStatus
                0x00000000080047c8                EXTI_ClearFlag
                0x00000000080047d4                EXTI_GetITStatus
                0x00000000080047f4                EXTI_ClearITPendingBit
 .text          0x0000000008004800      0x54c ../../src/STM/Libraries/STM32F10x_StdPeriph_Driver/src/stm32f10x_flash.o
                0x0000000008004800                FLASH_SetLatency
                0x0000000008004814                FLASH_HalfCycleAccessCmd
                0x000000000800482c                FLASH_PrefetchBufferCmd
                0x0000000008004844                FLASH_Unlock
                0x0000000008004864                FLASH_Lock
                0x0000000008004878                FLASH_GetUserOptionByte
                0x0000000008004888                FLASH_GetWriteProtectionOptionByte
                0x0000000008004894                FLASH_GetReadOutProtectionStatus
                0x00000000080048a4                FLASH_GetPrefetchBufferStatus
                0x00000000080048b4                FLASH_ITConfig
                0x00000000080048d0                FLASH_GetFlagStatus
                0x00000000080048f0                FLASH_ClearFlag
                0x00000000080048fc                FLASH_GetStatus
                0x0000000008004928                FLASH_WaitForLastOperation
                0x000000000800497c                FLASH_ErasePage
                0x00000000080049c0                FLASH_EraseAllPages
                0x0000000008004a00                FLASH_EraseOptionBytes
                0x0000000008004a84                FLASH_ProgramWord
                0x0000000008004ad4                FLASH_ProgramHalfWord
                0x0000000008004b10                FLASH_ProgramOptionByteData
                0x0000000008004b60                FLASH_EnableWriteProtection
                0x0000000008004c4c                FLASH_ReadOutProtection
                0x0000000008004cec                FLASH_UserOptionByteConfig
 .text          0x0000000008004d4c      0x4a0 ../../src/STM/Libraries/STM32F10x_StdPeriph_Driver/src/stm32f10x_fsmc.o
                0x0000000008004d4c                FSMC_NORSRAMDeInit
                0x0000000008004d84                FSMC_NANDDeInit
                0x0000000008004da4                FSMC_PCCARDDeInit
                0x0000000008004dc0                FSMC_NORSRAMInit
                0x0000000008004e88                FSMC_NANDInit
                0x0000000008004f00                FSMC_PCCARDInit
                0x0000000008004f68                FSMC_NORSRAMStructInit
                0x0000000008004fbc                FSMC_NANDStructInit
                0x0000000008004fec                FSMC_PCCARDStructInit
                0x000000000800501c                FSMC_NORSRAMCmd
                0x0000000008005040                FSMC_NANDCmd
                0x0000000008005074                FSMC_PCCARDCmd
                0x000000000800509c                FSMC_NANDECCCmd
                0x00000000080050d0                FSMC_GetECC
                0x00000000080050e0                FSMC_ITConfig
                0x0000000008005138                FSMC_GetFlagStatus
                0x0000000008005160                FSMC_ClearFlag
                0x000000000800518c                FSMC_GetITStatus
                0x00000000080051c0                FSMC_ClearITPendingBit
 .text          0x00000000080051ec      0x2dc ../../src/STM/Libraries/STM32F10x_StdPeriph_Driver/src/stm32f10x_gpio.o
                0x00000000080051ec                GPIO_DeInit
                0x00000000080052d8                GPIO_AFIODeInit
                0x00000000080052f0                GPIO_Init
                0x00000000080053b4                GPIO_StructInit
                0x00000000080053c4                GPIO_ReadInputDataBit
                0x00000000080053d0                GPIO_ReadInputData
                0x00000000080053d8                GPIO_ReadOutputDataBit
                0x00000000080053e4                GPIO_ReadOutputData
                0x00000000080053ec                GPIO_SetBits
                0x00000000080053f0                GPIO_ResetBits
                0x00000000080053f4                GPIO_WriteBit
                0x0000000008005400                GPIO_Write
                0x0000000008005404                GPIO_PinLockConfig
                0x0000000008005414                GPIO_EventOutputConfig
                0x0000000008005434                GPIO_EventOutputCmd
                0x0000000008005440                GPIO_PinRemapConfig
                0x000000000800549c                GPIO_EXTILineConfig
 .text          0x00000000080054c8      0x404 ../../src/STM/Libraries/STM32F10x_StdPeriph_Driver/src/stm32f10x_i2c.o
                0x00000000080054c8                I2C_DeInit
                0x0000000008005514                I2C_Init
                0x00000000080055fc                I2C_StructInit
                0x0000000008005620                I2C_Cmd
                0x000000000800563c                I2C_DMACmd
                0x0000000008005658                I2C_DMALastTransferCmd
                0x0000000008005674                I2C_GenerateSTART
                0x0000000008005690                I2C_GenerateSTOP
                0x00000000080056ac                I2C_AcknowledgeConfig
                0x00000000080056c8                I2C_OwnAddress2Config
                0x00000000080056dc                I2C_DualAddressCmd
                0x00000000080056f8                I2C_GeneralCallCmd
                0x0000000008005714                I2C_ITConfig
                0x0000000008005728                I2C_SendData
                0x000000000800572c                I2C_ReceiveData
                0x0000000008005734                I2C_Send7bitAddress
                0x0000000008005748                I2C_ReadRegister
                0x0000000008005758                I2C_SoftwareResetCmd
                0x0000000008005774                I2C_SMBusAlertConfig
                0x0000000008005790                I2C_TransmitPEC
                0x00000000080057ac                I2C_PECPositionConfig
                0x00000000080057c8                I2C_CalculatePEC
                0x00000000080057e4                I2C_GetPEC
                0x00000000080057ec                I2C_ARPCmd
                0x0000000008005808                I2C_StretchClockCmd
                0x0000000008005824                I2C_FastModeDutyCycleConfig
                0x0000000008005840                I2C_GetLastEvent
                0x0000000008005850                I2C_CheckEvent
                0x0000000008005868                I2C_GetFlagStatus
                0x00000000080058a0                I2C_ClearFlag
                0x00000000080058a8                I2C_GetITStatus
                0x00000000080058c4                I2C_ClearITPendingBit
 .text          0x00000000080058cc       0x58 ../../src/STM/Libraries/STM32F10x_StdPeriph_Driver/src/stm32f10x_iwdg.o
                0x00000000080058cc                IWDG_WriteAccessCmd
                0x00000000080058d8                IWDG_SetPrescaler
                0x00000000080058e4                IWDG_SetReload
                0x00000000080058f0                IWDG_ReloadCounter
                0x0000000008005900                IWDG_Enable
                0x0000000008005910                IWDG_GetFlagStatus
 .text          0x0000000008005924       0xe0 ../../src/STM/Libraries/STM32F10x_StdPeriph_Driver/src/stm32f10x_pwr.o
                0x0000000008005924                PWR_DeInit
                0x0000000008005940                PWR_BackupAccessCmd
                0x000000000800594c                PWR_PVDCmd
                0x0000000008005958                PWR_PVDLevelConfig
                0x000000000800596c                PWR_WakeUpPinCmd
                0x0000000008005978                PWR_EnterSTOPMode
                0x00000000080059b0                PWR_EnterSTANDBYMode
                0x00000000080059dc                PWR_GetFlagStatus
                0x00000000080059f0                PWR_ClearFlag
 .text          0x0000000008005a04      0x3c4 ../../src/STM/Libraries/STM32F10x_StdPeriph_Driver/src/stm32f10x_rcc.o
                0x0000000008005a04                RCC_DeInit
                0x0000000008005a44                RCC_HSEConfig
                0x0000000008005a80                RCC_WaitForHSEStartUp
                0x0000000008005abc                RCC_AdjustHSICalibrationValue
                0x0000000008005ad4                RCC_HSICmd
                0x0000000008005ae0                RCC_PLLConfig
                0x0000000008005af8                RCC_PLLCmd
                0x0000000008005b04                RCC_SYSCLKConfig
                0x0000000008005b18                RCC_GetSYSCLKSource
                0x0000000008005b28                RCC_HCLKConfig
                0x0000000008005b3c                RCC_PCLK1Config
                0x0000000008005b50                RCC_PCLK2Config
                0x0000000008005b68                RCC_ITConfig
                0x0000000008005b84                RCC_USBCLKConfig
                0x0000000008005b90                RCC_ADCCLKConfig
                0x0000000008005ba4                RCC_LSEConfig
                0x0000000008005bc8                RCC_LSICmd
                0x0000000008005bd4                RCC_RTCCLKConfig
                0x0000000008005be4                RCC_RTCCLKCmd
                0x0000000008005bf0                RCC_GetClocksFreq
                0x0000000008005ca8                RCC_AHBPeriphClockCmd
                0x0000000008005cc4                RCC_APB2PeriphClockCmd
                0x0000000008005ce0                RCC_APB1PeriphClockCmd
                0x0000000008005cfc                RCC_APB2PeriphResetCmd
                0x0000000008005d18                RCC_APB1PeriphResetCmd
                0x0000000008005d34                RCC_BackupResetCmd
                0x0000000008005d40                RCC_ClockSecuritySystemCmd
                0x0000000008005d4c                RCC_MCOConfig
                0x0000000008005d58                RCC_GetFlagStatus
                0x0000000008005d94                RCC_ClearFlag
                0x0000000008005da8                RCC_GetITStatus
                0x0000000008005dbc                RCC_ClearITPendingBit
 .text          0x0000000008005dc8      0x180 ../../src/STM/Libraries/STM32F10x_StdPeriph_Driver/src/stm32f10x_rtc.o
                0x0000000008005dc8                RTC_ITConfig
                0x0000000008005de4                RTC_EnterConfigMode
                0x0000000008005df8                RTC_ExitConfigMode
                0x0000000008005e10                RTC_GetCounter
                0x0000000008005e24                RTC_SetCounter
                0x0000000008005e4c                RTC_SetPrescaler
                0x0000000008005e78                RTC_SetAlarm
                0x0000000008005ea0                RTC_GetDivider
                0x0000000008005eb8                RTC_WaitForLastTask
                0x0000000008005ec8                RTC_WaitForSynchro
                0x0000000008005ee8                RTC_GetFlagStatus
                0x0000000008005efc                RTC_ClearFlag
                0x0000000008005f10                RTC_GetITStatus
                0x0000000008005f34                RTC_ClearITPendingBit
 .text          0x0000000008005f48      0x248 ../../src/STM/Libraries/STM32F10x_StdPeriph_Driver/src/stm32f10x_sdio.o
                0x0000000008005f48                SDIO_DeInit
                0x0000000008005f70                SDIO_Init
                0x0000000008005fa4                SDIO_StructInit
                0x0000000008005fb4                SDIO_ClockCmd
                0x0000000008005fc0                SDIO_SetPowerState
                0x0000000008005fd8                SDIO_GetPowerState
                0x0000000008005fe8                SDIO_ITConfig
                0x0000000008006004                SDIO_DMACmd
                0x0000000008006010                SDIO_SendCommand
                0x0000000008006040                SDIO_CmdStructInit
                0x0000000008006050                SDIO_GetCommandResponse
                0x0000000008006060                SDIO_GetResponse
                0x000000000800606c                SDIO_DataConfig
                0x000000000800609c                SDIO_DataStructInit
                0x00000000080060b0                SDIO_GetDataCounter
                0x00000000080060bc                SDIO_ReadData
                0x00000000080060cc                SDIO_WriteData
                0x00000000080060dc                SDIO_GetFIFOCount
                0x00000000080060e8                SDIO_StartSDIOReadWait
                0x00000000080060f4                SDIO_StopSDIOReadWait
                0x0000000008006100                SDIO_SetSDIOReadWaitMode
                0x000000000800610c                SDIO_SetSDIOOperation
                0x0000000008006118                SDIO_SendSDIOSuspendCmd
                0x0000000008006124                SDIO_CommandCompletionCmd
                0x0000000008006130                SDIO_CEATAITCmd
                0x0000000008006144                SDIO_SendCEATACmd
                0x0000000008006150                SDIO_GetFlagStatus
                0x0000000008006164                SDIO_ClearFlag
                0x0000000008006170                SDIO_GetITStatus
                0x0000000008006184                SDIO_ClearITPendingBit
 .text          0x0000000008006190      0x304 ../../src/STM/Libraries/STM32F10x_StdPeriph_Driver/src/stm32f10x_spi.o
                0x0000000008006190                SPI_I2S_DeInit
                0x0000000008006200                SPI_Init
                0x0000000008006240                I2S_Init
                0x00000000080062f4                SPI_StructInit
                0x000000000800630c                I2S_StructInit
                0x0000000008006320                SPI_Cmd
                0x000000000800633c                I2S_Cmd
                0x0000000008006358                SPI_I2S_ITConfig
                0x0000000008006378                SPI_I2S_DMACmd
                0x000000000800638c                SPI_I2S_SendData
                0x0000000008006390                SPI_I2S_ReceiveData
                0x0000000008006398                SPI_NSSInternalSoftwareConfig
                0x00000000080063b8                SPI_SSOutputCmd
                0x00000000080063d4                SPI_DataSizeConfig
                0x00000000080063ec                SPI_TransmitCRC
                0x00000000080063f8                SPI_CalculateCRC
                0x0000000008006414                SPI_GetCRC
                0x0000000008006420                SPI_GetCRCPolynomial
                0x0000000008006428                SPI_BiDirectionalLineConfig
                0x0000000008006444                SPI_I2S_GetFlagStatus
                0x0000000008006450                SPI_I2S_ClearFlag
                0x0000000008006458                SPI_I2S_GetITStatus
                0x0000000008006484                SPI_I2S_ClearITPendingBit
 .text          0x0000000008006494      0xd2c ../../src/STM/Libraries/STM32F10x_StdPeriph_Driver/src/stm32f10x_tim.o
                0x0000000008006494                TIM_DeInit
                0x00000000080065a4                TIM_TimeBaseInit
                0x00000000080065ec                TIM_OC1Init
                0x0000000008006684                TIM_OC2Init
                0x0000000008006720                TIM_OC3Init
                0x00000000080067b8                TIM_OC4Init
                0x000000000800683c                TIM_ICInit
                0x00000000080069a0                TIM_PWMIConfig
                0x0000000008006b14                TIM_BDTRConfig
                0x0000000008006b3c                TIM_TimeBaseStructInit
                0x0000000008006b50                TIM_OCStructInit
                0x0000000008006b64                TIM_ICStructInit
                0x0000000008006b74                TIM_BDTRStructInit
                0x0000000008006b88                TIM_Cmd
                0x0000000008006ba4                TIM_CtrlPWMOutputs
                0x0000000008006bc4                TIM_ITConfig
                0x0000000008006bd8                TIM_GenerateEvent
                0x0000000008006bdc                TIM_DMAConfig
                0x0000000008006be4                TIM_DMACmd
                0x0000000008006bf8                TIM_InternalClockConfig
                0x0000000008006c08                TIM_ITRxExternalClockConfig
                0x0000000008006c24                TIM_TIxExternalClockConfig
                0x0000000008006cb4                TIM_ETRClockMode1Config
                0x0000000008006cdc                TIM_ETRClockMode2Config
                0x0000000008006d00                TIM_ETRConfig
                0x0000000008006d18                TIM_PrescalerConfig
                0x0000000008006d20                TIM_CounterModeConfig
                0x0000000008006d30                TIM_SelectInputTrigger
                0x0000000008006d40                TIM_EncoderInterfaceConfig
                0x0000000008006d80                TIM_ForcedOC1Config
                0x0000000008006d90                TIM_ForcedOC2Config
                0x0000000008006da4                TIM_ForcedOC3Config
                0x0000000008006db4                TIM_ForcedOC4Config
                0x0000000008006dc8                TIM_ARRPreloadConfig
                0x0000000008006de4                TIM_SelectCOM
                0x0000000008006e00                TIM_SelectCCDMA
                0x0000000008006e1c                TIM_CCPreloadControl
                0x0000000008006e38                TIM_OC1PreloadConfig
                0x0000000008006e48                TIM_OC2PreloadConfig
                0x0000000008006e5c                TIM_OC3PreloadConfig
                0x0000000008006e6c                TIM_OC4PreloadConfig
                0x0000000008006e80                TIM_OC1FastConfig
                0x0000000008006e90                TIM_OC2FastConfig
                0x0000000008006ea4                TIM_OC3FastConfig
                0x0000000008006eb4                TIM_OC4FastConfig
                0x0000000008006ec8                TIM_ClearOC1Ref
                0x0000000008006ed8                TIM_ClearOC2Ref
                0x0000000008006ee8                TIM_ClearOC3Ref
                0x0000000008006ef8                TIM_ClearOC4Ref
                0x0000000008006f08                TIM_OC1PolarityConfig
                0x0000000008006f18                TIM_OC1NPolarityConfig
                0x0000000008006f28                TIM_OC2PolarityConfig
                0x0000000008006f3c                TIM_OC2NPolarityConfig
                0x0000000008006f50                TIM_OC3PolarityConfig
                0x0000000008006f64                TIM_OC3NPolarityConfig
                0x0000000008006f78                TIM_OC4PolarityConfig
                0x0000000008006f8c                TIM_CCxCmd
                0x0000000008006fa8                TIM_CCxNCmd
                0x0000000008006fc4                TIM_SelectOCxM
                0x0000000008007014                TIM_UpdateDisableConfig
                0x0000000008007030                TIM_UpdateRequestConfig
                0x000000000800704c                TIM_SelectHallSensor
                0x0000000008007068                TIM_SelectOnePulseMode
                0x0000000008007080                TIM_SelectOutputTrigger
                0x0000000008007098                TIM_SelectSlaveMode
                0x00000000080070b0                TIM_SelectMasterSlaveMode
                0x00000000080070c8                TIM_SetCounter
                0x00000000080070cc                TIM_SetAutoreload
                0x00000000080070d0                TIM_SetCompare1
                0x00000000080070d4                TIM_SetCompare2
                0x00000000080070d8                TIM_SetCompare3
                0x00000000080070dc                TIM_SetCompare4
                0x00000000080070e4                TIM_SetIC1Prescaler
                0x00000000080070fc                TIM_SetIC2Prescaler
                0x0000000008007118                TIM_SetIC3Prescaler
                0x0000000008007130                TIM_SetIC4Prescaler
                0x000000000800714c                TIM_SetClockDivision
                0x000000000800715c                TIM_GetCapture1
                0x0000000008007164                TIM_GetCapture2
                0x000000000800716c                TIM_GetCapture3
                0x0000000008007174                TIM_GetCapture4
                0x000000000800717c                TIM_GetCounter
                0x0000000008007184                TIM_GetPrescaler
                0x000000000800718c                TIM_GetFlagStatus
                0x0000000008007198                TIM_ClearFlag
                0x00000000080071a0                TIM_GetITStatus
                0x00000000080071b8                TIM_ClearITPendingBit
 .text          0x00000000080071c0      0x3c8 ../../src/STM/Libraries/STM32F10x_StdPeriph_Driver/src/stm32f10x_usart.o
                0x00000000080071c0                USART_DeInit
                0x000000000800727c                USART_Init
                0x0000000008007318                USART_StructInit
                0x0000000008007330                USART_ClockInit
                0x0000000008007354                USART_ClockStructInit
                0x0000000008007360                USART_Cmd
                0x000000000800737c                USART_ITConfig
                0x00000000080073b8                USART_DMACmd
                0x00000000080073cc                USART_SetAddress
                0x00000000080073e4                USART_WakeUpConfig
                0x00000000080073fc                USART_ReceiverWakeUpCmd
                0x0000000008007418                USART_LINBreakDetectLengthConfig
                0x0000000008007430                USART_LINCmd
                0x000000000800744c                USART_SendData
                0x0000000008007454                USART_ReceiveData
                0x000000000800745c                USART_SendBreak
                0x0000000008007468                USART_SetGuardTime
                0x000000000800747c                USART_SetPrescaler
                0x0000000008007490                USART_SmartCardCmd
                0x00000000080074ac                USART_SmartCardNACKCmd
                0x00000000080074c8                USART_HalfDuplexCmd
                0x00000000080074e4                USART_IrDAConfig
                0x00000000080074fc                USART_IrDACmd
                0x0000000008007518                USART_GetFlagStatus
                0x0000000008007524                USART_ClearFlag
                0x000000000800752c                USART_GetITStatus
                0x0000000008007578                USART_ClearITPendingBit
 .text          0x0000000008007588       0x98 ../../src/STM/Libraries/STM32F10x_StdPeriph_Driver/src/stm32f10x_wwdg.o
                0x0000000008007588                WWDG_DeInit
                0x00000000080075a4                WWDG_SetPrescaler
                0x00000000080075b8                WWDG_SetWindowValue
                0x00000000080075d0                WWDG_EnableIT
                0x00000000080075e0                WWDG_SetCounter
                0x00000000080075f0                WWDG_Enable
                0x0000000008007600                WWDG_GetFlagStatus
                0x0000000008007610                WWDG_ClearFlag
 .text          0x0000000008007620      0x9ec ../../src/STM/Libraries/STM32_USB-FS-Device_Driver/src/usb_core.o
                0x0000000008007620                Standard_GetConfiguration
                0x0000000008007650                Standard_GetInterface
                0x0000000008007764                Standard_GetStatus
                0x00000000080077e4                Standard_SetConfiguration
                0x0000000008007828                Standard_SetInterface
                0x000000000800787c                Standard_ClearFeature
                0x0000000008007960                Standard_SetEndPointFeature
                0x00000000080079ec                Standard_SetDeviceFeature
                0x0000000008007a14                Standard_GetDescriptorData
                0x0000000008007a30                Post0_Process
                0x0000000008007a80                Setup0_Process
                0x0000000008007e5c                Out0_Process
                0x0000000008007f50                SetDeviceAddress
                0x0000000008007f90                In0_Process
                0x0000000008008008                NOP_Process
 .text          0x000000000800800c       0xec ../../src/STM/Libraries/STM32_USB-FS-Device_Driver/src/usb_init.o
                0x000000000800800c                USB_SetDeviceConfiguration
                0x00000000080080b0                USB_Init
 .text          0x00000000080080f8      0x218 ../../src/STM/Libraries/STM32_USB-FS-Device_Driver/src/usb_int.o
                0x00000000080080f8                CTR_LP
                0x0000000008008284                CTR_HP
 .text          0x0000000008008310       0x5c ../../src/STM/Libraries/STM32_USB-FS-Device_Driver/src/usb_mem.o
                0x0000000008008310                UserToPMABufferCopy
                0x000000000800834c                PMAToUserBufferCopy
 .text          0x000000000800836c      0x83c ../../src/STM/Libraries/STM32_USB-FS-Device_Driver/src/usb_regs.o
                0x000000000800836c                SetCNTR
                0x0000000008008378                GetCNTR
                0x0000000008008388                SetISTR
                0x0000000008008394                GetISTR
                0x00000000080083a4                GetFNR
                0x00000000080083b4                SetDADDR
                0x00000000080083c0                GetDADDR
                0x00000000080083d0                SetBTABLE
                0x00000000080083e4                GetBTABLE
                0x00000000080083f4                SetENDPOINT
                0x0000000008008404                GetENDPOINT
                0x0000000008008414                SetEPType
                0x000000000800842c                GetEPType
                0x0000000008008440                SetEPTxStatus
                0x0000000008008468                SetEPRxStatus
                0x0000000008008490                SetDouBleBuffEPStall
                0x00000000080084b8                GetEPTxStatus
                0x00000000080084cc                GetEPRxStatus
                0x00000000080084e0                SetEPTxValid
                0x00000000080084fc                SetEPRxValid
                0x0000000008008518                SetEP_KIND
                0x0000000008008534                ClearEP_KIND
                0x000000000800854c                Clear_Status_Out
                0x0000000008008564                Set_Status_Out
                0x0000000008008580                SetEPDoubleBuff
                0x000000000800859c                ClearEPDoubleBuff
                0x00000000080085b4                GetTxStallStatus
                0x00000000080085d4                GetRxStallStatus
                0x00000000080085f0                ClearEP_CTR_RX
                0x0000000008008608                ClearEP_CTR_TX
                0x0000000008008620                ToggleDTOG_RX
                0x000000000800863c                ToggleDTOG_TX
                0x0000000008008658                ClearDTOG_RX
                0x000000000800867c                ClearDTOG_TX
                0x00000000080086a0                SetEPAddress
                0x00000000080086b8                GetEPAddress
                0x00000000080086cc                SetEPTxAddr
                0x00000000080086f0                SetEPRxAddr
                0x0000000008008718                GetEPTxAddr
                0x0000000008008738                GetEPRxAddr
                0x0000000008008758                SetEPTxCount
                0x0000000008008778                SetEPCountRxReg
                0x00000000080087a4                SetEPRxCount
                0x00000000080087ec                GetEPTxCount
                0x0000000008008810                GetEPRxCount
                0x0000000008008834                SetEPDblBuffAddr
                0x0000000008008874                SetEPDblBuf0Addr
                0x0000000008008898                SetEPDblBuf1Addr
                0x00000000080088c0                GetEPDblBuf0Addr
                0x00000000080088e0                GetEPDblBuf1Addr
                0x0000000008008900                SetEPDblBuffCount
                0x00000000080089d8                SetEPDblBuf0Count
                0x0000000008008a4c                SetEPDblBuf1Count
                0x0000000008008ac0                GetEPDblBuf0Count
                0x0000000008008ae4                GetEPDblBuf1Count
                0x0000000008008b08                GetEPDblBufDir
                0x0000000008008b54                FreeUserBuffer
                0x0000000008008b94                ToWord
                0x0000000008008b9c                ByteSwap
 .text          0x0000000008008ba8        0x0 ../../src/CRYPT/AES/aes.o
 .text          0x0000000008008ba8      0x318 ../../src/CRYPT/SHA1/sha1.o
                0x0000000008008ba8                ch
                0x0000000008008bb4                maj
                0x0000000008008bc0                parity
                0x0000000008008bc8                sha1_init
                0x0000000008008c08                sha1_nextBlock
                0x0000000008008d54                sha1_lastBlock
                0x0000000008008e2c                sha1_ctx2hash
                0x0000000008008e3c                sha1
 .text          0x0000000008008ec0      0x1c0 ../../src/CRYPT/SHA1/hmac-sha1.o
                0x0000000008008ec0                hmac_sha1_init
                0x0000000008008f38                hmac_sha1_nextBlock
                0x0000000008008f3c                hmac_sha1_lastBlock
                0x0000000008008f88                hmac_sha1_final
                0x0000000008008fac                hmac_sha1
 .text          0x0000000008009080      0x470 ../../src/CRYPT/hotp.o
                0x0000000008009080                endian_swap
                0x0000000008009088                dynamic_truncate
                0x00000000080090ac                write_data_to_flash
                0x00000000080090dc                get_hotp_value
                0x0000000008009158                get_counter_value
                0x000000000800917c                set_counter_value
                0x00000000080091b4                increment_counter_page
                0x00000000080092b8                get_code_from_hotp_slot
                0x000000000800933c                backup_data
                0x0000000008009384                write_to_slot
                0x00000000080093f4                check_backups
                0x0000000008009470                get_hotp_slot_config
                0x000000000800948c                get_totp_slot_config
                0x00000000080094a8                get_code_from_totp_slot
 .text          0x00000000080094f0      0x254 ../../src/KEYBOARD/keyboard.o
                0x000000000800952c                sendChar
                0x00000000080095c8                sendEnter
                0x0000000008009608                sendKeys
                0x000000000800961c                sendNumber
                0x00000000080096ac                sendNumberN
                0x0000000008009728                sendString
[...]
UsbMessageFlags                                   ../../src/CCID/Ccid_usb.o
                                                  ../../src/CCID/Ifd_ccid.o
UserToPMABufferCopy                               ../../src/STM/Libraries/STM32_USB-FS-Device_Driver/src/usb_mem.o
                                                  ../../src/USB/usb_bot.o
                                                  ../../src/KEYBOARD/keyboard.o
                                                  ../../src/STM/Libraries/STM32_USB-FS-Device_Driver/src/usb_core.o
                                                  ../../src/CCID/Ccid_usb.o
User_Standard_Requests                            ../../src/SD_DISK/SD_USB/usb_prop.o
                                                  ../../src/STM/Libraries/STM32_USB-FS-Device_Driver/src/usb_init.o
WWDG_ClearFlag                                    ../../src/STM/Libraries/STM32F10x_StdPeriph_Driver/src/stm32f10x_wwdg.o
WWDG_DeInit                                       ../../src/STM/Libraries/STM32F10x_StdPeriph_Driver/src/stm32f10x_wwdg.o
WWDG_Enable                                       ../../src/STM/Libraries/STM32F10x_StdPeriph_Driver/src/stm32f10x_wwdg.o
WWDG_EnableIT                                     ../../src/STM/Libraries/STM32F10x_StdPeriph_Driver/src/stm32f10x_wwdg.o
WWDG_GetFlagStatus                                ../../src/STM/Libraries/STM32F10x_StdPeriph_Driver/src/stm32f10x_wwdg.o
WWDG_IRQHandler                                   ../../src/STM/Libraries/CMSIS/Core/CM3/startup/gcc/startup_stm32f10x_hd.o
WWDG_SetCounter                                   ../../src/STM/Libraries/STM32F10x_StdPeriph_Driver/src/stm32f10x_wwdg.o
WWDG_SetPrescaler                                 ../../src/STM/Libraries/STM32F10x_StdPeriph_Driver/src/stm32f10x_wwdg.o
WWDG_SetWindowValue                               ../../src/STM/Libraries/STM32F10x_StdPeriph_Driver/src/stm32f10x_wwdg.o
WaitForATR                                        ../../src/CCID/SMARTCARD/smartcard.o
XEP3_IN_Callback                                  ../../src/USB/usb_endp.o
__Init_Data                                       ../../src/STM/Libraries/CMSIS/Core/CM3/startup/gcc/startup_stm32f10x_hd.o
__LDREXB                                          ../../src/STM/Libraries/CMSIS/Core/CM3/core_cm3.o
__LDREXH                                          ../../src/STM/Libraries/CMSIS/Core/CM3/core_cm3.o
__LDREXW                                          ../../src/STM/Libraries/CMSIS/Core/CM3/core_cm3.o
__RBIT                                            ../../src/STM/Libraries/CMSIS/Core/CM3/core_cm3.o
__REV                                             ../../src/STM/Libraries/CMSIS/Core/CM3/core_cm3.o
__REV16                                           ../../src/STM/Libraries/CMSIS/Core/CM3/core_cm3.o
__REVSH                                           ../../src/STM/Libraries/CMSIS/Core/CM3/core_cm3.o
__STREXB                                          ../../src/STM/Libraries/CMSIS/Core/CM3/core_cm3.o
__STREXH                                          ../../src/STM/Libraries/CMSIS/Core/CM3/core_cm3.o
__STREXW                                          ../../src/STM/Libraries/CMSIS/Core/CM3/core_cm3.o
__get_BASEPRI                                     ../../src/STM/Libraries/CMSIS/Core/CM3/core_cm3.o
__get_CONTROL                                     ../../src/STM/Libraries/CMSIS/Core/CM3/core_cm3.o
__get_FAULTMASK                                   ../../src/STM/Libraries/CMSIS/Core/CM3/core_cm3.o
__get_MSP                                         ../../src/STM/Libraries/CMSIS/Core/CM3/core_cm3.o
__get_PRIMASK                                     ../../src/STM/Libraries/CMSIS/Core/CM3/core_cm3.o
__get_PSP                                         ../../src/STM/Libraries/CMSIS/Core/CM3/core_cm3.o
__set_BASEPRI                                     ../../src/STM/Libraries/CMSIS/Core/CM3/core_cm3.o
__set_CONTROL                                     ../../src/STM/Libraries/CMSIS/Core/CM3/core_cm3.o
__set_FAULTMASK                                   ../../src/STM/Libraries/CMSIS/Core/CM3/core_cm3.o
__set_MSP                                         ../../src/STM/Libraries/CMSIS/Core/CM3/core_cm3.o
__set_PRIMASK                                     ../../src/STM/Libraries/CMSIS/Core/CM3/core_cm3.o
__set_PSP                                         ../../src/STM/Libraries/CMSIS/Core/CM3/core_cm3.o
_ebss                                             ../../src/STM/Libraries/CMSIS/Core/CM3/startup/gcc/startup_stm32f10x_hd.o
_edata                                            ../../src/STM/Libraries/CMSIS/Core/CM3/startup/gcc/startup_stm32f10x_hd.o
_estack                                           ../../src/STM/Libraries/CMSIS/Core/CM3/startup/gcc/startup_stm32f10x_hd.o
_sbss                                             ../../src/STM/Libraries/CMSIS/Core/CM3/startup/gcc/startup_stm32f10x_hd.o
_sdata                                            ../../src/STM/Libraries/CMSIS/Core/CM3/startup/gcc/startup_stm32f10x_hd.o
_sidata                                           ../../src/STM/Libraries/CMSIS/Core/CM3/startup/gcc/startup_stm32f10x_hd.o
authorized_crc                                    ../../src/KEYBOARD/report_protocol.o
bDeviceState                                      ../../src/USB/usb_pwr.o
                                                  ../../src/KEYBOARD/keyboard.o
                                                  ../../src/SD_DISK/SD_USB/usb_prop.o
                                                  ../../src/CCID/CCIDHID_USB/CCIDHID_usb_prop.o
                                                  ../../src/hw_config.o
bIntPackSOF                                       ../../src/USB/usb_istr.o
backup_data                                       ../../src/CRYPT/hotp.o
blinkOATHLEDTimes                                 ../../src/hw_config.o
                                                  ../../src/STM/stm32f10x_it.o
capsLockClicked                                   ../../src/CCID/CCIDHID_USB/CCIDHID_usb_prop.o
                                                  ../../src/main.o
cardAuthenticate                                  ../../src/CCID/CcidLocalAccess.o
                                                  ../../src/KEYBOARD/report_protocol.o
cardSerial                                        ../../src/hw_config.o
                                                  ../../src/KEYBOARD/report_protocol.o
ch                                                ../../src/CRYPT/SHA1/sha1.o
check_backups                                     ../../src/CRYPT/hotp.o
                                                  ../../src/main.o
cmd_authorize                                     ../../src/KEYBOARD/report_protocol.o
cmd_erase_slot                                    ../../src/KEYBOARD/report_protocol.o
cmd_first_authenticate                            ../../src/KEYBOARD/report_protocol.o
cmd_get_code                                      ../../src/KEYBOARD/report_protocol.o
cmd_get_password_retry_count                      ../../src/KEYBOARD/report_protocol.o
cmd_get_status                                    ../../src/KEYBOARD/report_protocol.o
cmd_read_slot                                     ../../src/KEYBOARD/report_protocol.o
cmd_read_slot_name                                ../../src/KEYBOARD/report_protocol.o
cmd_write_config                                  ../../src/KEYBOARD/report_protocol.o
cmd_write_to_slot                                 ../../src/KEYBOARD/report_protocol.o
currentTime                                       ../../src/main.o
                                                  ../../src/STM/stm32f10x_it.o
                                                  ../../src/CCID/CCIDHID_USB/CCIDHID_usb_prop.o
device_status                                     ../../src/main.o
                                                  ../../src/CCID/CCIDHID_USB/CCIDHID_usb_prop.o
dynamic_truncate                                  ../../src/CRYPT/hotp.o
endian_swap                                       ../../src/CRYPT/hotp.o
fSuspendEnabled                                   ../../src/USB/usb_pwr.o
                                                  ../../src/USB/usb_istr.o
g_pfnVectors                                      ../../src/STM/Libraries/CMSIS/Core/CM3/startup/gcc/startup_stm32f10x_hd.o
getAID                                            ../../src/CCID/CcidLocalAccess.o
                                                  ../../src/KEYBOARD/report_protocol.o
                                                  ../../src/hw_config.o
getByteOfData                                     ../../src/CCID/CcidLocalAccess.o
                                                  ../../src/hw_config.o
getPasswordRetryCount                             ../../src/CCID/CcidLocalAccess.o
                                                  ../../src/KEYBOARD/report_protocol.o
getSerialNumber                                   ../../src/CCID/CcidLocalAccess.o
get_code_from_hotp_slot                           ../../src/CRYPT/hotp.o
                                                  ../../src/KEYBOARD/report_protocol.o
                                                  ../../src/main.o
get_code_from_totp_slot                           ../../src/CRYPT/hotp.o
                                                  ../../src/KEYBOARD/report_protocol.o
get_counter_value                                 ../../src/CRYPT/hotp.o
get_hotp_slot_config                              ../../src/CRYPT/hotp.o
                                                  ../../src/main.o
get_hotp_value                                    ../../src/CRYPT/hotp.o
get_totp_slot_config                              ../../src/CRYPT/hotp.o
getu16                                            ../../src/memory_ops.o
                                                  ../../src/CRYPT/hotp.o
getu32                                            ../../src/memory_ops.o
                                                  ../../src/KEYBOARD/report_protocol.o
                                                  ../../src/CRYPT/hotp.o
getu64                                            ../../src/memory_ops.o
                                                  ../../src/KEYBOARD/report_protocol.o
hmac_sha1                                         ../../src/CRYPT/SHA1/hmac-sha1.o
                                                  ../../src/CRYPT/hotp.o
hmac_sha1_final                                   ../../src/CRYPT/SHA1/hmac-sha1.o
hmac_sha1_init                                    ../../src/CRYPT/SHA1/hmac-sha1.o
hmac_sha1_lastBlock                               ../../src/CRYPT/SHA1/hmac-sha1.o
hmac_sha1_nextBlock                               ../../src/CRYPT/SHA1/hmac-sha1.o
hotp_slot_counters                                ../../src/CRYPT/hotp.o
                                                  ../../src/KEYBOARD/report_protocol.o
hotp_slot_offsets                                 ../../src/CRYPT/hotp.o
                                                  ../../src/KEYBOARD/report_protocol.o
hotp_slots                                        ../../src/CRYPT/hotp.o
                                                  ../../src/KEYBOARD/report_protocol.o
                                                  ../../src/main.o
increment_counter_page                            ../../src/CRYPT/hotp.o
initSCHardware                                    ../../src/CCID/SMARTCARD/smartcard.o
jmpRestartUSB                                     ../../src/main.o
keyboardBuffer                                    ../../src/KEYBOARD/keyboard.o
lastCapsLockChange                                ../../src/CCID/CCIDHID_USB/CCIDHID_usb_prop.o
lastLEDState                                      ../../src/CCID/CCIDHID_USB/CCIDHID_usb_prop.o
lastNumLockChange                                 ../../src/CCID/CCIDHID_USB/CCIDHID_usb_prop.o
lastOATHBlinkTime                                 ../../src/hw_config.o
                                                  ../../src/STM/stm32f10x_it.o
lastScrollLockChange                              ../../src/CCID/CCIDHID_USB/CCIDHID_usb_prop.o
longjmp                                           /usr/lib/gcc/arm-none-eabi/4.8.2/../../../arm-none-eabi/lib/armv7-m/libc.a(lib_a-setjmp.o)
main                                              ../../src/main.o
                                                  ../../src/STM/Libraries/CMSIS/Core/CM3/startup/gcc/startup_stm32f10x_hd.o
maj                                               ../../src/CRYPT/SHA1/sha1.o
memcmp                                            /usr/lib/gcc/arm-none-eabi/4.8.2/../../../arm-none-eabi/lib/armv7-m/libc.a(lib_a-memcmp.o)
                                                  ../../src/KEYBOARD/report_protocol.o
memcpy                                            /usr/lib/gcc/arm-none-eabi/4.8.2/../../../arm-none-eabi/lib/armv7-m/libc.a(lib_a-memcpy.o)
                                                  ../../src/CRYPT/hotp.o
                                                  ../../src/CRYPT/SHA1/hmac-sha1.o
                                                  ../../src/CRYPT/SHA1/sha1.o
                                                  ../../src/CCID/CcidLocalAccess.o
memmove                                           /usr/lib/gcc/arm-none-eabi/4.8.2/../../../arm-none-eabi/lib/armv7-m/libc.a(lib_a-memmove.o)
                                                  ../../src/CRYPT/SHA1/sha1.o
memset                                            /usr/lib/gcc/arm-none-eabi/4.8.2/../../../arm-none-eabi/lib/armv7-m/libc.a(lib_a-memset.o)
                                                  ../../src/KEYBOARD/report_protocol.o
                                                  ../../src/CRYPT/SHA1/hmac-sha1.o
                                                  ../../src/CRYPT/SHA1/sha1.o
message                                           ../../src/CCID/CCIDHID_USB/CCIDHID_usb_prop.o
nFlagSendSMCardInserted                           ../../src/main.o
                                                  ../../src/CCID/CCIDHID_USB/CCIDHID_usb_prop.o
nGlobalStickState                                 ../../src/main.o
                                                  ../../src/STM/Libraries/STM32_USB-FS-Device_Driver/src/usb_init.o
numLockClicked                                    ../../src/CCID/CCIDHID_USB/CCIDHID_usb_prop.o
                                                  ../../src/main.o
pCrdBuffer                                        ../../src/CCID/Crd.o
pEpInt_IN                                         ../../src/USB/usb_istr.o
                                                  ../../src/STM/Libraries/STM32_USB-FS-Device_Driver/src/usb_int.o
pEpInt_OUT                                        ../../src/USB/usb_istr.o
                                                  ../../src/STM/Libraries/STM32_USB-FS-Device_Driver/src/usb_int.o
pInformation                                      ../../src/STM/Libraries/STM32_USB-FS-Device_Driver/src/usb_init.o
                                                  ../../src/STM/Libraries/STM32_USB-FS-Device_Driver/src/usb_core.o
                                                  ../../src/SD_DISK/SD_USB/usb_prop.o
                                                  ../../src/CCID/CCIDHID_USB/CCIDHID_usb_prop.o
pProperty                                         ../../src/STM/Libraries/STM32_USB-FS-Device_Driver/src/usb_init.o
                                                  ../../src/STM/Libraries/STM32_USB-FS-Device_Driver/src/usb_core.o
pUser_Standard_Requests                           ../../src/STM/Libraries/STM32_USB-FS-Device_Driver/src/usb_init.o
                                                  ../../src/STM/Libraries/STM32_USB-FS-Device_Driver/src/usb_core.o
page_buffer                                       ../../src/CRYPT/hotp.o
parity                                            ../../src/CRYPT/SHA1/sha1.o
parse_report                                      ../../src/KEYBOARD/report_protocol.o
                                                  ../../src/main.o
scrollLockClicked                                 ../../src/CCID/CCIDHID_USB/CCIDHID_usb_prop.o
                                                  ../../src/main.o
sendChar                                          ../../src/KEYBOARD/keyboard.o
sendEnter                                         ../../src/KEYBOARD/keyboard.o
                                                  ../../src/main.o
sendKeys                                          ../../src/KEYBOARD/keyboard.o
sendNumber                                        ../../src/KEYBOARD/keyboard.o
sendNumberN                                       ../../src/KEYBOARD/keyboard.o
                                                  ../../src/main.o
sendString                                        ../../src/KEYBOARD/keyboard.o
                                                  ../../src/main.o
set_counter_value                                 ../../src/CRYPT/hotp.o
                                                  ../../src/KEYBOARD/report_protocol.o
setjmp                                            /usr/lib/gcc/arm-none-eabi/4.8.2/../../../arm-none-eabi/lib/armv7-m/libc.a(lib_a-setjmp.o)
                                                  ../../src/main.o
sha1                                              ../../src/CRYPT/SHA1/sha1.o
                                                  ../../src/CRYPT/SHA1/hmac-sha1.o
sha1_ctx2hash                                     ../../src/CRYPT/SHA1/sha1.o
                                                  ../../src/CRYPT/SHA1/hmac-sha1.o
sha1_init                                         ../../src/CRYPT/SHA1/sha1.o
                                                  ../../src/CRYPT/SHA1/hmac-sha1.o
sha1_lastBlock                                    ../../src/CRYPT/SHA1/sha1.o
                                                  ../../src/CRYPT/SHA1/hmac-sha1.o
sha1_nextBlock                                    ../../src/CRYPT/SHA1/sha1.o
                                                  ../../src/CRYPT/SHA1/hmac-sha1.o
strcpy                                            /usr/lib/gcc/arm-none-eabi/4.8.2/../../../arm-none-eabi/lib/armv7-m/libc.a(lib_a-strcpy.o)
                                                  ../../src/CCID/CcidLocalAccess.o
strlen                                            /usr/lib/gcc/arm-none-eabi/4.8.2/../../../arm-none-eabi/lib/armv7-m/libc.a(lib_a-strlen.o)
                                                  ../../src/CCID/CcidLocalAccess.o
temp_password                                     ../../src/KEYBOARD/report_protocol.o
test2                                             ../../src/main.o
tmp_password_set                                  ../../src/KEYBOARD/report_protocol.o
totp_slot_offsets                                 ../../src/CRYPT/hotp.o
                                                  ../../src/KEYBOARD/report_protocol.o
totp_slots                                        ../../src/CRYPT/hotp.o
                                                  ../../src/KEYBOARD/report_protocol.o
wInterrupt_Mask                                   ../../src/STM/Libraries/STM32_USB-FS-Device_Driver/src/usb_init.o
                                                  ../../src/USB/usb_istr.o
                                                  ../../src/USB/usb_pwr.o
                                                  ../../src/SD_DISK/SD_USB/usb_prop.o
                                                  ../../src/CCID/CCIDHID_USB/CCIDHID_usb_prop.o
wIstr                                             ../../src/USB/usb_istr.o
                                                  ../../src/STM/Libraries/STM32_USB-FS-Device_Driver/src/usb_int.o
write_data_to_flash                               ../../src/CRYPT/hotp.o
write_to_slot                                     ../../src/CRYPT/hotp.o
                                                  ../../src/KEYBOARD/report_protocol.o
