Archive member included because of file (symbol)

/home/jan/bin/gcc-arm-none-eabi-4_6-2012q4/bin/../lib/gcc/arm-none-eabi/4.6.2/../../../../arm-none-eabi/lib/armv7-m/libc.a(lib_a-memcmp.o)
                              ../../src/KEYBOARD/report_protocol.o (memcmp)
/home/jan/bin/gcc-arm-none-eabi-4_6-2012q4/bin/../lib/gcc/arm-none-eabi/4.6.2/../../../../arm-none-eabi/lib/armv7-m/libc.a(lib_a-memcpy.o)
                              ../../src/CCID/Ifd_protocol.o (memcpy)
/home/jan/bin/gcc-arm-none-eabi-4_6-2012q4/bin/../lib/gcc/arm-none-eabi/4.6.2/../../../../arm-none-eabi/lib/armv7-m/libc.a(lib_a-memmove.o)
                              ../../src/CRYPT/SHA1/sha1.o (memmove)
/home/jan/bin/gcc-arm-none-eabi-4_6-2012q4/bin/../lib/gcc/arm-none-eabi/4.6.2/../../../../arm-none-eabi/lib/armv7-m/libc.a(lib_a-memset.o)
                              ../../src/CRYPT/SHA1/sha1.o (memset)
/home/jan/bin/gcc-arm-none-eabi-4_6-2012q4/bin/../lib/gcc/arm-none-eabi/4.6.2/../../../../arm-none-eabi/lib/armv7-m/libc.a(lib_a-setjmp.o)
                              ../../src/main.o (setjmp)
/home/jan/bin/gcc-arm-none-eabi-4_6-2012q4/bin/../lib/gcc/arm-none-eabi/4.6.2/../../../../arm-none-eabi/lib/armv7-m/libc.a(lib_a-strcpy.o)
                              ../../src/CCID/CcidLocalAccess.o (strcpy)
/home/jan/bin/gcc-arm-none-eabi-4_6-2012q4/bin/../lib/gcc/arm-none-eabi/4.6.2/../../../../arm-none-eabi/lib/armv7-m/libc.a(lib_a-strlen.o)
                              ../../src/CCID/CcidLocalAccess.o (strlen)

Allocating common symbols
Common symbol       size              file

SaveRState          0x2               ../../src/STM/Libraries/STM32_USB-FS-Device_Driver/src/usb_int.o
UsbIntMessageBuffer
                    0x4               ../../src/CCID/Ccid_usb.o
InstructionByte     0x1               ../../src/CCID/Crd.o
HID_SetReport_Value
                    0x40              ../../src/CCID/CCIDHID_USB/CCIDHID_usb_prop.o
CBW                 0x20              ../../src/USB/usb_bot.o
CrdFlags            0x1               ../../src/CCID/Crd.o
CrdBufferSize       0x4               ../../src/CCID/Crd.o
temp_password       0x19              ../../src/KEYBOARD/report_protocol.o
UsbMessageFlags     0x1               ../../src/CCID/Ccid_usb.o
SaveState           0x2               ../../src/STM/Libraries/STM32_USB-FS-Device_Driver/src/usb_init.o
ProtocolValue       0x4               ../../src/CCID/CCIDHID_USB/CCIDHID_usb_prop.o
SC_ATR_Table        0x28              ../../src/CCID/SMARTCARD/smartcard.o
wIstr               0x2               ../../src/USB/usb_istr.o
pProperty           0x4               ../../src/STM/Libraries/STM32_USB-FS-Device_Driver/src/usb_init.o
UsbMessageBuffer    0x160             ../../src/CCID/Ccid_usb.o
EPindex             0x1               ../../src/STM/Libraries/STM32_USB-FS-Device_Driver/src/usb_init.o
message             0x40              ../../src/CCID/CCIDHID_USB/CCIDHID_usb_prop.o
Data_Len            0x2               ../../src/USB/usb_bot.o
MASS_Device_Info    0x1c              ../../src/SD_DISK/SD_USB/usb_prop.o
Bot_State           0x1               ../../src/USB/usb_bot.o
SCSI_LBA            0x4               ../../src/USB/usb_bot.o
SaveTState          0x2               ../../src/STM/Libraries/STM32_USB-FS-Device_Driver/src/usb_int.o
Device_Info         0x4               ../../src/STM/Libraries/STM32_USB-FS-Device_Driver/src/usb_init.o
AbortSequenceNumber
                    0x1               ../../src/CCID/Ccid_usb.o
jmpRestartUSB       0x5c              ../../src/main.o
pUser_Standard_Requests
                    0x4               ../../src/STM/Libraries/STM32_USB-FS-Device_Driver/src/usb_init.o
BulkStatus          0x1               ../../src/CCID/Ccid_usb.o
CSW                 0x10              ../../src/USB/usb_bot.o
SCSI_BlkLen         0x4               ../../src/USB/usb_bot.o
StatusInfo          0x2               ../../src/STM/Libraries/STM32_USB-FS-Device_Driver/src/usb_core.o
pInformation        0x4               ../../src/STM/Libraries/STM32_USB-FS-Device_Driver/src/usb_init.o
CCID_Device_Info    0x1c              ../../src/CCID/CCIDHID_USB/CCIDHID_usb_prop.o
ResumeS             0x2               ../../src/USB/usb_pwr.o
Bulk_Data_Buff      0x40              ../../src/USB/usb_bot.o
page_buffer         0x3e8             ../../src/CRYPT/hotp.o
ProcedureByte       0x1               ../../src/CCID/Crd.o
SC_A2R              0x2f              ../../src/CCID/SMARTCARD/smartcard.o
pCrdBuffer          0x4               ../../src/CCID/Crd.o
SC_Responce         0x16              ../../src/CCID/SMARTCARD/smartcard.o
CrdNbData           0x4               ../../src/CCID/Crd.o
HID_GetReport_Value
                    0x40              ../../src/CCID/CCIDHID_USB/CCIDHID_usb_prop.o
HID_GetReport_Value_tmp
                    0x40              ../../src/CCID/CCIDHID_USB/CCIDHID_usb_prop.o
HID_SetReport_Value_tmp
                    0x40              ../../src/CCID/CCIDHID_USB/CCIDHID_usb_prop.o
[...]
Memory Configuration

Name             Origin             Length             Attributes
RAM              0x20000000         0x00005000         xrw
FLASH            0x08000000         0x00020000         xr
FLASHB1          0x00000000         0x00000000         xr
EXTMEMB0         0x00000000         0x00000000         xr
EXTMEMB1         0x00000000         0x00000000         xr
EXTMEMB2         0x00000000         0x00000000         xr
EXTMEMB3         0x00000000         0x00000000         xr
*default*        0x00000000         0xffffffff

Linker script and memory map

LOAD ../../src/main.o
LOAD ../../src/hw_config.o
LOAD ../../src/test_code.o
LOAD ../../src/memory_ops.o
LOAD ../../src/CCID/Ccid_usb.o
LOAD ../../src/CCID/Ifd_protocol.o
LOAD ../../src/CCID/Crd.o
LOAD ../../src/CCID/Ifd_ccid.o
LOAD ../../src/CCID/CcidLocalAccess.o
LOAD ../../src/CCID/SMARTCARD/smartcard.o
LOAD ../../src/CCID/CCIDHID_USB/CCIDHID_usb_prop.o
LOAD ../../src/CCID/CCIDHID_USB/CCIDHID_usb_desc.o
LOAD ../../src/SD_DISK/SD_USB/usb_desc.o
LOAD ../../src/SD_DISK/SD_USB/usb_prop.o
LOAD ../../src/STM/stm32f10x_systick.o
LOAD ../../src/STM/stm32f10x_it.o
LOAD ../../src/STM/Libraries/CMSIS/Core/CM3/core_cm3.o
LOAD ../../src/STM/Libraries/CMSIS/Core/CM3/system_stm32f10x.o
LOAD ../../src/STM/Libraries/CMSIS/Core/CM3/startup/gcc/startup_stm32f10x_hd.o
LOAD ../../src/STM/Libraries/STM32F10x_StdPeriph_Driver/src/misc.o
LOAD ../../src/STM/Libraries/STM32F10x_StdPeriph_Driver/src/stm32f10x_adc.o
LOAD ../../src/STM/Libraries/STM32F10x_StdPeriph_Driver/src/stm32f10x_bkp.o
LOAD ../../src/STM/Libraries/STM32F10x_StdPeriph_Driver/src/stm32f10x_can.o
LOAD ../../src/STM/Libraries/STM32F10x_StdPeriph_Driver/src/stm32f10x_crc.o
LOAD ../../src/STM/Libraries/STM32F10x_StdPeriph_Driver/src/stm32f10x_dac.o
LOAD ../../src/STM/Libraries/STM32F10x_StdPeriph_Driver/src/stm32f10x_dbgmcu.o
LOAD ../../src/STM/Libraries/STM32F10x_StdPeriph_Driver/src/stm32f10x_dma.o
LOAD ../../src/STM/Libraries/STM32F10x_StdPeriph_Driver/src/stm32f10x_exti.o
LOAD ../../src/STM/Libraries/STM32F10x_StdPeriph_Driver/src/stm32f10x_flash.o
LOAD ../../src/STM/Libraries/STM32F10x_StdPeriph_Driver/src/stm32f10x_fsmc.o
LOAD ../../src/STM/Libraries/STM32F10x_StdPeriph_Driver/src/stm32f10x_gpio.o
LOAD ../../src/STM/Libraries/STM32F10x_StdPeriph_Driver/src/stm32f10x_i2c.o
LOAD ../../src/STM/Libraries/STM32F10x_StdPeriph_Driver/src/stm32f10x_iwdg.o
LOAD ../../src/STM/Libraries/STM32F10x_StdPeriph_Driver/src/stm32f10x_pwr.o
LOAD ../../src/STM/Libraries/STM32F10x_StdPeriph_Driver/src/stm32f10x_rcc.o
LOAD ../../src/STM/Libraries/STM32F10x_StdPeriph_Driver/src/stm32f10x_rtc.o
LOAD ../../src/STM/Libraries/STM32F10x_StdPeriph_Driver/src/stm32f10x_sdio.o
LOAD ../../src/STM/Libraries/STM32F10x_StdPeriph_Driver/src/stm32f10x_spi.o
LOAD ../../src/STM/Libraries/STM32F10x_StdPeriph_Driver/src/stm32f10x_tim.o
LOAD ../../src/STM/Libraries/STM32F10x_StdPeriph_Driver/src/stm32f10x_usart.o
LOAD ../../src/STM/Libraries/STM32F10x_StdPeriph_Driver/src/stm32f10x_wwdg.o
LOAD ../../src/STM/Libraries/STM32_USB-FS-Device_Driver/src/usb_core.o
LOAD ../../src/STM/Libraries/STM32_USB-FS-Device_Driver/src/usb_init.o
LOAD ../../src/STM/Libraries/STM32_USB-FS-Device_Driver/src/usb_int.o
LOAD ../../src/STM/Libraries/STM32_USB-FS-Device_Driver/src/usb_mem.o
LOAD ../../src/STM/Libraries/STM32_USB-FS-Device_Driver/src/usb_regs.o
LOAD ../../src/CRYPT/AES/aes.o
LOAD ../../src/CRYPT/SHA1/sha1.o
LOAD ../../src/CRYPT/SHA1/hmac-sha1.o
LOAD ../../src/CRYPT/hotp.o
LOAD ../../src/KEYBOARD/keyboard.o
LOAD ../../src/KEYBOARD/report_protocol.o
LOAD ../../src/USB/usb_endp.o
LOAD ../../src/USB/usb_bot.o
LOAD ../../src/USB/usb_pwr.o
LOAD ../../src/USB/usb_istr.o
LOAD /home/jan/bin/gcc-arm-none-eabi-4_6-2012q4/bin/../lib/gcc/arm-none-eabi/4.6.2/../../../../arm-none-eabi/lib/armv7-m/libc.a
LOAD /home/jan/bin/gcc-arm-none-eabi-4_6-2012q4/bin/../lib/gcc/arm-none-eabi/4.6.2/../../../../arm-none-eabi/lib/armv7-m/libm.a
LOAD /home/jan/bin/gcc-arm-none-eabi-4_6-2012q4/bin/../lib/gcc/arm-none-eabi/4.6.2/../../../../arm-none-eabi/lib/armv7-m/libc.a
LOAD /home/jan/bin/gcc-arm-none-eabi-4_6-2012q4/bin/../lib/gcc/arm-none-eabi/4.6.2/armv7-m/libgcc.a
START GROUP
LOAD /home/jan/bin/gcc-arm-none-eabi-4_6-2012q4/bin/../lib/gcc/arm-none-eabi/4.6.2/armv7-m/libgcc.a
LOAD /home/jan/bin/gcc-arm-none-eabi-4_6-2012q4/bin/../lib/gcc/arm-none-eabi/4.6.2/../../../../arm-none-eabi/lib/armv7-m/libg.a
LOAD /home/jan/bin/gcc-arm-none-eabi-4_6-2012q4/bin/../lib/gcc/arm-none-eabi/4.6.2/../../../../arm-none-eabi/lib/armv7-m/libc.a
END GROUP
                0x00000400                __Stack_Size = 0x400
                0x00000400                PROVIDE (_Stack_Size, __Stack_Size)
                0x20004c00                __Stack_Init = (_estack - __Stack_Size)
                0x20004c00                PROVIDE (_Stack_Init, __Stack_Init)
                0x00000100                _Minimum_Stack_Size = 0x100
                0x00000000                PROVIDE (Undefined_Handler, 0x0)
                0x00000000                PROVIDE (SWI_Handler, 0x0)
                0x00000000                PROVIDE (IRQ_Handler, 0x0)
                0x00000000                PROVIDE (Prefetch_Handler, 0x0)
                0x00000000                PROVIDE (Abort_Handler, 0x0)
                0x00000000                PROVIDE (FIQ_Handler, 0x0)
                0x00000000                PROVIDE (NMIException, 0x0)
                0x00000000                PROVIDE (HardFaultException, 0x0)
                0x00000000                PROVIDE (MemManageException, 0x0)
                0x00000000                PROVIDE (BusFaultException, 0x0)
                0x00000000                PROVIDE (UsageFaultException, 0x0)
                0x00000000                PROVIDE (SVCHandler, 0x0)
                0x00000000                PROVIDE (DebugMonitor, 0x0)
                0x00000000                PROVIDE (PendSVC, 0x0)
                0x00000000                PROVIDE (SysTickHandler, 0x0)
                0x00000000                PROVIDE (WWDG_IRQHandler, 0x0)
                0x00000000                PROVIDE (PVD_IRQHandler, 0x0)
                0x00000000                PROVIDE (TAMPER_IRQHandler, 0x0)
                0x00000000                PROVIDE (RTC_IRQHandler, 0x0)
                0x00000000                PROVIDE (FLASH_IRQHandler, 0x0)
                0x00000000                PROVIDE (RCC_IRQHandler, 0x0)
                0x00000000                PROVIDE (EXTI0_IRQHandler, 0x0)
                0x00000000                PROVIDE (EXTI1_IRQHandler, 0x0)
                0x00000000                PROVIDE (EXTI2_IRQHandler, 0x0)
                0x00000000                PROVIDE (EXTI3_IRQHandler, 0x0)
                0x00000000                PROVIDE (EXTI4_IRQHandler, 0x0)
                0x00000000                PROVIDE (DMAChannel1_IRQHandler, 0x0)
                0x00000000                PROVIDE (DMAChannel2_IRQHandler, 0x0)
                0x00000000                PROVIDE (DMAChannel3_IRQHandler, 0x0)
                0x00000000                PROVIDE (DMAChannel4_IRQHandler, 0x0)
                0x00000000                PROVIDE (DMAChannel5_IRQHandler, 0x0)
                0x00000000                PROVIDE (DMAChannel6_IRQHandler, 0x0)
                0x00000000                PROVIDE (DMAChannel7_IRQHandler, 0x0)
                0x00000000                PROVIDE (ADC_IRQHandler, 0x0)
                0x00000000                PROVIDE (USB_HP_CAN_TX_IRQHandler, 0x0)
                0x00000000                PROVIDE (USB_LP_CAN_RX0_IRQHandler, 0x0)
                0x00000000                PROVIDE (CAN_RX1_IRQHandler, 0x0)
                0x00000000                PROVIDE (CAN_SCE_IRQHandler, 0x0)
                0x00000000                PROVIDE (EXTI9_5_IRQHandler, 0x0)
                0x00000000                PROVIDE (TIM1_BRK_IRQHandler, 0x0)
                0x00000000                PROVIDE (TIM1_UP_IRQHandler, 0x0)
                0x00000000                PROVIDE (TIM1_TRG_COM_IRQHandler, 0x0)
                0x00000000                PROVIDE (TIM1_CC_IRQHandler, 0x0)
                0x00000000                PROVIDE (TIM2_IRQHandler, 0x0)
                0x00000000                PROVIDE (TIM3_IRQHandler, 0x0)
                0x00000000                PROVIDE (TIM4_IRQHandler, 0x0)
                0x00000000                PROVIDE (I2C1_EV_IRQHandler, 0x0)
                0x00000000                PROVIDE (I2C1_ER_IRQHandler, 0x0)
                0x00000000                PROVIDE (I2C2_EV_IRQHandler, 0x0)
                0x00000000                PROVIDE (I2C2_ER_IRQHandler, 0x0)
                0x00000000                PROVIDE (SPI1_IRQHandler, 0x0)
                0x00000000                PROVIDE (SPI2_IRQHandler, 0x0)
                0x00000000                PROVIDE (USART1_IRQHandler, 0x0)
                0x00000000                PROVIDE (USART2_IRQHandler, 0x0)
                0x00000000                PROVIDE (USART3_IRQHandler, 0x0)
                0x00000000                PROVIDE (EXTI15_10_IRQHandler, 0x0)
                0x00000000                PROVIDE (RTCAlarm_IRQHandler, 0x0)
                0x00000000                PROVIDE (USBWakeUp_IRQHandler, 0x0)
                0x42000000                PERIPH_BB_BASE = 0x42000000
                0x22000000                SRAM_BB_BASE = 0x22000000
                0x20000000                SRAM_BASE = 0x20000000
                0x40000000                PERIPH_BASE = 0x40000000
                0x40022000                PROVIDE (FLASH_BASE, 0x40022000)
                0x1ffff800                PROVIDE (OB_BASE, 0x1ffff800)
                0x40000000                APB1PERIPH_BASE = PERIPH_BASE
                0x40010000                APB2PERIPH_BASE = (PERIPH_BASE + 0x10000)
                0x40020000                AHBPERIPH_BASE = (PERIPH_BASE + 0x20000)
                0x40000000                PROVIDE (TIM2, (APB1PERIPH_BASE + 0x0))
                0x40000400                PROVIDE (TIM3, (APB1PERIPH_BASE + 0x400))
                0x40000800                PROVIDE (TIM4, (APB1PERIPH_BASE + 0x800))
                0x40002800                PROVIDE (RTC, (APB1PERIPH_BASE + 0x2800))
                0x40002c00                PROVIDE (WWDG, (APB1PERIPH_BASE + 0x2c00))
                0x40003000                PROVIDE (IWDG, (APB1PERIPH_BASE + 0x3000))
                0x40003800                PROVIDE (SPI2, (APB1PERIPH_BASE + 0x3800))
                0x40004400                PROVIDE (USART2, (APB1PERIPH_BASE + 0x4400))
                0x40004800                PROVIDE (USART3, (APB1PERIPH_BASE + 0x4800))
                0x40005400                PROVIDE (I2C1, (APB1PERIPH_BASE + 0x5400))
                0x40005800                PROVIDE (I2C2, (APB1PERIPH_BASE + 0x5800))
                0x40006400                PROVIDE (CAN, (APB1PERIPH_BASE + 0x6400))
                0x40006c00                PROVIDE (BKP, (APB1PERIPH_BASE + 0x6c00))
                0x40007000                PROVIDE (PWR, (APB1PERIPH_BASE + 0x7000))
                0x40010000                PROVIDE (AFIO, (APB2PERIPH_BASE + 0x0))
                0x40010400                PROVIDE (EXTI, (APB2PERIPH_BASE + 0x400))
                0x40010800                PROVIDE (GPIOA, (APB2PERIPH_BASE + 0x800))
                0x40010c00                PROVIDE (GPIOB, (APB2PERIPH_BASE + 0xc00))
                0x40011000                PROVIDE (GPIOC, (APB2PERIPH_BASE + 0x1000))
                0x40011400                PROVIDE (GPIOD, (APB2PERIPH_BASE + 0x1400))
                0x40011800                PROVIDE (GPIOE, (APB2PERIPH_BASE + 0x1800))
                0x40012400                PROVIDE (ADC1, (APB2PERIPH_BASE + 0x2400))
                0x40012800                PROVIDE (ADC2, (APB2PERIPH_BASE + 0x2800))
                0x40012c00                PROVIDE (TIM1, (APB2PERIPH_BASE + 0x2c00))
                0x40013000                PROVIDE (SPI1, (APB2PERIPH_BASE + 0x3000))
                0x40013800                PROVIDE (USART1, (APB2PERIPH_BASE + 0x3800))
                0x40020000                PROVIDE (DMA, (AHBPERIPH_BASE + 0x0))
                0x40020008                PROVIDE (DMA_Channel1, (AHBPERIPH_BASE + 0x8))
                0x4002001c                PROVIDE (DMA_Channel2, (AHBPERIPH_BASE + 0x1c))
                0x40020030                PROVIDE (DMA_Channel3, (AHBPERIPH_BASE + 0x30))
                0x40020044                PROVIDE (DMA_Channel4, (AHBPERIPH_BASE + 0x44))
                0x40020058                PROVIDE (DMA_Channel5, (AHBPERIPH_BASE + 0x58))
                0x4002006c                PROVIDE (DMA_Channel6, (AHBPERIPH_BASE + 0x6c))
                0x40020080                PROVIDE (DMA_Channel7, (AHBPERIPH_BASE + 0x80))
                0x40021000                PROVIDE (RCC, (AHBPERIPH_BASE + 0x1000))
                0xe000e000                SCS_BASE = 0xe000e000
                0xe000e010                PROVIDE (SysTick, (SCS_BASE + 0x10))
                0xe000e100                PROVIDE (NVIC, (SCS_BASE + 0x100))
                0xe000ed00                PROVIDE (SCB, (SCS_BASE + 0xd00))
                0x20005000                _estack = 0x20005000

.isr_vector     0x08000000      0x1e4
                0x08000000                . = ALIGN (0x4)
 *(.isr_vector)
 .isr_vector    0x08000000      0x1e4 ../../src/STM/Libraries/CMSIS/Core/CM3/startup/gcc/startup_stm32f10x_hd.o
                0x08000000                g_pfnVectors
                0x080001e4                . = ALIGN (0x4)

.flashtext      0x080001e4        0x0
                0x080001e4                . = ALIGN (0x4)
 *(.flashtext)
                0x080001e4                . = ALIGN (0x4)

.text           0x080001e4     0xb1e0
                0x080001e4                . = ALIGN (0x4)
 *(.text)
 .text          0x080001e4       0x54 ../../src/main.o
                0x080001e4                test2
                0x08000208                Test1
 .text          0x08000238      0x3d8 ../../src/hw_config.o
                0x08000238                DisableFirmwareDownloadPort
                0x08000268                DisableSmartcardLED
                0x0800026c                EnableSmartcardLED
                0x0800029c                EnableOATHLED
                0x080002cc                EnableButton
                0x080002fc                EnableTimer2
                0x08000360                ReadButton
                0x08000370                SwitchSmartcardLED
                0x08000388                SwitchOATHLED
                0x080003a0                StartBlinkingOATHLED
                0x080003b0                Set_USBClock
                0x080003c8                Enter_LowPowerMode
                0x080003d8                Leave_LowPowerMode
                0x080003f8                USB_Interrupts_Config
                0x08000454                USB_Cable_Config
                0x08000478                HexToAscii
                0x08000488                Get_SerialNum
                0x08000598                RCC_Config
                0x0800059c                MAL_Config
                0x080005a8                USB_Disconnect_Config
                0x080005e0                Set_System
 .text          0x08000610        0x0 ../../src/test_code.o
 .text          0x08000610       0xac ../../src/memory_ops.o
                0x08000610                getu16
                0x0800061c                getu32
                0x08000634                getu64
 .text          0x080006bc      0x5b0 ../../src/CCID/Ccid_usb.o
                0x080006bc                CCID_Init
                0x080006f4                CCID_Init_IT
                0x08000738                CCID_Suspend_IT
                0x0800077c                CCID_Bot_Abort
                0x080007bc                CCID_Storage_Out
                0x080007e4                CCID_BulkOutMessage
                0x08000954                CCID_BulkInMessage
                0x08000a64                CCID_DispatchMessage
                0x08000b20                CCID_IntMessage
                0x08000c0c                CcidClassRequestAbort
                0x08000c10                CcidClassRequestGetClockFrequencies
                0x08000c14                CcidClassRequestGetDataRates
                0x08000c18                CCID_SendCardDetect
                0x08000c34                CCID_CheckUsbCommunication
                0x08000c54                CCID_SetCardState
                0x08000c60                CCID_GetCardState
 .text          0x08000c6c      0x4c0 ../../src/CCID/Ifd_protocol.o
                0x08000c6c                IFD_Init
                0x08000ccc                IFD_ApplyParametersStructure
                0x08000d50                IFD_UpdateConvParameterStructure
                0x08000d70                GetExpectedAnswerSizeFromAPDU
                0x08000d9c                IFD_XfrCharT0
                0x08000e34                IFD_XfrBlock
                0x08000ecc                IFD_XfrCharT1
                0x08000ed0                IFD_XfrTpduT0
                0x08000ed4                IFD_XfrTpduT1
                0x08000ed8                IFD_GetParameters
                0x08000f14                IFD_SetParameters
                0x08000ffc                IFD_EscapeSendHwName
                0x08001018                IFD_Escape
                0x08001038                IFD_SetClock
                0x08001050                IFD_SetATRData
 .text          0x0800112c      0x27c ../../src/CCID/Crd.o
                0x0800112c                CRD_Init
                0x08001138                CRD_GetHwError
                0x08001164                CRD_VccOn
                0x08001184                CRD_VccOff
                0x08001188                CRD_VccOff_IT
                0x0800118c                CRD_SetMode
                0x08001190                CRD_SetConvention
                0x08001194                CRD_GetSlotStatus
                0x08001198                CRD_GetConvention
                0x0800119c                CRD_GetClockStatus
                0x080011a0                CRD_SetClock
                0x080011a4                CRD_SetEtu
                0x080011b4                CRD_SetGuardTime
                0x080011b8                CRD_SetWaitingTime
                0x080011bc                CRD_StartWaitingTime
                0x080011cc                CRD_StopWaitingTime
                0x080011d0                CRD_WaitingTime
                0x080011e8                CRD_InitReceive
                0x08001218                CRD_CharRepeatOn
                0x0800121c                CRD_CharRepeatOff
                0x0800122c                CRD_EndReceive
                0x08001238                CRD_InitTransmit
                0x08001260                CRD_NumberOfBytesToTransmit
                0x0800126c                CRD_EndTransmit
                0x08001278                ICC_ResetAsync
                0x080012a8                ICC_SendCommandAsync
                0x08001330                ICC_ReceiveAnswerAsync
 .text          0x080013a8      0x4dc ../../src/CCID/Ifd_ccid.o
                0x080013a8                PC_to_RDR_IccPowerOn
                0x080013ec                PC_to_RDR_IccPowerOff
                0x080013f0                PC_to_RDR_GetSlotStatus
                0x08001438                PC_to_RDR_XfrBlock
                0x080014b8                PC_to_RDR_GetParameters
                0x08001508                PC_to_RDR_ResetParameters
                0x08001570                PC_to_RDR_SetParameters
                0x080015e8                PC_to_RDR_Escape
                0x08001670                PC_to_RDR_IccClock
                0x080016c4                PC_to_RDR_Abort
                0x08001730                RDR_to_PC_DataBlock
                0x08001760                RDR_to_PC_SlotStatus
                0x08001794                RDR_to_PC_SlotStatus_CardStopped
                0x080017ac                RDR_to_PC_Parameters
                0x080017f0                RDR_to_PC_Escape
                0x08001820                CmdNotSupported
                0x08001844                RDR_to_PC_NotifySlotChange
                0x08001860                RDR_to_PC_HardwareError
 .text          0x08001884      0x4d8 ../../src/CCID/CcidLocalAccess.o
                0x08001884                InitSCTStruct
                0x08001890                GenerateCRC
                0x080018d0                GenerateTPDU
                0x08001950                GenerateChainedTPDU
                0x08001978                SendTPDU
                0x080019ec                SendAPDU
                0x08001a50                CcidSelectOpenPGPApp
                0x08001a88                CcidGetData
                0x08001ab4                CcidVerifyPin
                0x08001af4                CcidDecipher
                0x08001b48                AccessTestGPG
                0x08001c74                CcidLocalAccessTest
                0x08001c90                getAID
                0x08001cc0                getSerialNumber
                0x08001cec                getByteOfData
                0x08001cfc                cardAuthenticate
                0x08001d28                getPasswordRetryCount
 .text          0x08001d5c     0x1068 ../../src/CCID/SMARTCARD/smartcard.o
                0x08001e60                GPIO_Configuration_Smartcard
                0x08001e88                SmartcardOn
                0x08001ea8                SmartcardOff
                0x08001ec8                Delay
                0x08001efc                Delay_noUSBCheck
                0x08001f24                SC_PowerCmd
                0x08001f84                SC_Reset
                0x08001fc8                SC_ParityErrorHandler
                0x08001ff4                SC_SetHwParams
                0x08002070                SC_PTSConfig
                0x08002304                SC_Init
                0x08002484                SC_Handler
                0x08002ad0                WaitForATR
                0x08002b2c                CRD_SendCommand
                0x08002c74                InvalidateATR
                0x08002c84                initSCHardware
                0x08002d7c                RestartSmartcard
                0x08002d98                SmartCardInitInterface
 .text          0x08002dc4      0x4c4 ../../src/CCID/CCIDHID_USB/CCIDHID_usb_prop.o
                0x08002dc4                USB_CCID_Storage_SetDeviceAddress
                0x08002dd4                USB_CCID_Status_Out
                0x08002dd8                USB_CCID_Data_Setup
                0x08002e78                USB_CCID_Get_Interface_Setting
                0x08002e88                Keyboard_GetProtocolValue
                0x08002ea0                Keyboard_GetReport_Feature
                0x08002ee4                Keyboard_SetReport_Feature
                0x08002efc                Keyboard_SetReport_Output
                0x08002f14                Keyboard_GetHIDDescriptor
                0x08002f20                Keyboard_GetReportDescriptor
                0x08002f2c                USB_CCID_GetStringDescriptor
                0x08002f4c                USB_CCID_GetConfigDescriptor
                0x08002f5c                USB_CCID_GetDeviceDescriptor
                0x08002f6c                USB_CCID_Reset
                0x080030b8                USB_CCID_init
                0x08003100                USB_CCID_Status_In
                0x080031ec                USB_CCID_Storage_SetConfiguration
                0x08003228                USB_CCID_NoData_Setup
                0x08003254                USB_CCID_Get_Max_Lun
                0x0800326c                Keyboard_SetProtocol
 .text          0x08003288        0x0 ../../src/CCID/CCIDHID_USB/CCIDHID_usb_desc.o
 .text          0x08003288        0x0 ../../src/SD_DISK/SD_USB/usb_desc.o
 .text          0x08003288      0x2b0 ../../src/SD_DISK/SD_USB/usb_prop.o
                0x08003288                Mass_Storage_SetDeviceAddress
                0x08003298                MASS_Status_In
                0x0800329c                MASS_Status_Out
                0x080032a0                MASS_Get_Interface_Setting
                0x080032b0                Get_Max_Lun
                0x080032c8                MASS_GetStringDescriptor
                0x080032e8                MASS_GetConfigDescriptor
                0x080032f8                MASS_GetDeviceDescriptor
                0x08003308                Mass_Storage_ClearFeature
                0x08003324                MASS_Reset
                0x08003428                MASS_init
                0x08003470                MASS_Data_Setup
                0x080034b4                MASS_NoData_Setup
                0x08003508                Mass_Storage_SetConfiguration
 .text          0x08003538       0x7c ../../src/STM/stm32f10x_systick.o
                0x08003538                SysTick_SetReload
                0x08003544                SysTick_CounterCmd
                0x08003570                SysTick_ITConfig
                0x0800358c                SysTick_GetCounter
                0x08003598                SysTick_GetFlagStatus
 .text          0x080035b4       0xec ../../src/STM/stm32f10x_it.o
                0x080035b4                NMI_Handler
                0x080035b8                HardFault_Handler
                0x080035bc                MemManage_Handler
                0x080035c0                BusFault_Handler
                0x080035c4                UsageFault_Handler
                0x080035c8                SVC_Handler
                0x080035cc                DebugMon_Handler
                0x080035d0                PendSV_Handler
                0x080035d4                SysTick_Handler
                0x080035e8                USB_HP_CAN1_TX_IRQHandler
                0x080035ec                USB_LP_CAN1_RX0_IRQHandler
                0x080035f0                SDIO_IRQHandler
                0x080035f4                TIM2_IRQHandler
 .text          0x080036a0       0xa4 ../../src/STM/Libraries/CMSIS/Core/CM3/core_cm3.o
                0x080036a0                __get_PSP
                0x080036a8                __set_PSP
                0x080036b0                __get_MSP
                0x080036b8                __set_MSP
                0x080036c0                __get_BASEPRI
                0x080036c8                __set_BASEPRI
                0x080036d0                __get_PRIMASK
                0x080036d8                __set_PRIMASK
                0x080036e0                __get_FAULTMASK
                0x080036e8                __set_FAULTMASK
                0x080036f0                __REV
                0x080036f4                __REV16
                0x080036f8                __REVSH
                0x080036fc                __RBIT
                0x08003704                __LDREXB
                0x0800370c                __LDREXH
                0x08003714                __LDREXW
                0x0800371c                __STREXB
                0x08003724                __STREXH
                0x0800372c                __STREXW
                0x08003734                __get_CONTROL
                0x0800373c                __set_CONTROL
 .text          0x08003744      0x12c ../../src/STM/Libraries/CMSIS/Core/CM3/system_stm32f10x.o
                0x08003744                SystemInit
 .text          0x08003870      0x160 ../../src/STM/Libraries/CMSIS/Core/CM3/startup/gcc/startup_stm32f10x_hd.o
                0x08003870                Reset_Handler
                0x08003928                __Init_Data
                0x080039c4                EXTI2_IRQHandler
                0x080039c4                TIM8_TRG_COM_IRQHandler
                0x080039c4                TIM8_CC_IRQHandler
                0x080039c4                TIM1_CC_IRQHandler
                0x080039c4                TIM6_IRQHandler
                0x080039c4                PVD_IRQHandler
                0x080039c4                EXTI3_IRQHandler
                0x080039c4                EXTI0_IRQHandler
                0x080039c4                I2C2_EV_IRQHandler
                0x080039c4                ADC1_2_IRQHandler
                0x080039c4                SPI1_IRQHandler
                0x080039c4                TAMPER_IRQHandler
                0x080039c4                TIM8_UP_IRQHandler
                0x080039c4                DMA2_Channel2_IRQHandler
                0x080039c4                DMA1_Channel4_IRQHandler
                0x080039c4                USART3_IRQHandler
                0x080039c4                RTC_IRQHandler
                0x080039c4                DMA1_Channel7_IRQHandler
                0x080039c4                CAN1_RX1_IRQHandler
                0x080039c4                UART5_IRQHandler
                0x080039c4                ADC3_IRQHandler
                0x080039c4                TIM4_IRQHandler
                0x080039c4                DMA2_Channel1_IRQHandler
                0x080039c4                I2C1_EV_IRQHandler
                0x080039c4                DMA1_Channel6_IRQHandler
                0x080039c4                UART4_IRQHandler
                0x080039c4                TIM3_IRQHandler
                0x080039c4                RCC_IRQHandler
                0x080039c4                TIM1_TRG_COM_IRQHandler
                0x080039c4                DMA1_Channel1_IRQHandler
                0x080039c4                Default_Handler
                0x080039c4                EXTI15_10_IRQHandler
                0x080039c4                TIM7_IRQHandler
                0x080039c4                TIM5_IRQHandler
                0x080039c4                EXTI9_5_IRQHandler
                0x080039c4                SPI2_IRQHandler
                0x080039c4                DMA1_Channel5_IRQHandler
                0x080039c4                EXTI4_IRQHandler
                0x080039c4                DMA1_Channel3_IRQHandler
                0x080039c4                FSMC_IRQHandler
                0x080039c4                TIM1_UP_IRQHandler
                0x080039c4                WWDG_IRQHandler
                0x080039c4                TIM1_BRK_IRQHandler
                0x080039c4                EXTI1_IRQHandler
                0x080039c4                RTCAlarm_IRQHandler
                0x080039c4                DMA2_Channel4_5_IRQHandler
                0x080039c4                USART2_IRQHandler
                0x080039c4                I2C2_ER_IRQHandler
                0x080039c4                DMA1_Channel2_IRQHandler
                0x080039c4                TIM8_BRK_IRQHandler
                0x080039c4                CAN1_SCE_IRQHandler
                0x080039c4                FLASH_IRQHandler
                0x080039c4                USART1_IRQHandler
                0x080039c4                SPI3_IRQHandler
                0x080039c4                I2C1_ER_IRQHandler
                0x080039c4                USBWakeUp_IRQHandler
                0x080039c4                DMA2_Channel3_IRQHandler
                0x080039c8                SystemInit_ExtMemCtl_Dummy
                0x080039c8                SystemInit_ExtMemCtl
 .text          0x080039d0       0xe8 ../../src/STM/Libraries/STM32F10x_StdPeriph_Driver/src/misc.o
                0x080039d0                NVIC_PriorityGroupConfig
                0x080039e4                NVIC_Init
                0x08003a68                NVIC_SetVectorTable
                0x08003a80                NVIC_SystemLPConfig
                0x08003a9c                SysTick_CLKSourceConfig
 .text          0x08003ab8      0x3a0 ../../src/STM/Libraries/STM32F10x_StdPeriph_Driver/src/stm32f10x_adc.o
                0x08003ab8                ADC_DeInit
                0x08003b28                ADC_Init
                0x08003b78                ADC_StructInit
                0x08003b8c                ADC_Cmd
                0x08003ba0                ADC_DMACmd
                0x08003bb4                ADC_ITConfig
                0x08003bc8                ADC_ResetCalibration
                0x08003bd4                ADC_GetResetCalibrationStatus
                0x08003bdc                ADC_StartCalibration
                0x08003be8                ADC_GetCalibrationStatus
                0x08003bf0                ADC_SoftwareStartConvCmd
                0x08003c04                ADC_GetSoftwareStartConvStatus
                0x08003c0c                ADC_DiscModeChannelCountConfig
                0x08003c1c                ADC_DiscModeCmd
                0x08003c30                ADC_RegularChannelConfig
                0x08003ccc                ADC_ExternalTrigConvCmd
                0x08003ce0                ADC_GetConversionValue
                0x08003ce8                ADC_GetDualModeConversionValue
                0x08003cf4                ADC_AutoInjectedConvCmd
                0x08003d08                ADC_InjectedDiscModeCmd
                0x08003d1c                ADC_ExternalTrigInjectedConvConfig
                0x08003d2c                ADC_ExternalTrigInjectedConvCmd
                0x08003d40                ADC_SoftwareStartInjectedConvCmd
                0x08003d54                ADC_GetSoftwareStartInjectedConvCmdStatus
                0x08003d5c                ADC_InjectedChannelConfig
                0x08003dc4                ADC_InjectedSequencerLengthConfig
                0x08003dd4                ADC_SetInjectedOffset
                0x08003dd8                ADC_GetInjectedConversionValue
                0x08003de0                ADC_AnalogWatchdogCmd
                0x08003df0                ADC_AnalogWatchdogThresholdsConfig
                0x08003df8                ADC_AnalogWatchdogSingleChannelConfig
                0x08003e08                ADC_TempSensorVrefintCmd
                0x08003e24                ADC_GetFlagStatus
                0x08003e30                ADC_ClearFlag
                0x08003e38                ADC_GetITStatus
                0x08003e50                ADC_ClearITPendingBit
 .text          0x08003e58       0xd4 ../../src/STM/Libraries/STM32F10x_StdPeriph_Driver/src/stm32f10x_bkp.o
                0x08003e58                BKP_DeInit
                0x08003e6c                BKP_TamperPinLevelConfig
                0x08003e78                BKP_TamperPinCmd
                0x08003e84                BKP_ITConfig
                0x08003e90                BKP_RTCOutputConfig
                0x08003eac                BKP_SetRTCCalibrationValue
                0x08003ec8                BKP_WriteBackupRegister
                0x08003ed4                BKP_ReadBackupRegister
                0x08003ee4                BKP_GetFlagStatus
                0x08003ef4                BKP_ClearFlag
                0x08003f08                BKP_GetITStatus
                0x08003f18                BKP_ClearITPendingBit
 .text          0x08003f2c      0x6ac ../../src/STM/Libraries/STM32F10x_StdPeriph_Driver/src/stm32f10x_can.o
                0x08003f2c                CAN_DeInit
                0x08003f54                CAN_Init
                0x08004054                CAN_FilterInit
                0x08004194                CAN_StructInit
                0x080041b4                CAN_ITConfig
                0x080041c8                CAN_Transmit
                0x080042b8                CAN_TransmitStatus
                0x08004330                CAN_CancelTransmit
                0x08004358                CAN_FIFORelease
                0x08004364                CAN_MessagePending
                0x0800437c                CAN_Receive
                0x08004414                CAN_DBGFreeze
                0x08004428                CAN_Sleep
                0x08004448                CAN_WakeUp
                0x08004480                CAN_GetFlagStatus
                0x0800448c                CAN_ClearFlag
                0x08004498                CAN_GetITStatus
                0x0800453c                CAN_ClearITPendingBit
 .text          0x080045d8       0x94 ../../src/STM/Libraries/STM32F10x_StdPeriph_Driver/src/stm32f10x_crc.o
                0x080045d8                CRC_ResetDR
                0x080045e8                CRC_CalcCRC
                0x080045f8                CRC_CalcBlockCRC
                0x08004648                CRC_GetCRC
                0x08004654                CRC_SetIDRegister
                0x08004660                CRC_GetIDRegister
 .text          0x0800466c      0x144 ../../src/STM/Libraries/STM32F10x_StdPeriph_Driver/src/stm32f10x_dac.o
                0x0800466c                DAC_DeInit
                0x08004688                DAC_Init
                0x080046c0                DAC_StructInit
                0x080046cc                DAC_Cmd
                0x080046ec                DAC_DMACmd
                0x08004710                DAC_SoftwareTriggerCmd
                0x08004734                DAC_DualSoftwareTriggerCmd
                0x08004750                DAC_WaveGenerationCmd
                0x08004770                DAC_SetChannel1Data
                0x0800477c                DAC_SetChannel2Data
                0x08004788                DAC_SetDualChannelData
                0x080047a0                DAC_GetDataOutputValue
 .text          0x080047b0       0x3c ../../src/STM/Libraries/STM32F10x_StdPeriph_Driver/src/stm32f10x_dbgmcu.o
                0x080047b0                DBGMCU_GetREVID
                0x080047c0                DBGMCU_GetDEVID
                0x080047d0                DBGMCU_Config
 .text          0x080047ec      0x26c ../../src/STM/Libraries/STM32F10x_StdPeriph_Driver/src/stm32f10x_dma.o
                0x080047ec                DMA_DeInit
                0x08004960                DMA_Init
                0x080049ac                DMA_StructInit
                0x080049c8                DMA_Cmd
                0x080049dc                DMA_ITConfig
                0x080049f0                DMA_GetCurrDataCounter
                0x080049f8                DMA_GetFlagStatus
                0x08004a14                DMA_ClearFlag
                0x08004a28                DMA_GetITStatus
                0x08004a44                DMA_ClearITPendingBit
 .text          0x08004a58      0x118 ../../src/STM/Libraries/STM32F10x_StdPeriph_Driver/src/stm32f10x_exti.o
                0x08004a58                EXTI_DeInit
                0x08004a78                EXTI_Init
                0x08004b00                EXTI_StructInit
                0x08004b10                EXTI_GenerateSWInterrupt
                0x08004b24                EXTI_GetFlagStatus
                0x08004b38                EXTI_ClearFlag
                0x08004b44                EXTI_GetITStatus
                0x08004b64                EXTI_ClearITPendingBit
 .text          0x08004b70      0x554 ../../src/STM/Libraries/STM32F10x_StdPeriph_Driver/src/stm32f10x_flash.o
                0x08004b70                FLASH_SetLatency
                0x08004b88                FLASH_HalfCycleAccessCmd
                0x08004ba0                FLASH_PrefetchBufferCmd
                0x08004bb8                FLASH_Unlock
                0x08004bd8                FLASH_Lock
                0x08004bec                FLASH_GetUserOptionByte
                0x08004bfc                FLASH_GetWriteProtectionOptionByte
                0x08004c08                FLASH_GetReadOutProtectionStatus
                0x08004c18                FLASH_GetPrefetchBufferStatus
                0x08004c28                FLASH_ITConfig
                0x08004c44                FLASH_GetFlagStatus
                0x08004c64                FLASH_ClearFlag
                0x08004c70                FLASH_GetStatus
                0x08004c9c                FLASH_WaitForLastOperation
                0x08004ce0                FLASH_UserOptionByteConfig
                0x08004d44                FLASH_ReadOutProtection
                0x08004df0                FLASH_EnableWriteProtection
                0x08004eb8                FLASH_ProgramOptionByteData
                0x08004f08                FLASH_ProgramHalfWord
                0x08004f44                FLASH_ProgramWord
                0x08004fa4                FLASH_EraseOptionBytes
                0x08005038                FLASH_EraseAllPages
                0x0800507c                FLASH_ErasePage
 .text          0x080050c4      0x554 ../../src/STM/Libraries/STM32F10x_StdPeriph_Driver/src/stm32f10x_fsmc.o
                0x080050c4                FSMC_NORSRAMDeInit
                0x08005100                FSMC_NANDDeInit
                0x08005120                FSMC_PCCARDDeInit
                0x0800513c                FSMC_NORSRAMInit
                0x08005210                FSMC_NANDInit
                0x08005294                FSMC_PCCARDInit
                0x08005300                FSMC_NORSRAMStructInit
                0x08005350                FSMC_NANDStructInit
                0x08005380                FSMC_PCCARDStructInit
                0x080053b0                FSMC_NORSRAMCmd
                0x080053e0                FSMC_NANDCmd
                0x08005428                FSMC_PCCARDCmd
                0x08005454                FSMC_NANDECCCmd
                0x0800549c                FSMC_GetECC
                0x080054b4                FSMC_ITConfig
                0x08005528                FSMC_GetFlagStatus
                0x08005568                FSMC_ClearFlag
                0x080055a4                FSMC_GetITStatus
                0x080055dc                FSMC_ClearITPendingBit
 .text          0x08005618      0x474 ../../src/STM/Libraries/STM32F10x_StdPeriph_Driver/src/stm32f10x_gpio.o
                0x08005618                GPIO_DeInit
                0x08005704                GPIO_AFIODeInit
                0x0800571c                GPIO_Init
                0x08005964                GPIO_StructInit
                0x08005974                GPIO_ReadInputDataBit
                0x08005980                GPIO_ReadInputData
                0x08005988                GPIO_ReadOutputDataBit
                0x08005994                GPIO_ReadOutputData
                0x0800599c                GPIO_SetBits
                0x080059a0                GPIO_ResetBits
                0x080059a4                GPIO_WriteBit
                0x080059b0                GPIO_Write
                0x080059b4                GPIO_PinLockConfig
                0x080059c4                GPIO_EventOutputConfig
                0x080059e4                GPIO_EventOutputCmd
                0x080059f0                GPIO_PinRemapConfig
                0x08005a54                GPIO_EXTILineConfig
 .text          0x08005a8c      0x424 ../../src/STM/Libraries/STM32F10x_StdPeriph_Driver/src/stm32f10x_i2c.o
                0x08005a8c                I2C_DeInit
                0x08005ad8                I2C_Init
                0x08005bd4                I2C_StructInit
                0x08005bf0                I2C_Cmd
                0x08005c0c                I2C_DMACmd
                0x08005c28                I2C_DMALastTransferCmd
                0x08005c44                I2C_GenerateSTART
                0x08005c60                I2C_GenerateSTOP
                0x08005c7c                I2C_AcknowledgeConfig
                0x08005c98                I2C_OwnAddress2Config
                0x08005cb0                I2C_DualAddressCmd
                0x08005ccc                I2C_GeneralCallCmd
                0x08005ce8                I2C_ITConfig
                0x08005cfc                I2C_SendData
                0x08005d00                I2C_ReceiveData
                0x08005d08                I2C_Send7bitAddress
                0x08005d1c                I2C_ReadRegister
                0x08005d2c                I2C_SoftwareResetCmd
                0x08005d48                I2C_SMBusAlertConfig
                0x08005d68                I2C_TransmitPEC
                0x08005d84                I2C_PECPositionConfig
                0x08005da4                I2C_CalculatePEC
                0x08005dc0                I2C_GetPEC
                0x08005dc8                I2C_ARPCmd
                0x08005de4                I2C_StretchClockCmd
                0x08005e00                I2C_FastModeDutyCycleConfig
                0x08005e20                I2C_GetLastEvent
                0x08005e30                I2C_CheckEvent
                0x08005e4c                I2C_GetFlagStatus
                0x08005e84                I2C_ClearFlag
                0x08005e8c                I2C_GetITStatus
                0x08005ea8                I2C_ClearITPendingBit
 .text          0x08005eb0       0x58 ../../src/STM/Libraries/STM32F10x_StdPeriph_Driver/src/stm32f10x_iwdg.o
                0x08005eb0                IWDG_WriteAccessCmd
                0x08005ebc                IWDG_SetPrescaler
                0x08005ec8                IWDG_SetReload
                0x08005ed4                IWDG_ReloadCounter
                0x08005ee4                IWDG_Enable
                0x08005ef4                IWDG_GetFlagStatus
 .text          0x08005f08       0xec ../../src/STM/Libraries/STM32F10x_StdPeriph_Driver/src/stm32f10x_pwr.o
                0x08005f08                PWR_DeInit
                0x08005f24                PWR_BackupAccessCmd
                0x08005f30                PWR_PVDCmd
                0x08005f3c                PWR_PVDLevelConfig
                0x08005f54                PWR_WakeUpPinCmd
                0x08005f60                PWR_EnterSTOPMode
                0x08005f98                PWR_EnterSTANDBYMode
                0x08005fcc                PWR_GetFlagStatus
                0x08005fe0                PWR_ClearFlag
 .text          0x08005ff4      0x3e0 ../../src/STM/Libraries/STM32F10x_StdPeriph_Driver/src/stm32f10x_rcc.o
                0x08005ff4                RCC_DeInit
                0x08006034                RCC_HSEConfig
                0x0800606c                RCC_WaitForHSEStartUp
                0x080060a8                RCC_AdjustHSICalibrationValue
                0x080060c0                RCC_HSICmd
                0x080060cc                RCC_PLLConfig
                0x080060e8                RCC_PLLCmd
                0x080060f4                RCC_SYSCLKConfig
                0x0800610c                RCC_GetSYSCLKSource
                0x0800611c                RCC_HCLKConfig
                0x08006134                RCC_PCLK1Config
                0x0800614c                RCC_PCLK2Config
                0x08006164                RCC_ITConfig
                0x08006180                RCC_USBCLKConfig
                0x0800618c                RCC_ADCCLKConfig
                0x080061a4                RCC_LSEConfig
                0x080061c4                RCC_LSICmd
                0x080061d0                RCC_RTCCLKConfig
                0x080061e4                RCC_RTCCLKCmd
                0x080061f0                RCC_GetClocksFreq
                0x080062b4                RCC_AHBPeriphClockCmd
                0x080062d0                RCC_APB2PeriphClockCmd
                0x080062ec                RCC_APB1PeriphClockCmd
                0x08006308                RCC_APB2PeriphResetCmd
                0x08006324                RCC_APB1PeriphResetCmd
                0x08006340                RCC_BackupResetCmd
                0x0800634c                RCC_ClockSecuritySystemCmd
                0x08006358                RCC_MCOConfig
                0x08006364                RCC_GetFlagStatus
                0x080063a0                RCC_ClearFlag
                0x080063b4                RCC_GetITStatus
                0x080063c8                RCC_ClearITPendingBit
 .text          0x080063d4      0x1a0 ../../src/STM/Libraries/STM32F10x_StdPeriph_Driver/src/stm32f10x_rtc.o
                0x080063d4                RTC_ITConfig
                0x080063f0                RTC_EnterConfigMode
                0x08006404                RTC_ExitConfigMode
                0x0800641c                RTC_GetCounter
                0x08006430                RTC_SetCounter
                0x08006460                RTC_SetPrescaler
                0x08006490                RTC_SetAlarm
                0x080064c0                RTC_GetDivider
                0x080064dc                RTC_WaitForLastTask
                0x080064ec                RTC_WaitForSynchro
                0x0800650c                RTC_GetFlagStatus
                0x08006520                RTC_ClearFlag
                0x08006538                RTC_GetITStatus
                0x0800655c                RTC_ClearITPendingBit
 .text          0x08006574      0x25c ../../src/STM/Libraries/STM32F10x_StdPeriph_Driver/src/stm32f10x_sdio.o
                0x08006574                SDIO_DeInit
                0x0800659c                SDIO_Init
                0x080065dc                SDIO_StructInit
                0x080065ec                SDIO_ClockCmd
                0x080065f8                SDIO_SetPowerState
                0x08006610                SDIO_GetPowerState
                0x08006620                SDIO_ITConfig
                0x0800663c                SDIO_DMACmd
                0x08006648                SDIO_SendCommand
                0x0800667c                SDIO_CmdStructInit
                0x0800668c                SDIO_GetCommandResponse
                0x0800669c                SDIO_GetResponse
                0x080066a8                SDIO_DataConfig
                0x080066dc                SDIO_DataStructInit
                0x080066f0                SDIO_GetDataCounter
                0x080066fc                SDIO_ReadData
                0x0800670c                SDIO_WriteData
                0x0800671c                SDIO_GetFIFOCount
                0x08006728                SDIO_StartSDIOReadWait
                0x08006734                SDIO_StopSDIOReadWait
                0x08006740                SDIO_SetSDIOReadWaitMode
                0x0800674c                SDIO_SetSDIOOperation
                0x08006758                SDIO_SendSDIOSuspendCmd
                0x08006764                SDIO_CommandCompletionCmd
                0x08006770                SDIO_CEATAITCmd
                0x08006784                SDIO_SendCEATACmd
                0x08006790                SDIO_GetFlagStatus
                0x080067a4                SDIO_ClearFlag
                0x080067b0                SDIO_GetITStatus
                0x080067c4                SDIO_ClearITPendingBit
 .text          0x080067d0      0x338 ../../src/STM/Libraries/STM32F10x_StdPeriph_Driver/src/stm32f10x_spi.o
                0x080067d0                SPI_I2S_DeInit
                0x08006840                SPI_Init
                0x08006894                I2S_Init
                0x08006954                SPI_StructInit
                0x0800696c                I2S_StructInit
                0x08006980                SPI_Cmd
                0x0800699c                I2S_Cmd
                0x080069b8                SPI_I2S_ITConfig
                0x080069dc                SPI_I2S_DMACmd
                0x080069f0                SPI_I2S_SendData
                0x080069f4                SPI_I2S_ReceiveData
                0x080069fc                SPI_NSSInternalSoftwareConfig
                0x08006a1c                SPI_SSOutputCmd
                0x08006a38                SPI_DataSizeConfig
                0x08006a50                SPI_TransmitCRC
                0x08006a5c                SPI_CalculateCRC
                0x08006a78                SPI_GetCRC
                0x08006a88                SPI_GetCRCPolynomial
                0x08006a90                SPI_BiDirectionalLineConfig
                0x08006ab0                SPI_I2S_GetFlagStatus
                0x08006abc                SPI_I2S_ClearFlag
                0x08006ac4                SPI_I2S_GetITStatus
                0x08006af4                SPI_I2S_ClearITPendingBit
 .text          0x08006b08      0xdf8 ../../src/STM/Libraries/STM32F10x_StdPeriph_Driver/src/stm32f10x_tim.o
                0x08006b08                TIM_DeInit
                0x08006c14                TIM_TimeBaseInit
                0x08006c64                TIM_OC1Init
                0x08006cf8                TIM_OC2Init
                0x08006d94                TIM_OC3Init
                0x08006e2c                TIM_OC4Init
                0x08006ea4                TIM_ICInit
                0x08007034                TIM_PWMIConfig
                0x080071b4                TIM_BDTRConfig
                0x080071e8                TIM_TimeBaseStructInit
                0x080071fc                TIM_OCStructInit
                0x08007210                TIM_ICStructInit
                0x08007220                TIM_BDTRStructInit
                0x08007234                TIM_Cmd
                0x08007250                TIM_CtrlPWMOutputs
                0x08007270                TIM_ITConfig
                0x08007284                TIM_GenerateEvent
                0x08007288                TIM_DMAConfig
                0x08007290                TIM_DMACmd
                0x080072a4                TIM_InternalClockConfig
                0x080072b4                TIM_ITRxExternalClockConfig
                0x080072d4                TIM_TIxExternalClockConfig
                0x08007370                TIM_ETRClockMode1Config
                0x0800739c                TIM_ETRClockMode2Config
                0x080073c4                TIM_ETRConfig
                0x080073e4                TIM_PrescalerConfig
                0x080073ec                TIM_CounterModeConfig
                0x08007400                TIM_SelectInputTrigger
                0x08007414                TIM_EncoderInterfaceConfig
                0x08007458                TIM_ForcedOC1Config
                0x0800746c                TIM_ForcedOC2Config
                0x08007484                TIM_ForcedOC3Config
                0x08007498                TIM_ForcedOC4Config
                0x080074b0                TIM_ARRPreloadConfig
                0x080074cc                TIM_SelectCOM
                0x080074e8                TIM_SelectCCDMA
                0x08007504                TIM_CCPreloadControl
                0x08007520                TIM_OC1PreloadConfig
                0x08007534                TIM_OC2PreloadConfig
                0x0800754c                TIM_OC3PreloadConfig
                0x08007560                TIM_OC4PreloadConfig
                0x08007578                TIM_OC1FastConfig
                0x0800758c                TIM_OC2FastConfig
                0x080075a4                TIM_OC3FastConfig
                0x080075b8                TIM_OC4FastConfig
                0x080075d0                TIM_ClearOC1Ref
                0x080075e4                TIM_ClearOC2Ref
                0x080075f4                TIM_ClearOC3Ref
                0x08007608                TIM_ClearOC4Ref
                0x08007618                TIM_OC1PolarityConfig
                0x0800762c                TIM_OC1NPolarityConfig
                0x08007640                TIM_OC2PolarityConfig
                0x08007658                TIM_OC2NPolarityConfig
                0x08007670                TIM_OC3PolarityConfig
                0x08007688                TIM_OC3NPolarityConfig
                0x080076a0                TIM_OC4PolarityConfig
                0x080076b8                TIM_CCxCmd
                0x080076d8                TIM_CCxNCmd
                0x080076f8                TIM_SelectOCxM
                0x08007750                TIM_UpdateDisableConfig
                0x0800776c                TIM_UpdateRequestConfig
                0x08007788                TIM_SelectHallSensor
                0x080077a4                TIM_SelectOnePulseMode
                0x080077bc                TIM_SelectOutputTrigger
                0x080077d4                TIM_SelectSlaveMode
                0x080077ec                TIM_SelectMasterSlaveMode
                0x08007804                TIM_SetCounter
                0x08007808                TIM_SetAutoreload
                0x0800780c                TIM_SetCompare1
                0x08007810                TIM_SetCompare2
                0x08007814                TIM_SetCompare3
                0x08007818                TIM_SetCompare4
                0x08007820                TIM_SetIC1Prescaler
                0x08007838                TIM_SetIC2Prescaler
                0x08007854                TIM_SetIC3Prescaler
                0x0800786c                TIM_SetIC4Prescaler
                0x08007888                TIM_SetClockDivision
                0x0800789c                TIM_GetCapture1
                0x080078a4                TIM_GetCapture2
                0x080078ac                TIM_GetCapture3
                0x080078b4                TIM_GetCapture4
                0x080078bc                TIM_GetCounter
                0x080078c4                TIM_GetPrescaler
                0x080078cc                TIM_GetFlagStatus
                0x080078d8                TIM_ClearFlag
                0x080078e0                TIM_GetITStatus
                0x080078f8                TIM_ClearITPendingBit
 .text          0x08007900      0x3e8 ../../src/STM/Libraries/STM32F10x_StdPeriph_Driver/src/stm32f10x_usart.o
                0x08007900                USART_DeInit
                0x080079bc                USART_Init
                0x08007a68                USART_StructInit
                0x08007a80                USART_ClockInit
                0x08007ab0                USART_ClockStructInit
                0x08007abc                USART_Cmd
                0x08007ad8                USART_ITConfig
                0x08007b14                USART_DMACmd
                0x08007b28                USART_SetAddress
                0x08007b40                USART_WakeUpConfig
                0x08007b58                USART_ReceiverWakeUpCmd
                0x08007b74                USART_LINBreakDetectLengthConfig
                0x08007b8c                USART_LINCmd
                0x08007ba8                USART_SendData
                0x08007bb0                USART_ReceiveData
                0x08007bb8                USART_SendBreak
                0x08007bc4                USART_SetGuardTime
                0x08007bdc                USART_SetPrescaler
                0x08007bf0                USART_SmartCardCmd
                0x08007c0c                USART_SmartCardNACKCmd
                0x08007c28                USART_HalfDuplexCmd
                0x08007c44                USART_IrDAConfig
                0x08007c5c                USART_IrDACmd
                0x08007c78                USART_GetFlagStatus
                0x08007c84                USART_ClearFlag
                0x08007c8c                USART_GetITStatus
                0x08007cd8                USART_ClearITPendingBit
 .text          0x08007ce8       0xa0 ../../src/STM/Libraries/STM32F10x_StdPeriph_Driver/src/stm32f10x_wwdg.o
                0x08007ce8                WWDG_DeInit
                0x08007d04                WWDG_SetPrescaler
                0x08007d1c                WWDG_SetWindowValue
                0x08007d38                WWDG_EnableIT
                0x08007d48                WWDG_SetCounter
                0x08007d58                WWDG_Enable
                0x08007d68                WWDG_GetFlagStatus
                0x08007d78                WWDG_ClearFlag
 .text          0x08007d88      0x9a4 ../../src/STM/Libraries/STM32_USB-FS-Device_Driver/src/usb_core.o
                0x08007d88                Standard_GetConfiguration
                0x08007db0                Standard_GetInterface
                0x08007dd8                Standard_GetStatus
                0x08007f1c                Standard_SetConfiguration
                0x08007f5c                Standard_SetInterface
                0x08007fac                Standard_ClearFeature
                0x08008094                Standard_SetEndPointFeature
                0x0800811c                Standard_SetDeviceFeature
                0x08008148                Standard_GetDescriptorData
                0x08008164                Post0_Process
                0x080081ac                Out0_Process
                0x08008278                Setup0_Process
                0x0800861c                SetDeviceAddress
                0x080086c8                In0_Process
                0x08008728                NOP_Process
 .text          0x0800872c       0xec ../../src/STM/Libraries/STM32_USB-FS-Device_Driver/src/usb_init.o
                0x0800872c                USB_SetDeviceConfiguration
                0x080087cc                USB_Init
 .text          0x08008818      0x224 ../../src/STM/Libraries/STM32_USB-FS-Device_Driver/src/usb_int.o
                0x08008818                CTR_LP
                0x080089b4                CTR_HP
 .text          0x08008a3c       0xb4 ../../src/STM/Libraries/STM32_USB-FS-Device_Driver/src/usb_mem.o
                0x08008a3c                UserToPMABufferCopy
                0x08008aa4                PMAToUserBufferCopy
 .text          0x08008af0      0x888 ../../src/STM/Libraries/STM32_USB-FS-Device_Driver/src/usb_regs.o
                0x08008af0                SetCNTR
                0x08008afc                GetCNTR
                0x08008b0c                SetISTR
                0x08008b18                GetISTR
                0x08008b28                GetFNR
                0x08008b38                SetDADDR
                0x08008b44                GetDADDR
                0x08008b54                SetBTABLE
                0x08008b68                GetBTABLE
                0x08008b78                SetENDPOINT
                0x08008b88                GetENDPOINT
                0x08008b98                SetEPType
                0x08008bb4                GetEPType
                0x08008bc8                SetEPTxStatus
                0x08008bfc                SetEPRxStatus
                0x08008c30                SetDouBleBuffEPStall
                0x08008c58                GetEPTxStatus
                0x08008c6c                GetEPRxStatus
                0x08008c80                SetEPTxValid
                0x08008c9c                SetEPRxValid
                0x08008cb8                SetEP_KIND
                0x08008cd4                ClearEP_KIND
                0x08008cec                Clear_Status_Out
                0x08008d04                Set_Status_Out
                0x08008d20                SetEPDoubleBuff
                0x08008d3c                ClearEPDoubleBuff
                0x08008d54                GetTxStallStatus
                0x08008d74                GetRxStallStatus
                0x08008d94                ClearEP_CTR_RX
                0x08008dac                ClearEP_CTR_TX
                0x08008dc4                ToggleDTOG_RX
                0x08008de0                ToggleDTOG_TX
                0x08008dfc                ClearDTOG_RX
                0x08008e20                ClearDTOG_TX
                0x08008e44                SetEPAddress
                0x08008e60                GetEPAddress
                0x08008e74                SetEPTxAddr
                0x08008e9c                SetEPRxAddr
                0x08008ec8                GetEPTxAddr
                0x08008ee8                GetEPRxAddr
                0x08008f0c                SetEPTxCount
                0x08008f30                SetEPCountRxReg
                0x08008f58                SetEPRxCount
                0x08008fa0                GetEPTxCount
                0x08008fc8                GetEPRxCount
                0x08008ff0                SetEPDblBuffAddr
                0x0800903c                SetEPDblBuf0Addr
                0x08009064                SetEPDblBuf1Addr
                0x08009090                GetEPDblBuf0Addr
                0x080090b0                GetEPDblBuf1Addr
                0x080090d4                SetEPDblBuffCount
                0x0800919c                SetEPDblBuf0Count
                0x08009210                SetEPDblBuf1Count
                0x08009284                GetEPDblBuf0Count
                0x080092ac                GetEPDblBuf1Count
                0x080092d4                GetEPDblBufDir
                0x08009320                FreeUserBuffer
                0x08009364                ToWord
                0x0800936c                ByteSwap
 .text          0x08009378        0x0 ../../src/CRYPT/AES/aes.o
 .text          0x08009378      0x3f8 ../../src/CRYPT/SHA1/sha1.o
                0x08009378                ch
                0x08009384                maj
                0x08009394                parity
                0x0800939c                sha1_init
                0x080093dc                sha1_nextBlock
                0x080095a0                sha1_lastBlock
                0x080096c4                sha1_ctx2hash
                0x080096e4                sha1
 .text          0x08009770      0x2dc ../../src/CRYPT/SHA1/hmac-sha1.o
                0x08009770                hmac_sha1_init
                0x08009854                hmac_sha1_nextBlock
                0x08009858                hmac_sha1_lastBlock
                0x080098d4                hmac_sha1_final
                0x080098f8                hmac_sha1
 .text          0x08009a4c      0x558 ../../src/CRYPT/hotp.o
                0x08009a4c                endian_swap
                0x08009a54                dynamic_truncate
                0x08009a80                write_data_to_flash
                0x08009b0c                get_hotp_value
                0x08009b88                get_counter_value
                0x08009bc4                set_counter_value
                0x08009bfc                increment_counter_page
                0x08009d50                get_code_from_hotp_slot
                0x08009dfc                backup_data
                0x08009e44                write_to_slot
                0x08009eb4                check_backups
                0x08009f2c                get_hotp_slot_config
                0x08009f44                get_totp_slot_config
                0x08009f60                get_code_from_totp_slot
 .text          0x08009fa4      0x34c ../../src/KEYBOARD/keyboard.o
                0x08009fa4                sendKeys
                0x08009fe4                sendEnter
                0x0800a008                sendChar
                0x0800a06c                sendNumber
                0x0800a194                sendNumberN
                0x0800a2ac                sendString
 .text          0x0800a2f0      0x3f8 ../../src/KEYBOARD/report_protocol.o
                0x0800a2f0                cmd_get_status
                0x0800a334                cmd_get_password_retry_count
                0x0800a344                cmd_write_to_slot
                0x0800a3c8                cmd_read_slot_name
                0x0800a420                cmd_read_slot
                0x0800a424                cmd_get_code
                0x0800a4bc                cmd_write_config
                0x0800a4e8                cmd_erase_slot
                0x0800a540                cmd_first_authenticate
                0x0800a59c                cmd_authorize
                0x0800a5d8                parse_report
 .text          0x0800a6e8       0x2c ../../src/USB/usb_endp.o
                0x0800a6e8                EP1_IN_Callback
                0x0800a6ec                EP2_OUT_Callback
                0x0800a6f0                EP2_IN_Callback
                0x0800a6f4                XEP3_IN_Callback
                0x0800a704                EP4_IN_Callback
 .text          0x0800a714       0xd0 ../../src/USB/usb_bot.o
                0x0800a714                Mass_Storage_In
                0x0800a718                Mass_Storage_Out
                0x0800a71c                CBW_Decode
                0x0800a720                Transfer_Data_Request
                0x0800a75c                Set_CSW
                0x0800a7a4                Bot_Abort
 .text          0x0800a7e4      0x160 ../../src/USB/usb_pwr.o
                0x0800a7e4                PowerOn
                0x0800a818                PowerOff
                0x0800a840                Suspend
                0x0800a860                Resume_Init
                0x0800a884                Resume
                0x0800a928                USB_Start
 .text          0x0800a944      0x114 ../../src/USB/usb_istr.o
                0x0800a944                USB_Istr
 .text          0x0800aa58        0x0 /home/jan/bin/gcc-arm-none-eabi-4_6-2012q4/bin/../lib/gcc/arm-none-eabi/4.6.2/../../../../arm-none-eabi/lib/armv7-m/libc.a(lib_a-memcmp.o)
 .text          0x0800aa58        0x0 /home/jan/bin/gcc-arm-none-eabi-4_6-2012q4/bin/../lib/gcc/arm-none-eabi/4.6.2/../../../../arm-none-eabi/lib/armv7-m/libc.a(lib_a-memcpy.o)
 .text          0x0800aa58        0x0 /home/jan/bin/gcc-arm-none-eabi-4_6-2012q4/bin/../lib/gcc/arm-none-eabi/4.6.2/../../../../arm-none-eabi/lib/armv7-m/libc.a(lib_a-memmove.o)
 .text          0x0800aa58        0x0 /home/jan/bin/gcc-arm-none-eabi-4_6-2012q4/bin/../lib/gcc/arm-none-eabi/4.6.2/../../../../arm-none-eabi/lib/armv7-m/libc.a(lib_a-memset.o)
 .text          0x0800aa58       0x1c /home/jan/bin/gcc-arm-none-eabi-4_6-2012q4/bin/../lib/gcc/arm-none-eabi/4.6.2/../../../../arm-none-eabi/lib/armv7-m/libc.a(lib_a-setjmp.o)
                0x0800aa58                setjmp
                0x0800aa64                longjmp
 .text          0x0800aa74        0x0 /home/jan/bin/gcc-arm-none-eabi-4_6-2012q4/bin/../lib/gcc/arm-none-eabi/4.6.2/../../../../arm-none-eabi/lib/armv7-m/libc.a(lib_a-strcpy.o)
 .text          0x0800aa74        0x0 /home/jan/bin/gcc-arm-none-eabi-4_6-2012q4/bin/../lib/gcc/arm-none-eabi/4.6.2/../../../../arm-none-eabi/lib/armv7-m/libc.a(lib_a-strlen.o)
 *(.text.*)
 .text.startup  0x0800aa74      0x22c ../../src/main.o
                0x0800aa74                main
 .text.memcmp   0x0800aca0       0x60 /home/jan/bin/gcc-arm-none-eabi-4_6-2012q4/bin/../lib/gcc/arm-none-eabi/4.6.2/../../../../arm-none-eabi/lib/armv7-m/libc.a(lib_a-memcmp.o)
                0x0800aca0                memcmp
 .text.memcpy   0x0800ad00       0x84 /home/jan/bin/gcc-arm-none-eabi-4_6-2012q4/bin/../lib/gcc/arm-none-eabi/4.6.2/../../../../arm-none-eabi/lib/armv7-m/libc.a(lib_a-memcpy.o)
                0x0800ad00                memcpy
 .text.memmove  0x0800ad84       0xb0 /home/jan/bin/gcc-arm-none-eabi-4_6-2012q4/bin/../lib/gcc/arm-none-eabi/4.6.2/../../../../arm-none-eabi/lib/armv7-m/libc.a(lib_a-memmove.o)
                0x0800ad84                memmove
 .text.memset   0x0800ae34       0x90 /home/jan/bin/gcc-arm-none-eabi-4_6-2012q4/bin/../lib/gcc/arm-none-eabi/4.6.2/../../../../arm-none-eabi/lib/armv7-m/libc.a(lib_a-memset.o)
                0x0800ae34                memset
 .text.strcpy   0x0800aec4       0xbc /home/jan/bin/gcc-arm-none-eabi-4_6-2012q4/bin/../lib/gcc/arm-none-eabi/4.6.2/../../../../arm-none-eabi/lib/armv7-m/libc.a(lib_a-strcpy.o)
                0x0800aec4                strcpy
 .text.strlen   0x0800af80       0x60 /home/jan/bin/gcc-arm-none-eabi-4_6-2012q4/bin/../lib/gcc/arm-none-eabi/4.6.2/../../../../arm-none-eabi/lib/armv7-m/libc.a(lib_a-strlen.o)
                0x0800af80                strlen
 *(.rodata)
 .rodata        0x0800afe0       0x80 ../../src/CCID/Ifd_protocol.o
                0x0800afe0                Dmul64vsDI
                0x0800b020                FvsFI
 .rodata        0x0800b060       0x8c ../../src/CCID/CcidLocalAccess.o
 .rodata        0x0800b0ec       0x98 ../../src/CCID/SMARTCARD/smartcard.o
                0x0800b16c                CHV1
                0x0800b174                IMSI
                0x0800b178                ICCID
                0x0800b17c                GSMDir
                0x0800b180                MasterRoot
 .rodata        0x0800b184      0x140 ../../src/CCID/CCIDHID_USB/CCIDHID_usb_desc.o
                0x0800b184                CCID_StringInterface
                0x0800b194                CCID_StringProduct
                0x0800b1b8                CCID_StringVendor
                0x0800b1ec                CCID_StringLangID
                0x0800b1f0                Keyboard_ReportDescriptor
                0x0800b238                CCID_ConfigDescriptor
                0x0800b2b0                CCID_DeviceDescriptor
 .rodata        0x0800b2c4       0xa8 ../../src/SD_DISK/SD_USB/usb_desc.o
                0x0800b2c4                MASS_StringInterface
                0x0800b2e4                MASS_StringProduct
                0x0800b31c                MASS_StringVendor
                0x0800b334                MASS_StringLangID
                0x0800b338                MASS_ConfigDescriptor
                0x0800b358                MASS_DeviceDescriptor
 .rodata        0x0800b36c       0x14 ../../src/STM/Libraries/CMSIS/Core/CM3/system_stm32f10x.o
                0x0800b36c                SystemFrequency_APB2Clk
                0x0800b370                SystemFrequency_APB1Clk
                0x0800b374                SystemFrequency_AHBClk
                0x0800b378                SystemFrequency_SysClk
                0x0800b37c                SystemFrequency
 .rodata        0x0800b380        0x8 ../../src/STM/Libraries/STM32F10x_StdPeriph_Driver/src/stm32f10x_can.o
 .rodata        0x0800b388       0x20 ../../src/CRYPT/SHA1/sha1.o
 *(.rodata*)
 .rodata.str1.4
                0x0800b3a8       0x13 ../../src/CCID/Ifd_protocol.o
                                 0x14 (size before relaxing)
 *fill*         0x0800b3bb        0x1 00
 .rodata.str1.4
                0x0800b3bc        0x8 ../../src/CCID/CcidLocalAccess.o
 *(.glue_7)
 .glue_7        0x00000000        0x0 linker stubs
 *(.glue_7t)
 .glue_7t       0x00000000        0x0 linker stubs
                0x0800b3c4                . = ALIGN (0x4)
                0x0800b3c4                _etext = .
                0x0800b3c4                _sidata = _etext

.vfp11_veneer   0x0800b3c4        0x0
 .vfp11_veneer  0x00000000        0x0 linker stubs

.v4_bx          0x0800b3c4        0x0
 .v4_bx         0x00000000        0x0 linker stubs

.data           0x20000000      0x260 load address 0x0800b3c4
                0x20000000                . = ALIGN (0x4)
                0x20000000                _sdata = .
 *(.data)
 .data          0x20000000        0x8 ../../src/main.o
                0x20000000                nFlagSendSMCardInserted
                0x20000004                nGlobalStickState
 .data          0x20000008        0x0 ../../src/hw_config.o
 .data          0x20000008        0x0 ../../src/test_code.o
 .data          0x20000008        0x0 ../../src/memory_ops.o
 .data          0x20000008        0x0 ../../src/CCID/Ccid_usb.o
 .data          0x20000008        0x0 ../../src/CCID/Ifd_protocol.o
 .data          0x20000008        0x0 ../../src/CCID/Crd.o
 .data          0x20000008        0x0 ../../src/CCID/Ifd_ccid.o
 .data          0x20000008        0x0 ../../src/CCID/CcidLocalAccess.o
 .data          0x20000008        0x8 ../../src/CCID/SMARTCARD/smartcard.o
 .data          0x20000010       0xa0 ../../src/CCID/CCIDHID_USB/CCIDHID_usb_prop.o
                0x20000010                Keyboard_Hid_Descriptor
                0x20000018                Keyboard_Report_Descriptor
                0x20000020                CCID_String_Descriptor
                0x20000048                CCID_Config_Descriptor
                0x20000050                CCID_Device_Descriptor
                0x20000058                CCID_User_Standard_Requests
                0x2000007c                CCID_Device_Property
                0x200000ac                CCID_Device_Table
 .data          0x200000b0       0x34 ../../src/CCID/CCIDHID_USB/CCIDHID_usb_desc.o
                0x200000b0                CCID_StringSerial
 .data          0x200000e4       0x34 ../../src/SD_DISK/SD_USB/usb_desc.o
                0x200000e4                MASS_StringSerial
 .data          0x20000118       0xb8 ../../src/SD_DISK/SD_USB/usb_prop.o
                0x20000118                String_Descriptor
                0x2000012c                Config_Descriptor
                0x20000130                Device_Descriptor
                0x20000134                Device_Property
                0x20000138                User_Standard_Requests
                0x2000013c                Device_Table
                0x20000140                MASS_String_Descriptor
                0x20000168                MASS_Config_Descriptor
                0x20000170                MASS_Device_Descriptor
                0x20000178                MASS_User_Standard_Requests
                0x2000019c                MASS_Device_Property
                0x200001cc                MASS_Device_Table
 .data          0x200001d0        0x0 ../../src/STM/stm32f10x_systick.o
 .data          0x200001d0        0x0 ../../src/STM/stm32f10x_it.o
 .data          0x200001d0        0x0 ../../src/STM/Libraries/CMSIS/Core/CM3/core_cm3.o
 .data          0x200001d0        0x0 ../../src/STM/Libraries/CMSIS/Core/CM3/system_stm32f10x.o
 .data          0x200001d0        0x0 ../../src/STM/Libraries/CMSIS/Core/CM3/startup/gcc/startup_stm32f10x_hd.o
 .data          0x200001d0        0x0 ../../src/STM/Libraries/STM32F10x_StdPeriph_Driver/src/misc.o
 .data          0x200001d0        0x0 ../../src/STM/Libraries/STM32F10x_StdPeriph_Driver/src/stm32f10x_adc.o
 .data          0x200001d0        0x0 ../../src/STM/Libraries/STM32F10x_StdPeriph_Driver/src/stm32f10x_bkp.o
 .data          0x200001d0        0x0 ../../src/STM/Libraries/STM32F10x_StdPeriph_Driver/src/stm32f10x_can.o
 .data          0x200001d0        0x0 ../../src/STM/Libraries/STM32F10x_StdPeriph_Driver/src/stm32f10x_crc.o
 .data          0x200001d0        0x0 ../../src/STM/Libraries/STM32F10x_StdPeriph_Driver/src/stm32f10x_dac.o
 .data          0x200001d0        0x0 ../../src/STM/Libraries/STM32F10x_StdPeriph_Driver/src/stm32f10x_dbgmcu.o
 .data          0x200001d0        0x0 ../../src/STM/Libraries/STM32F10x_StdPeriph_Driver/src/stm32f10x_dma.o
 .data          0x200001d0        0x0 ../../src/STM/Libraries/STM32F10x_StdPeriph_Driver/src/stm32f10x_exti.o
 .data          0x200001d0        0x0 ../../src/STM/Libraries/STM32F10x_StdPeriph_Driver/src/stm32f10x_flash.o
 .data          0x200001d0        0x0 ../../src/STM/Libraries/STM32F10x_StdPeriph_Driver/src/stm32f10x_fsmc.o
 .data          0x200001d0        0x0 ../../src/STM/Libraries/STM32F10x_StdPeriph_Driver/src/stm32f10x_gpio.o
 .data          0x200001d0        0x0 ../../src/STM/Libraries/STM32F10x_StdPeriph_Driver/src/stm32f10x_i2c.o
 .data          0x200001d0        0x0 ../../src/STM/Libraries/STM32F10x_StdPeriph_Driver/src/stm32f10x_iwdg.o
 .data          0x200001d0        0x0 ../../src/STM/Libraries/STM32F10x_StdPeriph_Driver/src/stm32f10x_pwr.o
 .data          0x200001d0       0x14 ../../src/STM/Libraries/STM32F10x_StdPeriph_Driver/src/stm32f10x_rcc.o
 .data          0x200001e4        0x0 ../../src/STM/Libraries/STM32F10x_StdPeriph_Driver/src/stm32f10x_rtc.o
 .data          0x200001e4        0x0 ../../src/STM/Libraries/STM32F10x_StdPeriph_Driver/src/stm32f10x_sdio.o
 .data          0x200001e4        0x0 ../../src/STM/Libraries/STM32F10x_StdPeriph_Driver/src/stm32f10x_spi.o
 .data          0x200001e4        0x0 ../../src/STM/Libraries/STM32F10x_StdPeriph_Driver/src/stm32f10x_tim.o
 .data          0x200001e4        0x0 ../../src/STM/Libraries/STM32F10x_StdPeriph_Driver/src/stm32f10x_usart.o
 .data          0x200001e4        0x0 ../../src/STM/Libraries/STM32F10x_StdPeriph_Driver/src/stm32f10x_wwdg.o
 .data          0x200001e4        0x0 ../../src/STM/Libraries/STM32_USB-FS-Device_Driver/src/usb_core.o
 .data          0x200001e4        0x0 ../../src/STM/Libraries/STM32_USB-FS-Device_Driver/src/usb_init.o
 .data          0x200001e4        0x0 ../../src/STM/Libraries/STM32_USB-FS-Device_Driver/src/usb_int.o
 .data          0x200001e4        0x0 ../../src/STM/Libraries/STM32_USB-FS-Device_Driver/src/usb_mem.o
 .data          0x200001e4        0x0 ../../src/STM/Libraries/STM32_USB-FS-Device_Driver/src/usb_regs.o
 .data          0x200001e4        0x0 ../../src/CRYPT/AES/aes.o
 .data          0x200001e4        0x0 ../../src/CRYPT/SHA1/sha1.o
 .data          0x200001e4        0x0 ../../src/CRYPT/SHA1/hmac-sha1.o
 .data          0x200001e4       0x38 ../../src/CRYPT/hotp.o
                0x200001e4                hotp_slots
                0x200001ec                hotp_slot_counters
                0x200001f4                totp_slots
                0x20000204                totp_slot_offsets
                0x20000214                hotp_slot_offsets
 .data          0x2000021c        0x1 ../../src/KEYBOARD/keyboard.o
                0x2000021c                PrevXferComplete
 *fill*         0x2000021d        0x3 00
 .data          0x20000220        0x4 ../../src/KEYBOARD/report_protocol.o
                0x20000220                authorized_crc
 .data          0x20000224        0x0 ../../src/USB/usb_endp.o
 .data          0x20000224        0x0 ../../src/USB/usb_bot.o
 .data          0x20000224        0x1 ../../src/USB/usb_pwr.o
                0x20000224                fSuspendEnabled
 *fill*         0x20000225        0x3 00
 .data          0x20000228       0x38 ../../src/USB/usb_istr.o
                0x20000228                pEpInt_OUT
                0x20000244                pEpInt_IN
 .data          0x20000260        0x0 /home/jan/bin/gcc-arm-none-eabi-4_6-2012q4/bin/../lib/gcc/arm-none-eabi/4.6.2/../../../../arm-none-eabi/lib/armv7-m/libc.a(lib_a-memcmp.o)
 .data          0x20000260        0x0 /home/jan/bin/gcc-arm-none-eabi-4_6-2012q4/bin/../lib/gcc/arm-none-eabi/4.6.2/../../../../arm-none-eabi/lib/armv7-m/libc.a(lib_a-memcpy.o)
 .data          0x20000260        0x0 /home/jan/bin/gcc-arm-none-eabi-4_6-2012q4/bin/../lib/gcc/arm-none-eabi/4.6.2/../../../../arm-none-eabi/lib/armv7-m/libc.a(lib_a-memmove.o)
 .data          0x20000260        0x0 /home/jan/bin/gcc-arm-none-eabi-4_6-2012q4/bin/../lib/gcc/arm-none-eabi/4.6.2/../../../../arm-none-eabi/lib/armv7-m/libc.a(lib_a-memset.o)
 .data          0x20000260        0x0 /home/jan/bin/gcc-arm-none-eabi-4_6-2012q4/bin/../lib/gcc/arm-none-eabi/4.6.2/../../../../arm-none-eabi/lib/armv7-m/libc.a(lib_a-setjmp.o)
 .data          0x20000260        0x0 /home/jan/bin/gcc-arm-none-eabi-4_6-2012q4/bin/../lib/gcc/arm-none-eabi/4.6.2/../../../../arm-none-eabi/lib/armv7-m/libc.a(lib_a-strcpy.o)
 .data          0x20000260        0x0 /home/jan/bin/gcc-arm-none-eabi-4_6-2012q4/bin/../lib/gcc/arm-none-eabi/4.6.2/../../../../arm-none-eabi/lib/armv7-m/libc.a(lib_a-strlen.o)
 *(.data.*)
                0x20000260                . = ALIGN (0x4)
                0x20000260                _edata = .

.bss            0x20000260      0xb40 load address 0x0800b628
                0x20000260                . = ALIGN (0x4)
                0x20000260                _sbss = .
 *(.bss)
 .bss           0x20000260       0x10 ../../src/main.o
                0x20000264                device_status
                0x20000268                currentTime
 .bss           0x20000270       0x10 ../../src/hw_config.o
                0x20000270                blinkOATHLEDTimes
                0x20000274                cardSerial
                0x20000278                lastOATHBlinkTime
 .bss           0x20000280        0x0 ../../src/test_code.o
 .bss           0x20000280        0x0 ../../src/memory_ops.o
 .bss           0x20000280       0x14 ../../src/CCID/Ccid_usb.o
                0x20000290                SlotStabilizationDelay
 .bss           0x20000294       0x18 ../../src/CCID/Ifd_protocol.o
 .bss           0x200002ac        0x0 ../../src/CCID/Crd.o
 .bss           0x200002ac        0x0 ../../src/CCID/Ifd_ccid.o
 .bss           0x200002ac      0x20c ../../src/CCID/CcidLocalAccess.o
 .bss           0x200004b8       0x20 ../../src/CCID/SMARTCARD/smartcard.o
                0x200004b9                SC_ATR_Length
                0x200004bc                IMSI_Content
                0x200004c8                ICCID_Content
                0x200004d4                CHV1Status
 .bss           0x200004d8       0x38 ../../src/CCID/CCIDHID_USB/CCIDHID_usb_prop.o
                0x200004d8                Request
                0x200004d9                RequestType
                0x200004da                lastLEDState
                0x200004e0                lastNumLockChange
                0x200004e8                numLockClicked
                0x200004f0                lastCapsLockChange
                0x200004f8                capsLockClicked
                0x20000500                lastScrollLockChange
                0x20000508                scrollLockClicked
 .bss           0x20000510        0x0 ../../src/CCID/CCIDHID_USB/CCIDHID_usb_desc.o
 .bss           0x20000510        0x0 ../../src/SD_DISK/SD_USB/usb_desc.o
 .bss           0x20000510        0x4 ../../src/SD_DISK/SD_USB/usb_prop.o
                0x20000510                Max_Lun
 .bss           0x20000514        0x0 ../../src/STM/stm32f10x_systick.o
 .bss           0x20000514        0x4 ../../src/STM/stm32f10x_it.o
                0x20000514                TimingDelay
 .bss           0x20000518        0x0 ../../src/STM/Libraries/CMSIS/Core/CM3/core_cm3.o
 .bss           0x20000518        0x0 ../../src/STM/Libraries/CMSIS/Core/CM3/system_stm32f10x.o
 .bss           0x20000518        0x0 ../../src/STM/Libraries/CMSIS/Core/CM3/startup/gcc/startup_stm32f10x_hd.o
 .bss           0x20000518        0x0 ../../src/STM/Libraries/STM32F10x_StdPeriph_Driver/src/misc.o
 .bss           0x20000518        0x0 ../../src/STM/Libraries/STM32F10x_StdPeriph_Driver/src/stm32f10x_adc.o
 .bss           0x20000518        0x0 ../../src/STM/Libraries/STM32F10x_StdPeriph_Driver/src/stm32f10x_bkp.o
 .bss           0x20000518        0x0 ../../src/STM/Libraries/STM32F10x_StdPeriph_Driver/src/stm32f10x_can.o
 .bss           0x20000518        0x0 ../../src/STM/Libraries/STM32F10x_StdPeriph_Driver/src/stm32f10x_crc.o
 .bss           0x20000518        0x0 ../../src/STM/Libraries/STM32F10x_StdPeriph_Driver/src/stm32f10x_dac.o
 .bss           0x20000518        0x0 ../../src/STM/Libraries/STM32F10x_StdPeriph_Driver/src/stm32f10x_dbgmcu.o
 .bss           0x20000518        0x0 ../../src/STM/Libraries/STM32F10x_StdPeriph_Driver/src/stm32f10x_dma.o
 .bss           0x20000518        0x0 ../../src/STM/Libraries/STM32F10x_StdPeriph_Driver/src/stm32f10x_exti.o
 .bss           0x20000518        0x0 ../../src/STM/Libraries/STM32F10x_StdPeriph_Driver/src/stm32f10x_flash.o
 .bss           0x20000518        0x0 ../../src/STM/Libraries/STM32F10x_StdPeriph_Driver/src/stm32f10x_fsmc.o
 .bss           0x20000518        0x0 ../../src/STM/Libraries/STM32F10x_StdPeriph_Driver/src/stm32f10x_gpio.o
 .bss           0x20000518        0x0 ../../src/STM/Libraries/STM32F10x_StdPeriph_Driver/src/stm32f10x_i2c.o
 .bss           0x20000518        0x0 ../../src/STM/Libraries/STM32F10x_StdPeriph_Driver/src/stm32f10x_iwdg.o
 .bss           0x20000518        0x0 ../../src/STM/Libraries/STM32F10x_StdPeriph_Driver/src/stm32f10x_pwr.o
 .bss           0x20000518        0x0 ../../src/STM/Libraries/STM32F10x_StdPeriph_Driver/src/stm32f10x_rcc.o
 .bss           0x20000518        0x0 ../../src/STM/Libraries/STM32F10x_StdPeriph_Driver/src/stm32f10x_rtc.o
 .bss           0x20000518        0x0 ../../src/STM/Libraries/STM32F10x_StdPeriph_Driver/src/stm32f10x_sdio.o
 .bss           0x20000518        0x0 ../../src/STM/Libraries/STM32F10x_StdPeriph_Driver/src/stm32f10x_spi.o
 .bss           0x20000518        0x0 ../../src/STM/Libraries/STM32F10x_StdPeriph_Driver/src/stm32f10x_tim.o
 .bss           0x20000518        0x0 ../../src/STM/Libraries/STM32F10x_StdPeriph_Driver/src/stm32f10x_usart.o
 .bss           0x20000518        0x0 ../../src/STM/Libraries/STM32F10x_StdPeriph_Driver/src/stm32f10x_wwdg.o
 .bss           0x20000518        0x1 ../../src/STM/Libraries/STM32_USB-FS-Device_Driver/src/usb_core.o
                0x20000518                Data_Mul_MaxPacketSize
 .bss           0x20000519        0x0 ../../src/STM/Libraries/STM32_USB-FS-Device_Driver/src/usb_init.o
 .bss           0x20000519        0x0 ../../src/STM/Libraries/STM32_USB-FS-Device_Driver/src/usb_int.o
 .bss           0x20000519        0x0 ../../src/STM/Libraries/STM32_USB-FS-Device_Driver/src/usb_mem.o
 .bss           0x20000519        0x0 ../../src/STM/Libraries/STM32_USB-FS-Device_Driver/src/usb_regs.o
 .bss           0x20000519        0x0 ../../src/CRYPT/AES/aes.o
 .bss           0x20000519        0x0 ../../src/CRYPT/SHA1/sha1.o
 .bss           0x20000519        0x0 ../../src/CRYPT/SHA1/hmac-sha1.o
 .bss           0x20000519        0x0 ../../src/CRYPT/hotp.o
 *fill*         0x20000519        0x3 00
 .bss           0x2000051c        0x8 ../../src/KEYBOARD/keyboard.o
                0x2000051c                keyboardBuffer
 .bss           0x20000524        0x1 ../../src/KEYBOARD/report_protocol.o
                0x20000524                tmp_password_set
 .bss           0x20000525        0x0 ../../src/USB/usb_endp.o
 .bss           0x20000525        0x0 ../../src/USB/usb_bot.o
 *fill*         0x20000525        0x3 00
 .bss           0x20000528        0x4 ../../src/USB/usb_pwr.o
                0x20000528                bDeviceState
 .bss           0x2000052c        0x1 ../../src/USB/usb_istr.o
                0x2000052c                bIntPackSOF
 .bss           0x2000052d        0x0 /home/jan/bin/gcc-arm-none-eabi-4_6-2012q4/bin/../lib/gcc/arm-none-eabi/4.6.2/../../../../arm-none-eabi/lib/armv7-m/libc.a(lib_a-memcmp.o)
 .bss           0x2000052d        0x0 /home/jan/bin/gcc-arm-none-eabi-4_6-2012q4/bin/../lib/gcc/arm-none-eabi/4.6.2/../../../../arm-none-eabi/lib/armv7-m/libc.a(lib_a-memcpy.o)
 .bss           0x2000052d        0x0 /home/jan/bin/gcc-arm-none-eabi-4_6-2012q4/bin/../lib/gcc/arm-none-eabi/4.6.2/../../../../arm-none-eabi/lib/armv7-m/libc.a(lib_a-memmove.o)
 .bss           0x2000052d        0x0 /home/jan/bin/gcc-arm-none-eabi-4_6-2012q4/bin/../lib/gcc/arm-none-eabi/4.6.2/../../../../arm-none-eabi/lib/armv7-m/libc.a(lib_a-memset.o)
 .bss           0x2000052d        0x0 /home/jan/bin/gcc-arm-none-eabi-4_6-2012q4/bin/../lib/gcc/arm-none-eabi/4.6.2/../../../../arm-none-eabi/lib/armv7-m/libc.a(lib_a-setjmp.o)
 .bss           0x2000052d        0x0 /home/jan/bin/gcc-arm-none-eabi-4_6-2012q4/bin/../lib/gcc/arm-none-eabi/4.6.2/../../../../arm-none-eabi/lib/armv7-m/libc.a(lib_a-strcpy.o)
 .bss           0x2000052d        0x0 /home/jan/bin/gcc-arm-none-eabi-4_6-2012q4/bin/../lib/gcc/arm-none-eabi/4.6.2/../../../../arm-none-eabi/lib/armv7-m/libc.a(lib_a-strlen.o)
 *(COMMON)
 *fill*         0x2000052d        0x3 00
 COMMON         0x20000530       0x5c ../../src/main.o
                0x20000530                jmpRestartUSB
 COMMON         0x2000058c      0x16a ../../src/CCID/Ccid_usb.o
                0x2000058c                UsbIntMessageBuffer
                0x20000590                UsbMessageFlags
                0x20000594                UsbMessageBuffer
                0x200006f4                AbortSequenceNumber
                0x200006f5                BulkStatus
 *fill*         0x200006f6        0x2 00
 COMMON         0x200006f8       0x14 ../../src/CCID/Crd.o
                0x200006f8                InstructionByte
                0x200006f9                CrdFlags
                0x200006fc                CrdBufferSize
                0x20000700                ProcedureByte
                0x20000704                pCrdBuffer
                0x20000708                CrdNbData
 COMMON         0x2000070c       0x6e ../../src/CCID/SMARTCARD/smartcard.o
                0x2000070c                SC_ATR_Table
                0x20000734                SC_A2R
                0x20000764                SC_Responce
 *fill*         0x2000077a        0x2 00
 COMMON         0x2000077c      0x160 ../../src/CCID/CCIDHID_USB/CCIDHID_usb_prop.o
                0x2000077c                HID_SetReport_Value
                0x200007bc                ProtocolValue
                0x200007c0                message
                0x20000800                CCID_Device_Info
                0x2000081c                HID_GetReport_Value
                0x2000085c                HID_GetReport_Value_tmp
                0x2000089c                HID_SetReport_Value_tmp
 COMMON         0x200008dc       0x1c ../../src/SD_DISK/SD_USB/usb_prop.o
                0x200008dc                MASS_Device_Info
 COMMON         0x200008f8        0x2 ../../src/STM/Libraries/STM32_USB-FS-Device_Driver/src/usb_core.o
                0x200008f8                StatusInfo
 *fill*         0x200008fa        0x2 00
 COMMON         0x200008fc       0x1a ../../src/STM/Libraries/STM32_USB-FS-Device_Driver/src/usb_init.o
                0x200008fc                SaveState
                0x20000900                pProperty
                0x20000904                EPindex
                0x20000908                Device_Info
                0x2000090c                pUser_Standard_Requests
                0x20000910                pInformation
                0x20000914                wInterrupt_Mask
 COMMON         0x20000916        0x4 ../../src/STM/Libraries/STM32_USB-FS-Device_Driver/src/usb_int.o
                0x20000916                SaveRState
                0x20000918                SaveTState
 *fill*         0x2000091a        0x2 00
 COMMON         0x2000091c      0x3e8 ../../src/CRYPT/hotp.o
                0x2000091c                page_buffer
 COMMON         0x20000d04       0x19 ../../src/KEYBOARD/report_protocol.o
                0x20000d04                temp_password
 *fill*         0x20000d1d        0x3 00
 COMMON         0x20000d20       0x7c ../../src/USB/usb_bot.o